Archive member included to satisfy reference by file (symbol)

app/libapp.a(main.c.obj)      (--whole-archive)
zephyr/libzephyr.a(validate_libc.c.obj)
                              (--whole-archive)
zephyr/libzephyr.a(heap.c.obj)
                              (--whole-archive)
zephyr/libzephyr.a(cbprintf_packaged.c.obj)
                              (--whole-archive)
zephyr/libzephyr.a(clock.c.obj)
                              (--whole-archive)
zephyr/libzephyr.a(printk.c.obj)
                              (--whole-archive)
zephyr/libzephyr.a(sem.c.obj)
                              (--whole-archive)
zephyr/libzephyr.a(thread_entry.c.obj)
                              (--whole-archive)
zephyr/libzephyr.a(cbprintf_complete.c.obj)
                              (--whole-archive)
zephyr/libzephyr.a(assert.c.obj)
                              (--whole-archive)
zephyr/libzephyr.a(dec.c.obj)
                              (--whole-archive)
zephyr/libzephyr.a(hex.c.obj)
                              (--whole-archive)
zephyr/libzephyr.a(rb.c.obj)  (--whole-archive)
zephyr/libzephyr.a(set.c.obj)
                              (--whole-archive)
zephyr/libzephyr.a(timeutil.c.obj)
                              (--whole-archive)
zephyr/libzephyr.a(bitarray.c.obj)
                              (--whole-archive)
zephyr/libzephyr.a(bitmask.c.obj)
                              (--whole-archive)
zephyr/libzephyr.a(getopt.c.obj)
                              (--whole-archive)
zephyr/libzephyr.a(getopt_common.c.obj)
                              (--whole-archive)
zephyr/libzephyr.a(onoff.c.obj)
                              (--whole-archive)
zephyr/libzephyr.a(notify.c.obj)
                              (--whole-archive)
zephyr/libzephyr.a(ring_buffer.c.obj)
                              (--whole-archive)
zephyr/libzephyr.a(last_section_id.c.obj)
                              (--whole-archive)
zephyr/libzephyr.a(configs.c.obj)
                              (--whole-archive)
zephyr/libzephyr.a(thread_info.c.obj)
                              (--whole-archive)
zephyr/libzephyr.a(mem_attr.c.obj)
                              (--whole-archive)
zephyr/libzephyr.a(tracing_none.c.obj)
                              (--whole-archive)
zephyr/libzephyr.a(cdc_acm_serial.c.obj)
                              (--whole-archive)
zephyr/libzephyr.a(banner.c.obj)
                              (--whole-archive)
zephyr/libzephyr.a(nrf_cc3xx_platform_abort_zephyr.c.obj)
                              (--whole-archive)
zephyr/libzephyr.a(nrf_cc3xx_platform_mutex_zephyr.c.obj)
                              (--whole-archive)
zephyr/arch/common/libarch__common.a(sw_isr_common.c.obj)
                              (--whole-archive)
zephyr/arch/common/libarch__common.a(init.c.obj)
                              (--whole-archive)
zephyr/arch/common/libarch__common.a(xip.c.obj)
                              (--whole-archive)
zephyr/arch/arch/arm/core/libarch__arm__core.a(fatal.c.obj)
                              (--whole-archive)
zephyr/arch/arch/arm/core/libarch__arm__core.a(nmi.c.obj)
                              (--whole-archive)
zephyr/arch/arch/arm/core/libarch__arm__core.a(nmi_on_reset.S.obj)
                              (--whole-archive)
zephyr/arch/arch/arm/core/libarch__arm__core.a(tls.c.obj)
                              (--whole-archive)
zephyr/arch/arch/arm/core/cortex_m/libarch__arm__core__cortex_m.a(fault.c.obj)
                              (--whole-archive)
zephyr/arch/arch/arm/core/cortex_m/libarch__arm__core__cortex_m.a(fault_s.S.obj)
                              (--whole-archive)
zephyr/arch/arch/arm/core/cortex_m/libarch__arm__core__cortex_m.a(fpu.c.obj)
                              (--whole-archive)
zephyr/arch/arch/arm/core/cortex_m/libarch__arm__core__cortex_m.a(reset.S.obj)
                              (--whole-archive)
zephyr/arch/arch/arm/core/cortex_m/libarch__arm__core__cortex_m.a(scb.c.obj)
                              (--whole-archive)
zephyr/arch/arch/arm/core/cortex_m/libarch__arm__core__cortex_m.a(vector_table.S.obj)
                              (--whole-archive)
zephyr/arch/arch/arm/core/cortex_m/libarch__arm__core__cortex_m.a(svc.S.obj)
                              (--whole-archive)
zephyr/arch/arch/arm/core/cortex_m/libarch__arm__core__cortex_m.a(irq_manage.c.obj)
                              (--whole-archive)
zephyr/arch/arch/arm/core/cortex_m/libarch__arm__core__cortex_m.a(prep_c.c.obj)
                              (--whole-archive)
zephyr/arch/arch/arm/core/cortex_m/libarch__arm__core__cortex_m.a(thread.c.obj)
                              (--whole-archive)
zephyr/arch/arch/arm/core/cortex_m/libarch__arm__core__cortex_m.a(cpu_idle.c.obj)
                              (--whole-archive)
zephyr/arch/arch/arm/core/cortex_m/libarch__arm__core__cortex_m.a(exc_exit.c.obj)
                              (--whole-archive)
zephyr/arch/arch/arm/core/cortex_m/libarch__arm__core__cortex_m.a(thread_abort.c.obj)
[...]
Memory Configuration

Name             Origin             Length             Attributes
FLASH            0x00010000         0x00073e80         xr
RAM              0x20000000         0x00070000         xw
IDT_LIST         0xffff7fff         0x00008000         xw
*default*        0x00000000         0xffffffff

Linker script and memory map

                0x00017da8                        vfprintf = __d_vfprintf
                0x00000000                        vfscanf = __d_vfscanf
LOAD zephyr/CMakeFiles/zephyr_pre0.dir/misc/empty_file.c.obj
LOAD zephyr/CMakeFiles/offsets.dir/./arch/arm/core/offsets/offsets.c.obj
LOAD app/libapp.a
LOAD zephyr/libzephyr.a
LOAD zephyr/arch/common/libarch__common.a
LOAD zephyr/arch/arch/arm/core/libarch__arm__core.a
LOAD zephyr/arch/arch/arm/core/cortex_m/libarch__arm__core__cortex_m.a
LOAD zephyr/arch/arch/arm/core/cortex_m/cmse/libarch__arm__core__cortex_m__cmse.a
LOAD zephyr/arch/arch/arm/core/mpu/libarch__arm__core__mpu.a
LOAD zephyr/lib/libc/picolibc/liblib__libc__picolibc.a
LOAD zephyr/lib/libc/common/liblib__libc__common.a
LOAD zephyr/lib/posix/c_lib_ext/liblib__posix__c_lib_ext.a
LOAD zephyr/lib/net_buf/liblib__net_buf.a
LOAD zephyr/soc/soc/nrf5340/libsoc__nordic.a
LOAD zephyr/boards/nordic/thingy53/libboards__nordic__thingy53.a
LOAD zephyr/subsys/usb/device_next/libsubsys__usb__device_next.a
LOAD zephyr/drivers/usb/udc/libdrivers__usb__udc.a
LOAD zephyr/drivers/usb/common/buf/libdrivers__usb__common__buf.a
LOAD zephyr/drivers/usb/common/nrf_usbd_common/libdrivers__usb__common__nrf_usbd_common.a
LOAD zephyr/drivers/clock_control/libdrivers__clock_control.a
LOAD zephyr/drivers/console/libdrivers__console.a
LOAD zephyr/drivers/gpio/libdrivers__gpio.a
LOAD zephyr/drivers/hwinfo/libdrivers__hwinfo.a
LOAD zephyr/drivers/i2c/libdrivers__i2c.a
LOAD zephyr/drivers/pinctrl/libdrivers__pinctrl.a
LOAD zephyr/drivers/regulator/libdrivers__regulator.a
LOAD zephyr/drivers/serial/libdrivers__serial.a
LOAD zephyr/drivers/spi/libdrivers__spi.a
LOAD zephyr/drivers/timer/libdrivers__timer.a
LOAD modules/nrf/drivers/hw_cc3xx/lib..__nrf__drivers__hw_cc3xx.a
LOAD modules/hal_nordic/modules/hal_nordic/nrfx/libnrfx.a
LOAD zephyr/kernel/libkernel.a
LOAD zephyr/arch/common/libisr_tables.a
LOAD C:/ncs/v3.4.0/nrfxlib/crypto/nrf_cc312_platform/lib/cortex-m33/soft-float/no-interrupts/libnrf_cc312_platform_0.9.22.a
LOAD C:/ncs/toolchains/dcbdc366a1/opt/zephyr-sdk/gnu/arm-zephyr-eabi/bin/../lib/gcc/arm-zephyr-eabi/14.3.0/../../../../arm-zephyr-eabi/lib/thumb/v8-m.main/nofp/space\libc.a
LOAD C:/ncs/toolchains/dcbdc366a1/opt/zephyr-sdk/gnu/arm-zephyr-eabi/bin/../lib/gcc/arm-zephyr-eabi/14.3.0/thumb/v8-m.main/nofp/space\libgcc.a
                0x00000020                        _region_min_align = 0x20

.rel.plt        0x00010000        0x0
 *(SORT_BY_ALIGNMENT(.rel.plt))
                [!provide]                        PROVIDE (__rel_iplt_start = .)
 *(SORT_BY_ALIGNMENT(.rel.iplt))
 .rel.iplt      0x00010000        0x0 app/libapp.a(main.c.obj)
                [!provide]                        PROVIDE (__rel_iplt_end = .)

.rela.plt       0x00000000        0x0
 *(SORT_BY_ALIGNMENT(.rela.plt))
                [!provide]                        PROVIDE (__rela_iplt_start = .)
 *(SORT_BY_ALIGNMENT(.rela.iplt))
                [!provide]                        PROVIDE (__rela_iplt_end = .)

.rel.dyn
 *(SORT_BY_ALIGNMENT(.rel.*))

.rela.dyn
 *(SORT_BY_ALIGNMENT(.rela.*))

/DISCARD/
 *(SORT_BY_ALIGNMENT(.plt))

/DISCARD/
 *(SORT_BY_ALIGNMENT(.iplt))
                0x00010000                        __rom_region_start = 0x10000

rom_start       0x00010000      0x354
                0x00010000                        __rom_start_address = .
 FILL mask 0x00
                0x00010200                        . = (. + (0x200 - (. - __rom_start_address)))
 *fill*         0x00010000      0x200 00
                0x00010200                        . = ALIGN (0x4)
                0x00010200                        . = ALIGN (0x80)
                0x00010200                        . = ALIGN (0x200)
                0x00010200                        _vector_start = .
 *(SORT_BY_ALIGNMENT(.exc_vector_table))
 *(SORT_BY_ALIGNMENT(.exc_vector_table.*))
 .exc_vector_table._vector_table_section
                0x00010200       0x40 zephyr/arch/arch/arm/core/cortex_m/libarch__arm__core__cortex_m.a(vector_table.S.obj)
                0x00010200                _vector_table
 *(SORT_BY_ALIGNMENT(.vectors))
                0x00010354                        _vector_end = .
                0x00010240                        . = ALIGN (0x4)
 *(SORT_BY_ALIGNMENT(.gnu.linkonce.irq_vector_table*))
 .gnu.linkonce.irq_vector_table
                0x00010240      0x114 zephyr/arch/common/libisr_tables.a(isr_tables.c.obj)
                0x00010240                _irq_vector_table
                0x00010354                        _vector_end = .

text            0x00010354     0xd58c
                0x00010354                        __text_region_start = .
 *(SORT_BY_ALIGNMENT(.text))
 .text          0x00010354       0x30 C:/ncs/toolchains/dcbdc366a1/opt/zephyr-sdk/gnu/arm-zephyr-eabi/bin/../lib/gcc/arm-zephyr-eabi/14.3.0/thumb/v8-m.main/nofp/space\libgcc.a(_aeabi_uldivmod.o)
                0x00010354                __aeabi_uldivmod
 .text          0x00010384        0x4 C:/ncs/toolchains/dcbdc366a1/opt/zephyr-sdk/gnu/arm-zephyr-eabi/bin/../lib/gcc/arm-zephyr-eabi/14.3.0/thumb/v8-m.main/nofp/space\libgcc.a(_dvmd_tls.o)
                0x00010384                __aeabi_idiv0
                0x00010384                __aeabi_ldiv0
 .text          0x00010388       0x14 C:/ncs/toolchains/dcbdc366a1/opt/zephyr-sdk/gnu/arm-zephyr-eabi/bin/../lib/gcc/arm-zephyr-eabi/14.3.0/../../../../arm-zephyr-eabi/lib/thumb/v8-m.main/nofp/space\libc.a(strcmp.S.o)
                0x00010388                strcmp
 .text          0x0001039c      0x2ba C:/ncs/toolchains/dcbdc366a1/opt/zephyr-sdk/gnu/arm-zephyr-eabi/bin/../lib/gcc/arm-zephyr-eabi/14.3.0/thumb/v8-m.main/nofp/space\libgcc.a(_udivmoddi4.o)
                0x0001039c                __udivmoddi4
 *(SORT_BY_ALIGNMENT(.text.*))
 *fill*         0x00010656        0x2 
 .text.i2c_write_dt.constprop.0
                0x00010658       0x30 app/libapp.a(main.c.obj)
 .text.main     0x00010688      0x104 app/libapp.a(main.c.obj)
                0x00010688                main
 .text.char_out
                0x0001078c        0xc zephyr/libzephyr.a(printk.c.obj)
 .text.__printk_hook_install
                0x00010798        0xc zephyr/libzephyr.a(printk.c.obj)
                0x00010798                __printk_hook_install
 .text.vprintk  0x000107a4       0x30 zephyr/libzephyr.a(printk.c.obj)
                0x000107a4                vprintk
 .text.z_thread_entry
                0x000107d4       0x34 zephyr/libzephyr.a(thread_entry.c.obj)
                0x000107d4                z_thread_entry
 .text.process_event
                0x00010808      0x1e8 zephyr/libzephyr.a(onoff.c.obj)
 .text.mem_attr_get_regions
                0x000109f0        0xc zephyr/libzephyr.a(mem_attr.c.obj)
                0x000109f0                mem_attr_get_regions
 .text.cdc_acm_serial_init_device
                0x000109fc       0x8c zephyr/libzephyr.a(cdc_acm_serial.c.obj)
 .text.ncs_boot_banner
                0x00010a88       0x1c zephyr/libzephyr.a(banner.c.obj)
 .text.nrf_cc3xx_platform_abort_init
                0x00010aa4        0xc zephyr/libzephyr.a(nrf_cc3xx_platform_abort_zephyr.c.obj)
                0x00010aa4                nrf_cc3xx_platform_abort_init
 .text.mutex_free_platform
                0x00010ab0       0x54 zephyr/libzephyr.a(nrf_cc3xx_platform_mutex_zephyr.c.obj)
 .text.mutex_lock_platform
                0x00010b04       0x74 zephyr/libzephyr.a(nrf_cc3xx_platform_mutex_zephyr.c.obj)
 .text.mutex_unlock_platform
                0x00010b78       0x68 zephyr/libzephyr.a(nrf_cc3xx_platform_mutex_zephyr.c.obj)
 .text.mutex_init_platform
                0x00010be0       0x94 zephyr/libzephyr.a(nrf_cc3xx_platform_mutex_zephyr.c.obj)
 .text.nrf_cc3xx_platform_mutex_init
                0x00010c74       0x2c zephyr/libzephyr.a(nrf_cc3xx_platform_mutex_zephyr.c.obj)
                0x00010c74                nrf_cc3xx_platform_mutex_init
 .text.arch_bss_zero
                0x00010ca0       0x18 zephyr/arch/common/libarch__common.a(init.c.obj)
                0x00010ca0                arch_bss_zero
 .text.arch_data_copy
                0x00010cb8       0x38 zephyr/arch/common/libarch__common.a(xip.c.obj)
                0x00010cb8                arch_data_copy
 .text.z_arm_fatal_error
                0x00010cf0       0x60 zephyr/arch/arch/arm/core/libarch__arm__core.a(fatal.c.obj)
                0x00010cf0                z_arm_fatal_error
 .text.z_SysNmiOnReset
                0x00010d50        0x8 zephyr/arch/arch/arm/core/libarch__arm__core.a(nmi_on_reset.S.obj)
                0x00010d50                z_SysNmiOnReset
 .text.arch_tls_stack_setup
                0x00010d58       0x40 zephyr/arch/arch/arm/core/libarch__arm__core.a(tls.c.obj)
                0x00010d58                arch_tls_stack_setup
 .text.usage_fault.isra.0
                0x00010d98       0xa8 zephyr/arch/arch/arm/core/cortex_m/libarch__arm__core__cortex_m.a(fault.c.obj)
 .text.bus_fault.isra.0
                0x00010e40       0xb8 zephyr/arch/arch/arm/core/cortex_m/libarch__arm__core__cortex_m.a(fault.c.obj)
 .text.mem_manage_fault.isra.0
                0x00010ef8       0xbc zephyr/arch/arch/arm/core/cortex_m/libarch__arm__core__cortex_m.a(fault.c.obj)
 .text.z_arm_fault
                0x00010fb4      0x1a8 zephyr/arch/arch/arm/core/cortex_m/libarch__arm__core__cortex_m.a(fault.c.obj)
                0x00010fb4                z_arm_fault
 .text.z_arm_fault_init
                0x0001115c       0x20 zephyr/arch/arch/arm/core/cortex_m/libarch__arm__core__cortex_m.a(fault.c.obj)
                0x0001115c                z_arm_fault_init
 .text.__fault  0x0001117c       0x14 zephyr/arch/arch/arm/core/cortex_m/libarch__arm__core__cortex_m.a(fault_s.S.obj)
                0x0001117c                z_arm_usage_fault
                0x0001117c                z_arm_mpu_fault
                0x0001117c                z_arm_exc_spurious
                0x0001117c                z_arm_debug_monitor
                0x0001117c                z_arm_hard_fault
                0x0001117c                z_arm_bus_fault
 .text._reset_section
                0x00011190       0x68 zephyr/arch/arch/arm/core/cortex_m/libarch__arm__core__cortex_m.a(reset.S.obj)
                0x00011190                __start
                0x00011190                z_arm_reset
 .text.z_arm_clear_arm_mpu_config
                0x000111f8       0x24 zephyr/arch/arch/arm/core/cortex_m/libarch__arm__core__cortex_m.a(scb.c.obj)
                0x000111f8                z_arm_clear_arm_mpu_config
 .text.z_arm_init_arch_hw_at_boot
                0x0001121c       0x4c zephyr/arch/arch/arm/core/cortex_m/libarch__arm__core__cortex_m.a(scb.c.obj)
                0x0001121c                z_arm_init_arch_hw_at_boot
 .text.z_arm_svc
                0x00011268       0x24 zephyr/arch/arch/arm/core/cortex_m/libarch__arm__core__cortex_m.a(svc.S.obj)
                0x00011268                z_arm_svc
 .text.arm_irq_enable
                0x0001128c       0x1c zephyr/arch/arch/arm/core/cortex_m/libarch__arm__core__cortex_m.a(irq_manage.c.obj)
                0x0001128c                arm_irq_enable
 .text.arm_irq_disable
                0x000112a8       0x28 zephyr/arch/arch/arm/core/cortex_m/libarch__arm__core__cortex_m.a(irq_manage.c.obj)
                0x000112a8                arm_irq_disable
 .text.arm_irq_is_enabled
                0x000112d0       0x1c zephyr/arch/arch/arm/core/cortex_m/libarch__arm__core__cortex_m.a(irq_manage.c.obj)
                0x000112d0                arm_irq_is_enabled
 .text.arm_irq_priority_set
                0x000112ec       0x2c zephyr/arch/arch/arm/core/cortex_m/libarch__arm__core__cortex_m.a(irq_manage.c.obj)
                0x000112ec                arm_irq_priority_set
 .text.relocate_vector_table
                0x00011318       0x1c zephyr/arch/arch/arm/core/cortex_m/libarch__arm__core__cortex_m.a(prep_c.c.obj)
                0x00011318                relocate_vector_table
 .text.z_prep_c
                0x00011334       0x28 zephyr/arch/arch/arm/core/cortex_m/libarch__arm__core__cortex_m.a(prep_c.c.obj)
                0x00011334                z_prep_c
 .text.arch_new_thread
                0x0001135c       0x38 zephyr/arch/arch/arm/core/cortex_m/libarch__arm__core__cortex_m.a(thread.c.obj)
                0x0001135c                arch_new_thread
 .text.arch_switch_to_main_thread
                0x00011394       0x44 zephyr/arch/arch/arm/core/cortex_m/libarch__arm__core__cortex_m.a(thread.c.obj)
                0x00011394                arch_switch_to_main_thread
 .text.z_arm_cpu_idle_init
                0x000113d8        0xc zephyr/arch/arch/arm/core/cortex_m/libarch__arm__core__cortex_m.a(cpu_idle.c.obj)
                0x000113d8                z_arm_cpu_idle_init
 .text._HandlerModeExit
                0x000113e4       0x20 zephyr/arch/arch/arm/core/cortex_m/libarch__arm__core__cortex_m.a(exc_exit.c.obj)
                0x000113e4                z_arm_int_exit
                0x000113e4                z_arm_exc_exit
 .text.z_impl_k_thread_abort
                0x00011404       0x2c zephyr/arch/arch/arm/core/cortex_m/libarch__arm__core__cortex_m.a(thread_abort.c.obj)
                0x00011404                z_impl_k_thread_abort
 .text.z_arm_pendsv
                0x00011430       0x68 zephyr/arch/arch/arm/core/cortex_m/libarch__arm__core__cortex_m.a(swap_helper.S.obj)
                0x00011430                z_arm_pendsv
 .text.z_arm_interrupt_init
                0x00011498       0x18 zephyr/arch/arch/arm/core/cortex_m/libarch__arm__core__cortex_m.a(irq_init.c.obj)
                0x00011498                z_arm_interrupt_init
 .text._isr_wrapper
                0x000114b0       0x24 zephyr/arch/arch/arm/core/cortex_m/libarch__arm__core__cortex_m.a(isr_wrapper.c.obj)
                0x000114b0                _isr_wrapper
 .text.__aeabi_read_tp
                0x000114d4        0xc zephyr/arch/arch/arm/core/cortex_m/libarch__arm__core__cortex_m.a(__aeabi_read_tp.S.obj)
                0x000114d4                __aeabi_read_tp
 .text.z_arm_configure_static_mpu_regions
                0x000114e0       0x3c zephyr/arch/arch/arm/core/mpu/libarch__arm__core__mpu.a(arm_core_mpu.c.obj)
                0x000114e0                z_arm_configure_static_mpu_regions
 .text.region_init
                0x0001151c       0x30 zephyr/arch/arch/arm/core/mpu/libarch__arm__core__mpu.a(arm_mpu.c.obj)
 .text.region_allocate_and_init
                0x0001154c       0x24 zephyr/arch/arch/arm/core/mpu/libarch__arm__core__mpu.a(arm_mpu.c.obj)
 .text.mpu_configure_regions_and_partition.constprop.0
                0x00011570      0x140 zephyr/arch/arch/arm/core/mpu/libarch__arm__core__mpu.a(arm_mpu.c.obj)
 .text.arm_core_mpu_enable
                0x000116b0       0x18 zephyr/arch/arch/arm/core/mpu/libarch__arm__core__mpu.a(arm_mpu.c.obj)
                0x000116b0                arm_core_mpu_enable
 .text.arm_core_mpu_disable
                0x000116c8       0x14 zephyr/arch/arch/arm/core/mpu/libarch__arm__core__mpu.a(arm_mpu.c.obj)
                0x000116c8                arm_core_mpu_disable
 .text.arm_core_mpu_configure_static_mpu_regions
                0x000116dc       0x14 zephyr/arch/arch/arm/core/mpu/libarch__arm__core__mpu.a(arm_mpu.c.obj)
                0x000116dc                arm_core_mpu_configure_static_mpu_regions
 .text.arm_core_mpu_mark_areas_for_dynamic_regions
                0x000116f0       0xb8 zephyr/arch/arch/arm/core/mpu/libarch__arm__core__mpu.a(arm_mpu.c.obj)
                0x000116f0                arm_core_mpu_mark_areas_for_dynamic_regions
 .text.z_arm_mpu_init
                0x000117a8      0x164 zephyr/arch/arch/arm/core/mpu/libarch__arm__core__mpu.a(arm_mpu.c.obj)
                0x000117a8                z_arm_mpu_init
 .text.z_impl_zephyr_fputc
                0x0001190c       0x10 zephyr/lib/libc/picolibc/liblib__libc__picolibc.a(stdio.c.obj)
                0x0001190c                z_impl_zephyr_fputc
 .text.__stdout_hook_install
                0x0001191c       0x18 zephyr/lib/libc/picolibc/liblib__libc__picolibc.a(stdio.c.obj)
                0x0001191c                __stdout_hook_install
 .text.malloc_prepare
                0x00011934       0x24 zephyr/lib/libc/common/liblib__libc__common.a(malloc.c.obj)
 .text.net_buf_destroy
                0x00011958       0x38 zephyr/lib/net_buf/liblib__net_buf.a(buf.c.obj)
 .text.net_buf_pool_get
                0x00011990       0x10 zephyr/lib/net_buf/liblib__net_buf.a(buf.c.obj)
                0x00011990                net_buf_pool_get
 .text.net_buf_alloc_len
                0x000119a0       0xfc zephyr/lib/net_buf/liblib__net_buf.a(buf.c.obj)
                0x000119a0                net_buf_alloc_len
 .text.net_buf_unref
                0x00011a9c       0x3c zephyr/lib/net_buf/liblib__net_buf.a(buf.c.obj)
                0x00011a9c                net_buf_unref
 .text.nrf53_anomaly_160_check
                0x00011ad8       0x64 zephyr/soc/soc/nrf5340/libsoc__nordic.a(soc.c.obj)
 .text.nrf_gpio_pin_control_select.constprop.0
                0x00011b3c       0x1c zephyr/soc/soc/nrf5340/libsoc__nordic.a(soc.c.obj)
 .text.soc_early_init_hook
                0x00011b58       0x3c zephyr/soc/soc/nrf5340/libsoc__nordic.a(soc.c.obj)
                0x00011b58                soc_early_init_hook
 .text.soc_late_init_hook
                0x00011b94       0x4c zephyr/soc/soc/nrf5340/libsoc__nordic.a(soc.c.obj)
                0x00011b94                soc_late_init_hook
 .text.arch_busy_wait
                0x00011be0       0x24 zephyr/soc/soc/nrf5340/libsoc__nordic.a(soc.c.obj)
                0x00011be0                arch_busy_wait
 .text.assign_pins
                0x00011c04       0x54 zephyr/soc/soc/nrf5340/libsoc__nordic.a(nrf53_cpunet_mgmt.c.obj)
 .text.nrf53_cpunet_enable.part.0
                0x00011c58       0x28 zephyr/soc/soc/nrf5340/libsoc__nordic.a(nrf53_cpunet_mgmt.c.obj)
 .text.nrf53_cpunet_mgmt_init
                0x00011c80       0x10 zephyr/soc/soc/nrf5340/libsoc__nordic.a(nrf53_cpunet_mgmt.c.obj)
                0x00011c80                nrf53_cpunet_mgmt_init
 .text.nrf53_cpunet_init
                0x00011c90       0x10 zephyr/soc/soc/nrf5340/libsoc__nordic.a(nrf53_cpunet_mgmt.c.obj)
                0x00011c90                nrf53_cpunet_init
 .text.gppi_init
                0x00011ca0       0x1c zephyr/soc/soc/nrf5340/libsoc__nordic.a(gppi_init.c.obj)
 .text.nonstd_request
                0x00011cbc       0xac zephyr/subsys/usb/device_next/libsubsys__usb__device_next.a(usbd_ch9.c.obj)
 .text.usbd_handle_ctrl_xfer
                0x00011d68      0x940 zephyr/subsys/usb/device_next/libsubsys__usb__device_next.a(usbd_ch9.c.obj)
                0x00011d68                usbd_handle_ctrl_xfer
 .text.usbd_event_carrier
                0x000126a8       0x48 zephyr/subsys/usb/device_next/libsubsys__usb__device_next.a(usbd_core.c.obj)
 .text.usbd_thread
                0x000126f0      0x180 zephyr/subsys/usb/device_next/libsubsys__usb__device_next.a(usbd_core.c.obj)
 .text.usbd_pre_init
                0x00012870       0x94 zephyr/subsys/usb/device_next/libsubsys__usb__device_next.a(usbd_core.c.obj)
 .text.usbd_device_init_core
                0x00012904       0x30 zephyr/subsys/usb/device_next/libsubsys__usb__device_next.a(usbd_core.c.obj)
                0x00012904                usbd_device_init_core
 .text.usbd_class_node_get.part.0
                0x00012934       0x2c zephyr/subsys/usb/device_next/libsubsys__usb__device_next.a(usbd_class.c.obj)
 .text.msg_work_handler
                0x00012960       0x88 zephyr/subsys/usb/device_next/libsubsys__usb__device_next.a(usbd_msg.c.obj)
 .text.usbd_msg_pub
                0x000129e8       0x6c zephyr/subsys/usb/device_next/libsubsys__usb__device_next.a(usbd_msg.c.obj)
 .text.usbd_cdc_acm_ctd
                0x00012a54       0x60 zephyr/subsys/usb/device_next/libsubsys__usb__device_next.a(usbd_cdc_acm.c.obj)
 .text.usbd_cdc_acm_cth
                0x00012ab4       0x44 zephyr/subsys/usb/device_next/libsubsys__usb__device_next.a(usbd_cdc_acm.c.obj)
 .text.cdc_acm_poll_out
                0x00012af8       0x6c zephyr/subsys/usb/device_next/libsubsys__usb__device_next.a(usbd_cdc_acm.c.obj)
 .text.usbd_cdc_acm_preinit
                0x00012b64       0x4c zephyr/subsys/usb/device_next/libsubsys__usb__device_next.a(usbd_cdc_acm.c.obj)
 .text.udc_ep_buf_alloc
                0x00012bb0       0x30 zephyr/drivers/usb/udc/libdrivers__usb__udc.a(udc_common.c.obj)
                0x00012bb0                udc_ep_buf_alloc
 .text.usbd_ep_amount_get
                0x00012be0       0x38 zephyr/drivers/usb/udc/libdrivers__usb__udc.a(udc_nrf.c.obj)
 .text.usbd_ep_abort
                0x00012c18       0x98 zephyr/drivers/usb/udc/libdrivers__usb__udc.a(udc_nrf.c.obj)
 .text.nrf_usbd_start_transfer
                0x00012cb0       0x74 zephyr/drivers/usb/udc/libdrivers__usb__udc.a(udc_nrf.c.obj)
 .text.nrf_usbd_legacy_ep_stall_clear
                0x00012d24       0x60 zephyr/drivers/usb/udc/libdrivers__usb__udc.a(udc_nrf.c.obj)
 .text.udc_nrf_ep_enable
                0x00012d84       0x60 zephyr/drivers/usb/udc/libdrivers__usb__udc.a(udc_nrf.c.obj)
 .text.udc_nrf_ep_set_halt
                0x00012de4       0x24 zephyr/drivers/usb/udc/libdrivers__usb__udc.a(udc_nrf.c.obj)
 .text.udc_nrf_host_wakeup
                0x00012e08       0x48 zephyr/drivers/usb/udc/libdrivers__usb__udc.a(udc_nrf.c.obj)
 .text.udc_event_xfer_in_next
                0x00012e50       0x6c zephyr/drivers/usb/udc/libdrivers__usb__udc.a(udc_nrf.c.obj)
 .text.udc_event_xfer_out_next
                0x00012ebc       0x6c zephyr/drivers/usb/udc/libdrivers__usb__udc.a(udc_nrf.c.obj)
 .text.udc_nrf_init
                0x00012f28       0x58 zephyr/drivers/usb/udc/libdrivers__usb__udc.a(udc_nrf.c.obj)
 .text.udc_nrf_power_handler
                0x00012f80       0x60 zephyr/drivers/usb/udc/libdrivers__usb__udc.a(udc_nrf.c.obj)
 .text.udc_nrf_enable
                0x00012fe0       0xc0 zephyr/drivers/usb/udc/libdrivers__usb__udc.a(udc_nrf.c.obj)
 .text.udc_nrf_disable
                0x000130a0      0x110 zephyr/drivers/usb/udc/libdrivers__usb__udc.a(udc_nrf.c.obj)
 .text.k_event_post.constprop.0.isra.0
                0x000131b0        0xc zephyr/drivers/usb/udc/libdrivers__usb__udc.a(udc_nrf.c.obj)
 .text.udc_nrf_set_address
                0x000131bc       0x20 zephyr/drivers/usb/udc/libdrivers__usb__udc.a(udc_nrf.c.obj)
 .text.udc_nrf_ep_dequeue
                0x000131dc       0x44 zephyr/drivers/usb/udc/libdrivers__usb__udc.a(udc_nrf.c.obj)
 .text.udc_nrf_driver_init
                0x00013220      0x158 zephyr/drivers/usb/udc/libdrivers__usb__udc.a(udc_nrf.c.obj)
 .text.udc_nrf_ep_enqueue
                0x00013378       0x28 zephyr/drivers/usb/udc/libdrivers__usb__udc.a(udc_nrf.c.obj)
 .text.udc_nrf_ep_clear_halt
                0x000133a0       0x20 zephyr/drivers/usb/udc/libdrivers__usb__udc.a(udc_nrf.c.obj)
 .text.udc_nrf_ep_disable
                0x000133c0       0x60 zephyr/drivers/usb/udc/libdrivers__usb__udc.a(udc_nrf.c.obj)
 .text.nrf_usbd_irq_handler
                0x00013420      0x464 zephyr/drivers/usb/udc/libdrivers__usb__udc.a(udc_nrf.c.obj)
 .text.udc_nrf_thread
                0x00013884      0x36c zephyr/drivers/usb/udc/libdrivers__usb__udc.a(udc_nrf.c.obj)
 .text.onoff_stop
                0x00013bf0       0x30 zephyr/drivers/clock_control/libdrivers__clock_control.a(clock_control_nrf.c.obj)
 .text.onoff_start
                0x00013c20       0x44 zephyr/drivers/clock_control/libdrivers__clock_control.a(clock_control_nrf.c.obj)
 .text.clk_init
                0x00013c64       0x60 zephyr/drivers/clock_control/libdrivers__clock_control.a(clock_control_nrf.c.obj)
 .text.api_blocking_start
                0x00013cc4       0x30 zephyr/drivers/clock_control/libdrivers__clock_control.a(clock_control_nrf.c.obj)
 .text.generic_hfclk_stop
                0x00013cf4       0x34 zephyr/drivers/clock_control/libdrivers__clock_control.a(clock_control_nrf.c.obj)
 .text.clkstarted_handle.constprop.0
                0x00013d28       0x4c zephyr/drivers/clock_control/libdrivers__clock_control.a(clock_control_nrf.c.obj)
 .text.generic_hfclk_start
                0x00013d74       0x78 zephyr/drivers/clock_control/libdrivers__clock_control.a(clock_control_nrf.c.obj)
 .text.clock_event_handler
                0x00013dec       0x34 zephyr/drivers/clock_control/libdrivers__clock_control.a(clock_control_nrf.c.obj)
 .text.z_nrf_clock_control_get_onoff
                0x00013e20       0x10 zephyr/drivers/clock_control/libdrivers__clock_control.a(clock_control_nrf.c.obj)
                0x00013e20                z_nrf_clock_control_get_onoff
 .text.z_nrf_clock_control_lf_on
                0x00013e30       0xfc zephyr/drivers/clock_control/libdrivers__clock_control.a(clock_control_nrf.c.obj)
                0x00013e30                z_nrf_clock_control_lf_on
 .text.uart_console_init
                0x00013f2c       0x28 zephyr/drivers/console/libdrivers__console.a(uart_console.c.obj)
 .text.console_out
                0x00013f54       0x28 zephyr/drivers/console/libdrivers__console.a(uart_console.c.obj)
 .text.gpio_nrfx_pin_configure
                0x00013f7c      0x180 zephyr/drivers/gpio/libdrivers__gpio.a(gpio_nrfx.c.obj)
 .text.nrfx_gpio_handler
                0x000140fc       0x4c zephyr/drivers/gpio/libdrivers__gpio.a(gpio_nrfx.c.obj)
 .text.gpio_nrfx_init
                0x00014148       0x3c zephyr/drivers/gpio/libdrivers__gpio.a(gpio_nrfx.c.obj)
 .text.gpio_nrfx_pin_interrupt_configure
                0x00014184      0x108 zephyr/drivers/gpio/libdrivers__gpio.a(gpio_nrfx.c.obj)
 .text.pre_init0
                0x0001428c       0x20 zephyr/drivers/i2c/libdrivers__i2c.a(i2c_nrfx_twim.c.obj)
 .text.nrf_gpio_pin_port_decode
                0x000142ac       0x24 zephyr/drivers/pinctrl/libdrivers__pinctrl.a(pinctrl_nrf.c.obj)
 .text.pinctrl_configure_pins
                0x000142d0      0x194 zephyr/drivers/pinctrl/libdrivers__pinctrl.a(pinctrl_nrf.c.obj)
                0x000142d0                pinctrl_configure_pins
 .text.regulator_delay
                0x00014464       0x30 zephyr/drivers/regulator/libdrivers__regulator.a(regulator_common.c.obj)
 .text.driver_api_transceive
                0x00014494      0x190 zephyr/drivers/spi/libdrivers__spi.a(spi_nrfx_spim.c.obj)
 .text.resolve_freq
                0x00014624       0x9c zephyr/drivers/spi/libdrivers__spi.a(spi_nrfx_spim_common.c.obj)
                0x00014624                resolve_freq
 .text.spi_nrfx_spim_common_configure
                0x000146c0      0x184 zephyr/drivers/spi/libdrivers__spi.a(spi_nrfx_spim_common.c.obj)
                0x000146c0                spi_nrfx_spim_common_configure
 .text.compare_int_lock
                0x00014844       0x44 zephyr/drivers/timer/libdrivers__timer.a(nrf_rtc_timer.c.obj)
 .text.sys_clock_timeout_handler
                0x00014888       0x58 zephyr/drivers/timer/libdrivers__timer.a(nrf_rtc_timer.c.obj)
 .text.compare_int_unlock
                0x000148e0       0x4c zephyr/drivers/timer/libdrivers__timer.a(nrf_rtc_timer.c.obj)
 .text.z_nrf_rtc_timer_read
                0x0001492c       0x44 zephyr/drivers/timer/libdrivers__timer.a(nrf_rtc_timer.c.obj)
                0x0001492c                z_nrf_rtc_timer_read
 .text.compare_set
                0x00014970      0x124 zephyr/drivers/timer/libdrivers__timer.a(nrf_rtc_timer.c.obj)
 .text.sys_clock_driver_init
                0x00014a94       0x90 zephyr/drivers/timer/libdrivers__timer.a(nrf_rtc_timer.c.obj)
 .text.rtc_nrf_isr
                0x00014b24       0xcc zephyr/drivers/timer/libdrivers__timer.a(nrf_rtc_timer.c.obj)
                0x00014b24                rtc_nrf_isr
 .text.sys_clock_set_timeout
                0x00014bf0       0x5c zephyr/drivers/timer/libdrivers__timer.a(nrf_rtc_timer.c.obj)
                0x00014bf0                sys_clock_set_timeout
 .text.sys_clock_elapsed
                0x00014c4c       0x14 zephyr/drivers/timer/libdrivers__timer.a(nrf_rtc_timer.c.obj)
                0x00014c4c                sys_clock_elapsed
 .text.SystemInit
                0x00014c60      0x1b0 modules/hal_nordic/modules/hal_nordic/nrfx/libnrfx.a(system_nrf5340_application.c.obj)
                0x00014c60                SystemInit
 .text.nrfx_gppi_init
                0x00014e10        0xc modules/hal_nordic/modules/hal_nordic/nrfx/libnrfx.a(nrfx_gppi_dppi.c.obj)
                0x00014e10                nrfx_gppi_init
 .text.nrfx_gppi_domain_conn_alloc
                0x00014e1c       0x1c modules/hal_nordic/modules/hal_nordic/nrfx/libnrfx.a(nrfx_gppi_dppi.c.obj)
                0x00014e1c                nrfx_gppi_domain_conn_alloc
 .text.nrfx_gppi_conn_enable
                0x00014e38       0x10 modules/hal_nordic/modules/hal_nordic/nrfx/libnrfx.a(nrfx_gppi_dppi.c.obj)
                0x00014e38                nrfx_gppi_conn_enable
 .text.hfclk_event_handler
                0x00014e48        0xc modules/hal_nordic/modules/hal_nordic/nrfx/libnrfx.a(nrfx_clock.c.obj)
 .text.lfclk_event_handler
                0x00014e54        0xc modules/hal_nordic/modules/hal_nordic/nrfx/libnrfx.a(nrfx_clock.c.obj)
 .text.hfclk192m_event_handler
                0x00014e60        0xc modules/hal_nordic/modules/hal_nordic/nrfx/libnrfx.a(nrfx_clock.c.obj)
 .text.hfclkaudio_event_handler
                0x00014e6c        0xc modules/hal_nordic/modules/hal_nordic/nrfx/libnrfx.a(nrfx_clock.c.obj)
 .text.nrfx_clock_init
                0x00014e78       0x68 modules/hal_nordic/modules/hal_nordic/nrfx/libnrfx.a(nrfx_clock.c.obj)
                0x00014e78                nrfx_clock_init
 .text.nrfx_clock_enable
                0x00014ee0       0x28 modules/hal_nordic/modules/hal_nordic/nrfx/libnrfx.a(nrfx_clock.c.obj)
                0x00014ee0                nrfx_clock_enable
 .text.nrfx_clock_hfclk_init
                0x00014f08       0x24 modules/hal_nordic/modules/hal_nordic/nrfx/libnrfx.a(nrfx_clock_hfclk.c.obj)
                0x00014f08                nrfx_clock_hfclk_init
 .text.nrfx_clock_hfclk_start
                0x00014f2c       0x38 modules/hal_nordic/modules/hal_nordic/nrfx/libnrfx.a(nrfx_clock_hfclk.c.obj)
                0x00014f2c                nrfx_clock_hfclk_start
 .text.nrfx_clock_hfclk_irq_handler
                0x00014f64       0x30 modules/hal_nordic/modules/hal_nordic/nrfx/libnrfx.a(nrfx_clock_hfclk.c.obj)
                0x00014f64                nrfx_clock_hfclk_irq_handler
 .text.nrfx_clock_hfclkaudio_init
                0x00014f94       0x1c modules/hal_nordic/modules/hal_nordic/nrfx/libnrfx.a(nrfx_clock_hfclkaudio.c.obj)
                0x00014f94                nrfx_clock_hfclkaudio_init
 .text.nrfx_clock_hfclkaudio_start
                0x00014fb0       0x3c modules/hal_nordic/modules/hal_nordic/nrfx/libnrfx.a(nrfx_clock_hfclkaudio.c.obj)
                0x00014fb0                nrfx_clock_hfclkaudio_start
 .text.nrfx_clock_hfclkaudio_irq_handler
                0x00014fec       0x30 modules/hal_nordic/modules/hal_nordic/nrfx/libnrfx.a(nrfx_clock_hfclkaudio.c.obj)
                0x00014fec                nrfx_clock_hfclkaudio_irq_handler
 .text.nrfx_clock_hfclk192m_init
                0x0001501c       0x24 modules/hal_nordic/modules/hal_nordic/nrfx/libnrfx.a(nrfx_clock_hfclk192m.c.obj)
                0x0001501c                nrfx_clock_hfclk192m_init
 .text.nrfx_clock_hfclk192m_start
                0x00015040       0x3c modules/hal_nordic/modules/hal_nordic/nrfx/libnrfx.a(nrfx_clock_hfclk192m.c.obj)
                0x00015040                nrfx_clock_hfclk192m_start
 .text.nrfx_clock_hfclk192m_irq_handler
                0x0001507c       0x30 modules/hal_nordic/modules/hal_nordic/nrfx/libnrfx.a(nrfx_clock_hfclk192m.c.obj)
                0x0001507c                nrfx_clock_hfclk192m_irq_handler
 .text.nrfx_clock_lfclk_init
                0x000150ac       0x24 modules/hal_nordic/modules/hal_nordic/nrfx/libnrfx.a(nrfx_clock_lfclk.c.obj)
                0x000150ac                nrfx_clock_lfclk_init
 .text.nrfx_clock_lfclk_start
                0x000150d0       0x88 modules/hal_nordic/modules/hal_nordic/nrfx/libnrfx.a(nrfx_clock_lfclk.c.obj)
                0x000150d0                nrfx_clock_lfclk_start
 .text.nrfx_clock_lfclk_irq_handler
                0x00015158       0x74 modules/hal_nordic/modules/hal_nordic/nrfx/libnrfx.a(nrfx_clock_lfclk.c.obj)
                0x00015158                nrfx_clock_lfclk_irq_handler
 .text.nrf_gpio_pin_port_decode
                0x000151cc       0x24 modules/hal_nordic/modules/hal_nordic/nrfx/libnrfx.a(nrfx_gpiote.c.obj)
 .text.get_pin_idx
                0x000151f0       0x14 modules/hal_nordic/modules/hal_nordic/nrfx/libnrfx.a(nrfx_gpiote.c.obj)
 .text.latch_pending_read_and_check
                0x00015204       0x38 modules/hal_nordic/modules/hal_nordic/nrfx/libnrfx.a(nrfx_gpiote.c.obj)
 .text.pin_uninit
                0x0001523c       0x78 modules/hal_nordic/modules/hal_nordic/nrfx/libnrfx.a(nrfx_gpiote.c.obj)
 .text.nrfx_gpiote_init
                0x000152b4       0x64 modules/hal_nordic/modules/hal_nordic/nrfx/libnrfx.a(nrfx_gpiote.c.obj)
                0x000152b4                nrfx_gpiote_init
 .text.nrfx_gpiote_channel_free
                0x00015318       0x14 modules/hal_nordic/modules/hal_nordic/nrfx/libnrfx.a(nrfx_gpiote.c.obj)
                0x00015318                nrfx_gpiote_channel_free
 .text.nrfx_gpiote_channel_alloc
                0x0001532c       0x20 modules/hal_nordic/modules/hal_nordic/nrfx/libnrfx.a(nrfx_gpiote.c.obj)
                0x0001532c                nrfx_gpiote_channel_alloc
 .text.nrfx_gpiote_irq_handler
                0x0001534c      0x1c8 modules/hal_nordic/modules/hal_nordic/nrfx/libnrfx.a(nrfx_gpiote.c.obj)
                0x0001534c                nrfx_gpiote_irq_handler
 .text.nrfx_power_init
                0x00015514       0x44 modules/hal_nordic/modules/hal_nordic/nrfx/libnrfx.a(nrfx_power.c.obj)
                0x00015514                nrfx_power_init
 .text.nrfx_power_irq_handler
                0x00015558       0x70 modules/hal_nordic/modules/hal_nordic/nrfx/libnrfx.a(nrfx_power.c.obj)
                0x00015558                nrfx_power_irq_handler
 .text.nrf_gpio_pin_port_decode
                0x000155c8       0x24 modules/hal_nordic/modules/hal_nordic/nrfx/libnrfx.a(nrfx_spim.c.obj)
 .text.spim_abort
                0x000155ec       0x48 modules/hal_nordic/modules/hal_nordic/nrfx/libnrfx.a(nrfx_spim.c.obj)
 .text.pin_init
                0x00015634       0x50 modules/hal_nordic/modules/hal_nordic/nrfx/libnrfx.a(nrfx_spim.c.obj)
 .text.spim_configuration_verify
                0x00015684       0xc8 modules/hal_nordic/modules/hal_nordic/nrfx/libnrfx.a(nrfx_spim.c.obj)
 .text.spim_configure
                0x0001574c      0x200 modules/hal_nordic/modules/hal_nordic/nrfx/libnrfx.a(nrfx_spim.c.obj)
 .text.spim_pin_uninit
                0x0001594c       0x38 modules/hal_nordic/modules/hal_nordic/nrfx/libnrfx.a(nrfx_spim.c.obj)
 .text.nrfx_spim_uninit
                0x00015984       0x70 modules/hal_nordic/modules/hal_nordic/nrfx/libnrfx.a(nrfx_spim.c.obj)
                0x00015984                nrfx_spim_uninit
 .text.nrfx_spim_xfer
                0x000159f4      0x138 modules/hal_nordic/modules/hal_nordic/nrfx/libnrfx.a(nrfx_spim.c.obj)
                0x000159f4                nrfx_spim_xfer
 .text.nrf_gpio_cfg.constprop.0
                0x00015b2c       0x48 modules/hal_nordic/modules/hal_nordic/nrfx/libnrfx.a(nrfx_twim.c.obj)
 .text.nrfx_twim_disable
                0x00015b74       0x2c modules/hal_nordic/modules/hal_nordic/nrfx/libnrfx.a(nrfx_twim.c.obj)
                0x00015b74                nrfx_twim_disable
 .text.nrfx_twim_xfer
                0x00015ba0      0x2b8 modules/hal_nordic/modules/hal_nordic/nrfx/libnrfx.a(nrfx_twim.c.obj)
                0x00015ba0                nrfx_twim_xfer
 .text.nrfx_twim_irq_handler
                0x00015e58      0x16c modules/hal_nordic/modules/hal_nordic/nrfx/libnrfx.a(nrfx_twim.c.obj)
                0x00015e58                nrfx_twim_irq_handler
 .text.nrfx_usbreg_enable
                0x00015fc4       0x10 modules/hal_nordic/modules/hal_nordic/nrfx/libnrfx.a(nrfx_usbreg.c.obj)
                0x00015fc4                nrfx_usbreg_enable
 .text.nrfx_usbreg_disable
                0x00015fd4       0x10 modules/hal_nordic/modules/hal_nordic/nrfx/libnrfx.a(nrfx_usbreg.c.obj)
                0x00015fd4                nrfx_usbreg_disable
 .text.nrfx_usbreg_uninit
                0x00015fe4       0x20 modules/hal_nordic/modules/hal_nordic/nrfx/libnrfx.a(nrfx_usbreg.c.obj)
                0x00015fe4                nrfx_usbreg_uninit
 .text.nrfx_usbreg_init
                0x00016004       0x28 modules/hal_nordic/modules/hal_nordic/nrfx/libnrfx.a(nrfx_usbreg.c.obj)
                0x00016004                nrfx_usbreg_init
 .text.nrfx_usbreg_irq_handler
                0x0001602c       0x50 modules/hal_nordic/modules/hal_nordic/nrfx/libnrfx.a(nrfx_usbreg.c.obj)
                0x0001602c                nrfx_usbreg_irq_handler
 .text.nrf_gpio_pin_port_decode
                0x0001607c       0x24 modules/hal_nordic/modules/hal_nordic/nrfx/libnrfx.a(nrfx_twi_twim.c.obj)
 .text.nrfx_twi_twim_bus_recover
                0x000160a0       0xd4 modules/hal_nordic/modules/hal_nordic/nrfx/libnrfx.a(nrfx_twi_twim.c.obj)
                0x000160a0                nrfx_twi_twim_bus_recover
 .text.z_fatal_error
                0x00016174       0x30 zephyr/kernel/libkernel.a(fatal.c.obj)
                0x00016174                z_fatal_error
 .text.z_sys_init_run_level
                0x000161a4       0x30 zephyr/kernel/libkernel.a(init.c.obj)
 .text.bg_thread_main
                0x000161d4       0xc4 zephyr/kernel/libkernel.a(init.c.obj)
 .text.z_init_cpu
                0x00016298       0x70 zephyr/kernel/libkernel.a(init.c.obj)
                0x00016298                z_init_cpu
 .text.z_cstart
                0x00016308       0xd0 zephyr/kernel/libkernel.a(init.c.obj)
                0x00016308                z_cstart
 .text.statics_init
                0x000163d8       0x24 zephyr/kernel/libkernel.a(kheap.c.obj)
 .text.k_heap_aligned_alloc
                0x000163fc       0x1c zephyr/kernel/libkernel.a(kheap.c.obj)
                0x000163fc                k_heap_aligned_alloc
 .text.init_mem_slab_obj_core_list
                0x00016418       0x28 zephyr/kernel/libkernel.a(mem_slab.c.obj)
 .text.k_mem_slab_alloc
                0x00016440       0x5c zephyr/kernel/libkernel.a(mem_slab.c.obj)
                0x00016440                k_mem_slab_alloc
 .text.put_msg_in_queue
                0x0001649c       0xcc zephyr/kernel/libkernel.a(msg_q.c.obj)
 .text.z_impl_k_msgq_get
                0x00016568       0xc8 zephyr/kernel/libkernel.a(msg_q.c.obj)
                0x00016568                z_impl_k_msgq_get
 .text.z_impl_k_mutex_lock
                0x00016630       0xe4 zephyr/kernel/libkernel.a(mutex.c.obj)
                0x00016630                z_impl_k_mutex_lock
 .text.z_impl_k_mutex_unlock
                0x00016714       0xa0 zephyr/kernel/libkernel.a(mutex.c.obj)
                0x00016714                z_impl_k_mutex_unlock
 .text.z_impl_k_queue_get
                0x000167b4       0x64 zephyr/kernel/libkernel.a(queue.c.obj)
                0x000167b4                z_impl_k_queue_get
 .text.z_impl_k_sem_give
                0x00016818       0x68 zephyr/kernel/libkernel.a(sem.c.obj)
                0x00016818                z_impl_k_sem_give
 .text.z_impl_k_sem_take
                0x00016880       0x4c zephyr/kernel/libkernel.a(sem.c.obj)
                0x00016880                z_impl_k_sem_take
 .text.z_impl_k_sem_reset
                0x000168cc       0x70 zephyr/kernel/libkernel.a(sem.c.obj)
                0x000168cc                z_impl_k_sem_reset
 .text.work_queue_main
                0x0001693c      0x160 zephyr/kernel/libkernel.a(work.c.obj)
 .text.submit_to_queue_locked
                0x00016a9c       0xa4 zephyr/kernel/libkernel.a(work.c.obj)
 .text.k_work_submit
                0x00016b40        0xc zephyr/kernel/libkernel.a(work.c.obj)
                0x00016b40                k_work_submit
 .text.k_work_queue_start
                0x00016b4c       0x80 zephyr/kernel/libkernel.a(work.c.obj)
                0x00016b4c                k_work_queue_start
 .text.k_work_schedule_for_queue
                0x00016bcc       0x54 zephyr/kernel/libkernel.a(work.c.obj)
                0x00016bcc                k_work_schedule_for_queue
 .text.k_work_schedule
                0x00016c20        0xc zephyr/kernel/libkernel.a(work.c.obj)
                0x00016c20                k_work_schedule
 .text.k_work_reschedule_for_queue
                0x00016c2c       0x5c zephyr/kernel/libkernel.a(work.c.obj)
                0x00016c2c                k_work_reschedule_for_queue
 .text.k_work_reschedule
                0x00016c88        0xc zephyr/kernel/libkernel.a(work.c.obj)
                0x00016c88                k_work_reschedule
 .text.z_impl_k_condvar_broadcast
                0x00016c94       0x70 zephyr/kernel/libkernel.a(condvar.c.obj)
                0x00016c94                z_impl_k_condvar_broadcast
 .text.z_impl_k_condvar_wait
                0x00016d04       0x60 zephyr/kernel/libkernel.a(condvar.c.obj)
                0x00016d04                z_impl_k_condvar_wait
 .text.z_impl_k_thread_name_set
                0x00016d64       0x20 zephyr/kernel/libkernel.a(thread.c.obj)
                0x00016d64                z_impl_k_thread_name_set
 .text.z_setup_new_thread
                0x00016d84       0xcc zephyr/kernel/libkernel.a(thread.c.obj)
                0x00016d84                z_setup_new_thread
 .text.z_impl_k_thread_create
                0x00016e50       0x58 zephyr/kernel/libkernel.a(thread.c.obj)
                0x00016e50                z_impl_k_thread_create
 .text.z_dummy_thread_init
                0x00016ea8       0x1c zephyr/kernel/libkernel.a(thread.c.obj)
                0x00016ea8                z_dummy_thread_init
 .text.z_swap_irqlock
                0x00016ec4       0x34 zephyr/kernel/libkernel.a(sched.c.obj)
 .text.ready_thread
                0x00016ef8       0x80 zephyr/kernel/libkernel.a(sched.c.obj)
 .text.unready_thread
                0x00016f78       0x54 zephyr/kernel/libkernel.a(sched.c.obj)
 .text.add_thread_timeout
                0x00016fcc       0x1c zephyr/kernel/libkernel.a(sched.c.obj)
 .text.reschedule.isra.0
                0x00016fe8       0x28 zephyr/kernel/libkernel.a(sched.c.obj)
 .text.move_current_to_end_of_prio_q
                0x00017010       0x6c zephyr/kernel/libkernel.a(sched.c.obj)
                0x00017010                move_current_to_end_of_prio_q
 .text.z_pend_curr
                0x0001707c       0x44 zephyr/kernel/libkernel.a(sched.c.obj)
                0x0001707c                z_pend_curr
 .text.z_thread_prio_set
                0x000170c0       0xd8 zephyr/kernel/libkernel.a(sched.c.obj)
                0x000170c0                z_thread_prio_set
 .text.z_reschedule_irqlock
                0x00017198       0x28 zephyr/kernel/libkernel.a(sched.c.obj)
                0x00017198                z_reschedule_irqlock
 .text.k_sched_lock
                0x000171c0       0x28 zephyr/kernel/libkernel.a(sched.c.obj)
                0x000171c0                k_sched_lock
 .text.k_sched_unlock
                0x000171e8       0x54 zephyr/kernel/libkernel.a(sched.c.obj)
                0x000171e8                k_sched_unlock
 .text.z_sched_init
                0x0001723c       0x10 zephyr/kernel/libkernel.a(sched.c.obj)
                0x0001723c                z_sched_init
 .text.z_impl_k_yield
                0x0001724c       0x84 zephyr/kernel/libkernel.a(sched.c.obj)
                0x0001724c                z_impl_k_yield
 .text.z_tick_sleep
                0x000172d0       0x78 zephyr/kernel/libkernel.a(sched.c.obj)
 .text.z_impl_k_sched_current_thread_query
                0x00017348        0xc zephyr/kernel/libkernel.a(sched.c.obj)
                0x00017348                z_impl_k_sched_current_thread_query
 .text.z_thread_abort
                0x00017354      0x144 zephyr/kernel/libkernel.a(sched.c.obj)
                0x00017354                z_thread_abort
 .text.z_sched_wait
                0x00017498       0x24 zephyr/kernel/libkernel.a(sched.c.obj)
                0x00017498                z_sched_wait
 .text.z_time_slice_size
                0x000174bc       0x40 zephyr/kernel/libkernel.a(timeslicing.c.obj)
 .text.slice_timeout
                0x000174fc       0x20 zephyr/kernel/libkernel.a(timeslicing.c.obj)
 .text.z_reset_time_slice
                0x0001751c       0x44 zephyr/kernel/libkernel.a(timeslicing.c.obj)
                0x0001751c                z_reset_time_slice
 .text.z_time_slice
                0x00017560       0x5c zephyr/kernel/libkernel.a(timeslicing.c.obj)
                0x00017560                z_time_slice
 .text.z_thread_monitor_exit
                0x000175bc       0x3c zephyr/kernel/libkernel.a(thread_monitor.c.obj)
                0x000175bc                z_thread_monitor_exit
 .text.first    0x000175f8       0x10 zephyr/kernel/libkernel.a(timeout.c.obj)
 .text.elapsed  0x00017608       0x14 zephyr/kernel/libkernel.a(timeout.c.obj)
 .text.remove_timeout
                0x0001761c       0x38 zephyr/kernel/libkernel.a(timeout.c.obj)
 .text.z_add_timeout
                0x00017654      0x120 zephyr/kernel/libkernel.a(timeout.c.obj)
                0x00017654                z_add_timeout
 .text.sys_clock_announce_locked
                0x00017774       0xb8 zephyr/kernel/libkernel.a(timeout.c.obj)
                0x00017774                sys_clock_announce_locked
 .text.sys_clock_tick_get
                0x0001782c       0x30 zephyr/kernel/libkernel.a(timeout.c.obj)
                0x0001782c                sys_clock_tick_get
 .text.k_event_post_internal
                0x0001785c       0x4c zephyr/kernel/libkernel.a(events.c.obj)
 .text.z_thread_alloc_helper
                0x000178a8       0x50 zephyr/kernel/libkernel.a(mempool.c.obj)
 .text.z_thread_malloc
                0x000178f8       0x10 zephyr/kernel/libkernel.a(mempool.c.obj)
                0x000178f8                z_thread_malloc
 .text.k_sys_work_q_init
                0x00017908       0x2c zephyr/kernel/libkernel.a(system_work_q.c.obj)
 .text.nrf_cc3xx_platform_init_no_rng
                0x00017934       0x38 C:/ncs/v3.4.0/nrfxlib/crypto/nrf_cc312_platform/lib/cortex-m33/soft-float/no-interrupts/libnrf_cc312_platform_0.9.22.a(nrf_cc3xx_platform.c.obj)
                0x00017934                nrf_cc3xx_platform_init_no_rng
 .text.nrf_cc3xx_platform_abort
                0x0001796c       0x24 C:/ncs/v3.4.0/nrfxlib/crypto/nrf_cc312_platform/lib/cortex-m33/soft-float/no-interrupts/libnrf_cc312_platform_0.9.22.a(nrf_cc3xx_platform_abort.c.obj)
 .text.CC_PalAbort
                0x00017990       0x44 C:/ncs/v3.4.0/nrfxlib/crypto/nrf_cc312_platform/lib/cortex-m33/soft-float/no-interrupts/libnrf_cc312_platform_0.9.22.a(nrf_cc3xx_platform_abort.c.obj)
                0x00017990                CC_PalAbort
 .text.nrf_cc3xx_platform_set_abort
                0x000179d4       0x10 C:/ncs/v3.4.0/nrfxlib/crypto/nrf_cc312_platform/lib/cortex-m33/soft-float/no-interrupts/libnrf_cc312_platform_0.9.22.a(nrf_cc3xx_platform_abort.c.obj)
                0x000179d4                nrf_cc3xx_platform_set_abort
 .text.mutex_free
                0x000179e4       0x34 C:/ncs/v3.4.0/nrfxlib/crypto/nrf_cc312_platform/lib/cortex-m33/soft-float/no-interrupts/libnrf_cc312_platform_0.9.22.a(nrf_cc3xx_platform_mutex.c.obj)
 .text.mutex_lock
                0x00017a18       0x48 C:/ncs/v3.4.0/nrfxlib/crypto/nrf_cc312_platform/lib/cortex-m33/soft-float/no-interrupts/libnrf_cc312_platform_0.9.22.a(nrf_cc3xx_platform_mutex.c.obj)
 .text.mutex_unlock
                0x00017a60       0x38 C:/ncs/v3.4.0/nrfxlib/crypto/nrf_cc312_platform/lib/cortex-m33/soft-float/no-interrupts/libnrf_cc312_platform_0.9.22.a(nrf_cc3xx_platform_mutex.c.obj)
 .text.mutex_init
                0x00017a98       0x20 C:/ncs/v3.4.0/nrfxlib/crypto/nrf_cc312_platform/lib/cortex-m33/soft-float/no-interrupts/libnrf_cc312_platform_0.9.22.a(nrf_cc3xx_platform_mutex.c.obj)
 .text.nrf_cc3xx_platform_set_mutexes
                0x00017ab8       0x78 C:/ncs/v3.4.0/nrfxlib/crypto/nrf_cc312_platform/lib/cortex-m33/soft-float/no-interrupts/libnrf_cc312_platform_0.9.22.a(nrf_cc3xx_platform_mutex.c.obj)
                0x00017ab8                nrf_cc3xx_platform_set_mutexes
 .text.CC_LibInitNoRng
                0x00017b30       0x2c C:/ncs/v3.4.0/nrfxlib/crypto/nrf_cc312_platform/lib/cortex-m33/soft-float/no-interrupts/libnrf_cc312_platform_0.9.22.a(cc_lib.c.obj)
                0x00017b30                CC_LibInitNoRng
 .text.CC_HalInit
                0x00017b5c        0x4 C:/ncs/v3.4.0/nrfxlib/crypto/nrf_cc312_platform/lib/cortex-m33/soft-float/no-interrupts/libnrf_cc312_platform_0.9.22.a(cc_hal.c.obj)
                0x00017b5c                CC_HalInit
 .text.CC_HalTerminate
                0x00017b60        0x4 C:/ncs/v3.4.0/nrfxlib/crypto/nrf_cc312_platform/lib/cortex-m33/soft-float/no-interrupts/libnrf_cc312_platform_0.9.22.a(cc_hal.c.obj)
                0x00017b60                CC_HalTerminate
 .text.CC_PalInit
                0x00017b64       0x74 C:/ncs/v3.4.0/nrfxlib/crypto/nrf_cc312_platform/lib/cortex-m33/soft-float/no-interrupts/libnrf_cc312_platform_0.9.22.a(cc_pal.c.obj)
                0x00017b64                CC_PalInit
 .text.CC_PalTerminate
                0x00017bd8       0x48 C:/ncs/v3.4.0/nrfxlib/crypto/nrf_cc312_platform/lib/cortex-m33/soft-float/no-interrupts/libnrf_cc312_platform_0.9.22.a(cc_pal.c.obj)
                0x00017bd8                CC_PalTerminate
 .text.CC_PalDmaInit
                0x00017c20        0x4 C:/ncs/v3.4.0/nrfxlib/crypto/nrf_cc312_platform/lib/cortex-m33/soft-float/no-interrupts/libnrf_cc312_platform_0.9.22.a(cc_pal_dma.c.obj)
                0x00017c20                CC_PalDmaInit
 .text.CC_PalDmaTerminate
                0x00017c24        0x4 C:/ncs/v3.4.0/nrfxlib/crypto/nrf_cc312_platform/lib/cortex-m33/soft-float/no-interrupts/libnrf_cc312_platform_0.9.22.a(cc_pal_dma.c.obj)
                0x00017c24                CC_PalDmaTerminate
 .text.CC_PalMutexCreate
                0x00017c28       0x14 C:/ncs/v3.4.0/nrfxlib/crypto/nrf_cc312_platform/lib/cortex-m33/soft-float/no-interrupts/libnrf_cc312_platform_0.9.22.a(cc_pal_mutex.c.obj)
                0x00017c28                CC_PalMutexCreate
 .text.CC_PalMutexDestroy
                0x00017c3c       0x14 C:/ncs/v3.4.0/nrfxlib/crypto/nrf_cc312_platform/lib/cortex-m33/soft-float/no-interrupts/libnrf_cc312_platform_0.9.22.a(cc_pal_mutex.c.obj)
                0x00017c3c                CC_PalMutexDestroy
 .text.CC_PalPowerSaveModeInit
                0x00017c50       0x3c C:/ncs/v3.4.0/nrfxlib/crypto/nrf_cc312_platform/lib/cortex-m33/soft-float/no-interrupts/libnrf_cc312_platform_0.9.22.a(cc_pal_pm.c.obj)
                0x00017c50                CC_PalPowerSaveModeInit
 .text.skip_to_arg
                0x00017c8c      0x11c C:/ncs/toolchains/dcbdc366a1/opt/zephyr-sdk/gnu/arm-zephyr-eabi/bin/../lib/gcc/arm-zephyr-eabi/14.3.0/../../../../arm-zephyr-eabi/lib/thumb/v8-m.main/nofp/space\libc.a(libc_tinystdio_vfprintf.c.o)
 .text.vfprintf
                0x00017da8      0x944 C:/ncs/toolchains/dcbdc366a1/opt/zephyr-sdk/gnu/arm-zephyr-eabi/bin/../lib/gcc/arm-zephyr-eabi/14.3.0/../../../../arm-zephyr-eabi/lib/thumb/v8-m.main/nofp/space\libc.a(libc_tinystdio_vfprintf.c.o)
                0x00017da8                __d_vfprintf
 .text.div10    0x000186ec       0x28 C:/ncs/toolchains/dcbdc366a1/opt/zephyr-sdk/gnu/arm-zephyr-eabi/bin/../lib/gcc/arm-zephyr-eabi/14.3.0/../../../../arm-zephyr-eabi/lib/thumb/v8-m.main/nofp/space\libc.a(libc_tinystdio_dtoa_ryu.c.o)
 .text.__dtoa_engine
                0x00018714      0x480 C:/ncs/toolchains/dcbdc366a1/opt/zephyr-sdk/gnu/arm-zephyr-eabi/bin/../lib/gcc/arm-zephyr-eabi/14.3.0/../../../../arm-zephyr-eabi/lib/thumb/v8-m.main/nofp/space\libc.a(libc_tinystdio_dtoa_ryu.c.o)
                0x00018714                __dtoa_engine
 .text.__log10Pow2
                0x00018b94        0xc C:/ncs/toolchains/dcbdc366a1/opt/zephyr-sdk/gnu/arm-zephyr-eabi/bin/../lib/gcc/arm-zephyr-eabi/14.3.0/../../../../arm-zephyr-eabi/lib/thumb/v8-m.main/nofp/space\libc.a(libc_tinystdio_ryu_log10.c.o)
                0x00018b94                __log10Pow2
 .text.__log10Pow5
                0x00018ba0        0xc C:/ncs/toolchains/dcbdc366a1/opt/zephyr-sdk/gnu/arm-zephyr-eabi/bin/../lib/gcc/arm-zephyr-eabi/14.3.0/../../../../arm-zephyr-eabi/lib/thumb/v8-m.main/nofp/space\libc.a(libc_tinystdio_ryu_log10.c.o)
                0x00018ba0                __log10Pow5
 .text.__pow5bits
                0x00018bac       0x10 C:/ncs/toolchains/dcbdc366a1/opt/zephyr-sdk/gnu/arm-zephyr-eabi/bin/../lib/gcc/arm-zephyr-eabi/14.3.0/../../../../arm-zephyr-eabi/lib/thumb/v8-m.main/nofp/space\libc.a(libc_tinystdio_ryu_pow5bits.c.o)
                0x00018bac                __pow5bits
 .text.__pow5Factor
                0x00018bbc       0x30 C:/ncs/toolchains/dcbdc366a1/opt/zephyr-sdk/gnu/arm-zephyr-eabi/bin/../lib/gcc/arm-zephyr-eabi/14.3.0/../../../../arm-zephyr-eabi/lib/thumb/v8-m.main/nofp/space\libc.a(libc_tinystdio_ryu_table.c.o)
                0x00018bbc                __pow5Factor
 .text.__double_computePow5
                0x00018bec       0xe4 C:/ncs/toolchains/dcbdc366a1/opt/zephyr-sdk/gnu/arm-zephyr-eabi/bin/../lib/gcc/arm-zephyr-eabi/14.3.0/../../../../arm-zephyr-eabi/lib/thumb/v8-m.main/nofp/space\libc.a(libc_tinystdio_ryu_table.c.o)
                0x00018bec                __double_computePow5
 .text.__double_computeInvPow5
                0x00018cd0       0xf8 C:/ncs/toolchains/dcbdc366a1/opt/zephyr-sdk/gnu/arm-zephyr-eabi/bin/../lib/gcc/arm-zephyr-eabi/14.3.0/../../../../arm-zephyr-eabi/lib/thumb/v8-m.main/nofp/space\libc.a(libc_tinystdio_ryu_table.c.o)
                0x00018cd0                __double_computeInvPow5
 .text._OffsetAbsSyms
                0x00018dc8        0x2 zephyr/CMakeFiles/offsets.dir/./arch/arm/core/offsets/offsets.c.obj
                0x00018dc8                _OffsetAbsSyms
 .text.chunk_field
                0x00018dca       0x16 zephyr/libzephyr.a(heap.c.obj)
 .text.chunk_set
                0x00018de0       0x16 zephyr/libzephyr.a(heap.c.obj)
 .text.chunk_size
                0x00018df6        0xc zephyr/libzephyr.a(heap.c.obj)
 .text.set_chunk_used
                0x00018e02       0x30 zephyr/libzephyr.a(heap.c.obj)
 .text.set_chunk_size
                0x00018e32        0x8 zephyr/libzephyr.a(heap.c.obj)
 .text.undersized_chunk
                0x00018e3a       0x1c zephyr/libzephyr.a(heap.c.obj)
 .text.mem_to_chunkid
                0x00018e56       0x14 zephyr/libzephyr.a(heap.c.obj)
 .text.bucket_idx
                0x00018e6a       0x14 zephyr/libzephyr.a(heap.c.obj)
 .text.free_list_remove_bidx
                0x00018e7e       0x5c zephyr/libzephyr.a(heap.c.obj)
 .text.free_list_remove
                0x00018eda       0x2c zephyr/libzephyr.a(heap.c.obj)
 .text.alloc_chunk
                0x00018f06       0x74 zephyr/libzephyr.a(heap.c.obj)
 .text.split_chunks
                0x00018f7a       0x4e zephyr/libzephyr.a(heap.c.obj)
 .text.merge_chunks
                0x00018fc8       0x3c zephyr/libzephyr.a(heap.c.obj)
 .text.free_list_add
                0x00019004       0x82 zephyr/libzephyr.a(heap.c.obj)
 .text.sys_heap_free
                0x00019086       0xc2 zephyr/libzephyr.a(heap.c.obj)
                0x00019086                sys_heap_free
 .text.sys_heap_alloc
                0x00019148       0x76 zephyr/libzephyr.a(heap.c.obj)
                0x00019148                sys_heap_alloc
 .text.sys_heap_noalign_alloc
                0x000191be        0x6 zephyr/libzephyr.a(heap.c.obj)
                0x000191be                sys_heap_noalign_alloc
 .text.sys_heap_aligned_alloc
                0x000191c4      0x104 zephyr/libzephyr.a(heap.c.obj)
                0x000191c4                sys_heap_aligned_alloc
 .text.sys_heap_init
                0x000192c8       0xa4 zephyr/libzephyr.a(heap.c.obj)
                0x000192c8                sys_heap_init
 .text.arch_printk_char_out
                0x0001936c        0x4 zephyr/libzephyr.a(printk.c.obj)
                0x0001936c                arch_printk_char_out
 .text.printk   0x00019370       0x1a zephyr/libzephyr.a(printk.c.obj)
                0x00019370                printk
 .text.sys_slist_find_and_remove
                0x0001938a       0x36 zephyr/libzephyr.a(onoff.c.obj)
 .text.process_recheck
                0x000193c0       0x38 zephyr/libzephyr.a(onoff.c.obj)
 .text.validate_args
                0x000193f8       0x20 zephyr/libzephyr.a(onoff.c.obj)
 .text.notify_one
                0x00019418       0x2c zephyr/libzephyr.a(onoff.c.obj)
 .text.transition_complete
                0x00019444       0x1a zephyr/libzephyr.a(onoff.c.obj)
 .text.onoff_manager_init
                0x0001945e       0x26 zephyr/libzephyr.a(onoff.c.obj)
                0x0001945e                onoff_manager_init
 .text.onoff_request
                0x00019484       0x96 zephyr/libzephyr.a(onoff.c.obj)
                0x00019484                onoff_request
 .text.onoff_release
                0x0001951a       0x48 zephyr/libzephyr.a(onoff.c.obj)
                0x0001951a                onoff_release
 .text.onoff_cancel
                0x00019562       0x36 zephyr/libzephyr.a(onoff.c.obj)
                0x00019562                onoff_cancel
 .text.sys_notify_validate
                0x00019598       0x22 zephyr/libzephyr.a(notify.c.obj)
                0x00019598                sys_notify_validate
 .text.sys_notify_finalize
                0x000195ba       0x1a zephyr/libzephyr.a(notify.c.obj)
                0x000195ba                sys_notify_finalize
 .text.ring_buf_area_claim
                0x000195d4       0x30 zephyr/libzephyr.a(ring_buffer.c.obj)
                0x000195d4                ring_buf_area_claim
 .text.ring_buf_put_claim
                0x00019604       0x1e zephyr/libzephyr.a(ring_buffer.c.obj)
 .text.ring_buf_get_claim
                0x00019622       0x1e zephyr/libzephyr.a(ring_buffer.c.obj)
 .text.ring_buf_area_finish
                0x00019640       0x32 zephyr/libzephyr.a(ring_buffer.c.obj)
                0x00019640                ring_buf_area_finish
 .text.ring_buf_put
                0x00019672       0x40 zephyr/libzephyr.a(ring_buffer.c.obj)
                0x00019672                ring_buf_put
 .text.ring_buf_get
                0x000196b2       0x44 zephyr/libzephyr.a(ring_buffer.c.obj)
                0x000196b2                ring_buf_get
 .text._ConfigAbsSyms
                0x000196f6        0x2 zephyr/libzephyr.a(configs.c.obj)
                0x000196f6                _ConfigAbsSyms
 .text.abort_function
                0x000196f8        0x2 zephyr/libzephyr.a(nrf_cc3xx_platform_abort_zephyr.c.obj)
 .text.arch_early_memset
                0x000196fa        0x4 zephyr/arch/common/libarch__common.a(init.c.obj)
                0x000196fa                arch_early_memset
 .text.arch_early_memcpy
                0x000196fe        0x4 zephyr/arch/common/libarch__common.a(init.c.obj)
                0x000196fe                arch_early_memcpy
 .text.z_do_kernel_oops
                0x00019702        0x8 zephyr/arch/arch/arm/core/libarch__arm__core.a(fatal.c.obj)
                0x00019702                z_do_kernel_oops
 .text.z_arm_nmi
                0x0001970a        0xe zephyr/arch/arch/arm/core/libarch__arm__core.a(nmi.c.obj)
                0x0001970a                z_arm_nmi
 .text.z_irq_spurious
                0x00019718        0x8 zephyr/arch/arch/arm/core/cortex_m/libarch__arm__core__cortex_m.a(irq_manage.c.obj)
                0x00019718                z_irq_spurious
 .text.configure_builtin_stack_guard
                0x00019720        0xa zephyr/arch/arch/arm/core/cortex_m/libarch__arm__core__cortex_m.a(thread.c.obj)
                0x00019720                configure_builtin_stack_guard
 .text.arch_coprocessors_disable
                0x0001972a        0x6 zephyr/arch/arch/arm/core/cortex_m/libarch__arm__core__cortex_m.a(thread.c.obj)
                0x0001972a                arch_coprocessors_disable
 .text.arch_irq_unlock_outlined
                0x00019730        0xe zephyr/arch/arch/arm/core/cortex_m/libarch__arm__core__cortex_m.a(thread.c.obj)
                0x00019730                arch_irq_unlock_outlined
 .text.arch_cpu_idle
                0x0001973e       0x32 zephyr/arch/arch/arm/core/cortex_m/libarch__arm__core__cortex_m.a(cpu_idle.c.obj)
                0x0001973e                arch_cpu_idle
 .text.arch_cpu_atomic_idle
                0x00019770       0x38 zephyr/arch/arch/arm/core/cortex_m/libarch__arm__core__cortex_m.a(cpu_idle.c.obj)
                0x00019770                arch_cpu_atomic_idle
 .text.arm_cmse_mpu_region_get
                0x000197a8       0x12 zephyr/arch/arch/arm/core/cortex_m/cmse/libarch__arm__core__cortex_m__cmse.a(arm_core_cmse.c.obj)
                0x000197a8                arm_cmse_mpu_region_get
 .text.mpu_configure_region
                0x000197ba       0x32 zephyr/arch/arch/arm/core/mpu/libarch__arm__core__mpu.a(arm_mpu.c.obj)
 .text.picolibc_put
                0x000197ec        0xa zephyr/lib/libc/picolibc/liblib__libc__picolibc.a(stdio.c.obj)
 .text.net_buf_reset
                0x000197f6        0xa zephyr/lib/net_buf/liblib__net_buf.a(buf.c.obj)
                0x000197f6                net_buf_reset
 .text.net_buf_ref
                0x00019800        0x8 zephyr/lib/net_buf/liblib__net_buf.a(buf.c.obj)
                0x00019800                net_buf_ref
 .text.net_buf_frag_del
                0x00019808       0x18 zephyr/lib/net_buf/liblib__net_buf.a(buf.c.obj)
                0x00019808                net_buf_frag_del
 .text.net_buf_simple_add
                0x00019820        0xc zephyr/lib/net_buf/liblib__net_buf.a(buf_simple.c.obj)
                0x00019820                net_buf_simple_add
 .text.net_buf_simple_add_mem
                0x0001982c       0x12 zephyr/lib/net_buf/liblib__net_buf.a(buf_simple.c.obj)
                0x0001982c                net_buf_simple_add_mem
 .text.net_buf_simple_add_u8
                0x0001983e       0x10 zephyr/lib/net_buf/liblib__net_buf.a(buf_simple.c.obj)
                0x0001983e                net_buf_simple_add_u8
 .text.net_buf_simple_add_le16
                0x0001984e       0x14 zephyr/lib/net_buf/liblib__net_buf.a(buf_simple.c.obj)
                0x0001984e                net_buf_simple_add_le16
 .text.net_buf_simple_remove_mem
                0x00019862        0xe zephyr/lib/net_buf/liblib__net_buf.a(buf_simple.c.obj)
                0x00019862                net_buf_simple_remove_mem
 .text.net_buf_simple_pull
                0x00019870       0x10 zephyr/lib/net_buf/liblib__net_buf.a(buf_simple.c.obj)
                0x00019870                net_buf_simple_pull
 .text.z_arm_on_enter_cpu_idle
                0x00019880        0x4 zephyr/soc/soc/nrf5340/libsoc__nordic.a(soc.c.obj)
                0x00019880                z_arm_on_enter_cpu_idle
 .text.onoff_stop
                0x00019884       0x22 zephyr/soc/soc/nrf5340/libsoc__nordic.a(nrf53_cpunet_mgmt.c.obj)
 .text.onoff_start
                0x000198a6       0x62 zephyr/soc/soc/nrf5340/libsoc__nordic.a(nrf53_cpunet_mgmt.c.obj)
 .text.usbd_device_lock
                0x00019908        0xe zephyr/subsys/usb/device_next/libsubsys__usb__device_next.a(usbd_device.c.obj)
 .text.k_mutex_unlock.isra.0
                0x00019916        0x4 zephyr/subsys/usb/device_next/libsubsys__usb__device_next.a(usbd_device.c.obj)
 .text.usbd_bus_speed
                0x0001991a        0xa zephyr/subsys/usb/device_next/libsubsys__usb__device_next.a(usbd_device.c.obj)
                0x0001991a                usbd_bus_speed
 .text.usbd_device_set_code_triple
                0x00019924       0x48 zephyr/subsys/usb/device_next/libsubsys__usb__device_next.a(usbd_device.c.obj)
                0x00019924                usbd_device_set_code_triple
 .text.usbd_is_suspended
                0x0001996c        0xa zephyr/subsys/usb/device_next/libsubsys__usb__device_next.a(usbd_device.c.obj)
                0x0001996c                usbd_is_suspended
 .text.usbd_init
                0x00019976       0x60 zephyr/subsys/usb/device_next/libsubsys__usb__device_next.a(usbd_device.c.obj)
                0x00019976                usbd_init
 .text.usbd_enable
                0x000199d6       0x86 zephyr/subsys/usb/device_next/libsubsys__usb__device_next.a(usbd_device.c.obj)
                0x000199d6                usbd_enable
 .text.usbd_device_get_vreq
                0x00019a5c       0x2a zephyr/subsys/usb/device_next/libsubsys__usb__device_next.a(usbd_device.c.obj)
                0x00019a5c                usbd_device_get_vreq
 .text.usbd_device_register_vreq
                0x00019a86       0x56 zephyr/subsys/usb/device_next/libsubsys__usb__device_next.a(usbd_device.c.obj)
                0x00019a86                usbd_device_register_vreq
 .text.usbd_get_descriptor
                0x00019adc       0x34 zephyr/subsys/usb/device_next/libsubsys__usb__device_next.a(usbd_desc.c.obj)
                0x00019adc                usbd_get_descriptor
 .text.usbd_add_descriptor
                0x00019b10      0x106 zephyr/subsys/usb/device_next/libsubsys__usb__device_next.a(usbd_desc.c.obj)
                0x00019b10                usbd_add_descriptor
 .text.usbd_str_desc_get_idx
                0x00019c16        0xa zephyr/subsys/usb/device_next/libsubsys__usb__device_next.a(usbd_desc.c.obj)
                0x00019c16                usbd_str_desc_get_idx
 .text.net_buf_simple_tailroom
                0x00019c20       0x10 zephyr/subsys/usb/device_next/libsubsys__usb__device_next.a(usbd_ch9.c.obj)
 .text.reqtype_is_to_host
                0x00019c30        0xc zephyr/subsys/usb/device_next/libsubsys__usb__device_next.a(usbd_ch9.c.obj)
 .text.sreq_feature_halt_notify
                0x00019c3c       0x20 zephyr/subsys/usb/device_next/libsubsys__usb__device_next.a(usbd_ch9.c.obj)
 .text.usbd_enqueue_status_in
                0x00019c5c       0x2c zephyr/subsys/usb/device_next/libsubsys__usb__device_next.a(usbd_ch9.c.obj)
 .text.usbd_enqueue_setup
                0x00019c88       0x26 zephyr/subsys/usb/device_next/libsubsys__usb__device_next.a(usbd_ch9.c.obj)
 .text.udc_test_mode
                0x00019cae       0x40 zephyr/subsys/usb/device_next/libsubsys__usb__device_next.a(usbd_ch9.c.obj)
 .text.udc_set_address
                0x00019cee       0x32 zephyr/subsys/usb/device_next/libsubsys__usb__device_next.a(usbd_ch9.c.obj)
 .text.usbd_init_control_pipe
                0x00019d20       0x18 zephyr/subsys/usb/device_next/libsubsys__usb__device_next.a(usbd_ch9.c.obj)
                0x00019d20                usbd_init_control_pipe
 .text.usbd_class_bcast_event
                0x00019d38       0x48 zephyr/subsys/usb/device_next/libsubsys__usb__device_next.a(usbd_core.c.obj)
 .text.unassign_eps.isra.0
                0x00019d80       0x66 zephyr/subsys/usb/device_next/libsubsys__usb__device_next.a(usbd_init.c.obj)
 .text.usbd_init_configurations
                0x00019de6      0x1ea zephyr/subsys/usb/device_next/libsubsys__usb__device_next.a(usbd_init.c.obj)
                0x00019de6                usbd_init_configurations
 .text.usbd_device_lock
                0x00019fd0        0xe zephyr/subsys/usb/device_next/libsubsys__usb__device_next.a(usbd_config.c.obj)
 .text.k_mutex_unlock.isra.0
                0x00019fde        0x4 zephyr/subsys/usb/device_next/libsubsys__usb__device_next.a(usbd_config.c.obj)
 .text.usbd_config_get
                0x00019fe2       0x28 zephyr/subsys/usb/device_next/libsubsys__usb__device_next.a(usbd_config.c.obj)
                0x00019fe2                usbd_config_get
 .text.usbd_config_get_current
                0x0001a00a       0x24 zephyr/subsys/usb/device_next/libsubsys__usb__device_next.a(usbd_config.c.obj)
                0x0001a00a                usbd_config_get_current
 .text.usbd_config_exist
                0x0001a02e        0xe zephyr/subsys/usb/device_next/libsubsys__usb__device_next.a(usbd_config.c.obj)
                0x0001a02e                usbd_config_exist
 .text.usbd_config_set
                0x0001a03c       0x98 zephyr/subsys/usb/device_next/libsubsys__usb__device_next.a(usbd_config.c.obj)
                0x0001a03c                usbd_config_set
 .text.usbd_add_configuration
                0x0001a0d4       0xc0 zephyr/subsys/usb/device_next/libsubsys__usb__device_next.a(usbd_config.c.obj)
                0x0001a0d4                usbd_add_configuration
 .text.usbd_device_lock
                0x0001a194        0xe zephyr/subsys/usb/device_next/libsubsys__usb__device_next.a(usbd_class.c.obj)
 .text.usbd_class_desc_len
                0x0001a1a2       0x20 zephyr/subsys/usb/device_next/libsubsys__usb__device_next.a(usbd_class.c.obj)
                0x0001a1a2                usbd_class_desc_len
 .text.usbd_class_get_by_config
                0x0001a1c2       0x20 zephyr/subsys/usb/device_next/libsubsys__usb__device_next.a(usbd_class.c.obj)
                0x0001a1c2                usbd_class_get_by_config
 .text.usbd_class_get_by_iface
                0x0001a1e2       0x20 zephyr/subsys/usb/device_next/libsubsys__usb__device_next.a(usbd_class.c.obj)
                0x0001a1e2                usbd_class_get_by_iface
 .text.usbd_class_handle_xfer
                0x0001a202       0x12 zephyr/subsys/usb/device_next/libsubsys__usb__device_next.a(usbd_class.c.obj)
                0x0001a202                usbd_class_handle_xfer
 .text.usbd_class_get_by_ep
                0x0001a214       0x46 zephyr/subsys/usb/device_next/libsubsys__usb__device_next.a(usbd_class.c.obj)
                0x0001a214                usbd_class_get_by_ep
 .text.usbd_class_get_by_req
                0x0001a25a       0x2e zephyr/subsys/usb/device_next/libsubsys__usb__device_next.a(usbd_class.c.obj)
                0x0001a25a                usbd_class_get_by_req
 .text.usbd_register_class
                0x0001a288       0x98 zephyr/subsys/usb/device_next/libsubsys__usb__device_next.a(usbd_class.c.obj)
                0x0001a288                usbd_register_class
 .text.usbd_interface_modify
                0x0001a320       0x96 zephyr/subsys/usb/device_next/libsubsys__usb__device_next.a(usbd_interface.c.obj)
 .text.usbd_interface_shutdown
                0x0001a3b6       0x54 zephyr/subsys/usb/device_next/libsubsys__usb__device_next.a(usbd_interface.c.obj)
                0x0001a3b6                usbd_interface_shutdown
 .text.usbd_interface_default
                0x0001a40a       0x50 zephyr/subsys/usb/device_next/libsubsys__usb__device_next.a(usbd_interface.c.obj)
                0x0001a40a                usbd_interface_default
 .text.usbd_interface_set
                0x0001a45a       0x78 zephyr/subsys/usb/device_next/libsubsys__usb__device_next.a(usbd_interface.c.obj)
                0x0001a45a                usbd_interface_set
 .text.usbd_ep_bm_clear
                0x0001a4d2       0x1c zephyr/subsys/usb/device_next/libsubsys__usb__device_next.a(usbd_endpoint.c.obj)
 .text.usbd_ep_enable
                0x0001a4ee       0x38 zephyr/subsys/usb/device_next/libsubsys__usb__device_next.a(usbd_endpoint.c.obj)
                0x0001a4ee                usbd_ep_enable
 .text.usbd_ep_disable
                0x0001a526       0x2c zephyr/subsys/usb/device_next/libsubsys__usb__device_next.a(usbd_endpoint.c.obj)
                0x0001a526                usbd_ep_disable
 .text.usbd_ep_ctrl_data_in_alloc
                0x0001a552        0xa zephyr/subsys/usb/device_next/libsubsys__usb__device_next.a(usbd_endpoint.c.obj)
                0x0001a552                usbd_ep_ctrl_data_in_alloc
 .text.usbd_ep_ctrl_enqueue
                0x0001a55c       0x7a zephyr/subsys/usb/device_next/libsubsys__usb__device_next.a(usbd_endpoint.c.obj)
                0x0001a55c                usbd_ep_ctrl_enqueue
 .text.usbd_ep_buf_alloc
                0x0001a5d6        0x8 zephyr/subsys/usb/device_next/libsubsys__usb__device_next.a(usbd_endpoint.c.obj)
                0x0001a5d6                usbd_ep_buf_alloc
 .text.usbd_ep_enqueue
                0x0001a5de       0x30 zephyr/subsys/usb/device_next/libsubsys__usb__device_next.a(usbd_endpoint.c.obj)
                0x0001a5de                usbd_ep_enqueue
 .text.usbd_ep_buf_free
                0x0001a60e        0x6 zephyr/subsys/usb/device_next/libsubsys__usb__device_next.a(usbd_endpoint.c.obj)
                0x0001a60e                usbd_ep_buf_free
 .text.usbd_ep_set_halt
                0x0001a614       0x28 zephyr/subsys/usb/device_next/libsubsys__usb__device_next.a(usbd_endpoint.c.obj)
                0x0001a614                usbd_ep_set_halt
 .text.usbd_ep_clear_halt
                0x0001a63c       0x1e zephyr/subsys/usb/device_next/libsubsys__usb__device_next.a(usbd_endpoint.c.obj)
                0x0001a63c                usbd_ep_clear_halt
 .text.usbd_ep_is_halted
                0x0001a65a       0x16 zephyr/subsys/usb/device_next/libsubsys__usb__device_next.a(usbd_endpoint.c.obj)
                0x0001a65a                usbd_ep_is_halted
 .text.usbd_msg_pub_simple
                0x0001a670       0x1c zephyr/subsys/usb/device_next/libsubsys__usb__device_next.a(usbd_msg.c.obj)
                0x0001a670                usbd_msg_pub_simple
 .text.usbd_msg_pub_device
                0x0001a68c       0x1c zephyr/subsys/usb/device_next/libsubsys__usb__device_next.a(usbd_msg.c.obj)
                0x0001a68c                usbd_msg_pub_device
 .text.usbd_cdc_acm_update
                0x0001a6a8        0x2 zephyr/subsys/usb/device_next/libsubsys__usb__device_next.a(usbd_cdc_acm.c.obj)
 .text.usbd_cdc_acm_get_desc
                0x0001a6aa        0x8 zephyr/subsys/usb/device_next/libsubsys__usb__device_next.a(usbd_cdc_acm.c.obj)
 .text.cdc_acm_update_uart_cfg
                0x0001a6b2       0x4c zephyr/subsys/usb/device_next/libsubsys__usb__device_next.a(usbd_cdc_acm.c.obj)
 .text.cdc_acm_irq_tx_ready
                0x0001a6fe       0x18 zephyr/subsys/usb/device_next/libsubsys__usb__device_next.a(usbd_cdc_acm.c.obj)
 .text.cdc_acm_irq_rx_ready
                0x0001a716        0x8 zephyr/subsys/usb/device_next/libsubsys__usb__device_next.a(usbd_cdc_acm.c.obj)
 .text.cdc_acm_irq_is_pending
                0x0001a71e       0x12 zephyr/subsys/usb/device_next/libsubsys__usb__device_next.a(usbd_cdc_acm.c.obj)
 .text.cdc_acm_irq_callback_set
                0x0001a730        0x8 zephyr/subsys/usb/device_next/libsubsys__usb__device_next.a(usbd_cdc_acm.c.obj)
 .text.atomic_test_bit
                0x0001a738        0xc zephyr/subsys/usb/device_next/libsubsys__usb__device_next.a(usbd_cdc_acm.c.obj)
 .text.usbd_cdc_acm_suspended
                0x0001a744       0x18 zephyr/subsys/usb/device_next/libsubsys__usb__device_next.a(usbd_cdc_acm.c.obj)
 .text.cdc_acm_fifo_read
                0x0001a75c       0x14 zephyr/subsys/usb/device_next/libsubsys__usb__device_next.a(usbd_cdc_acm.c.obj)
 .text.cdc_acm_poll_in
                0x0001a770       0x2a zephyr/subsys/usb/device_next/libsubsys__usb__device_next.a(usbd_cdc_acm.c.obj)
 .text.cdc_acm_fifo_fill
                0x0001a79a       0x2a zephyr/subsys/usb/device_next/libsubsys__usb__device_next.a(usbd_cdc_acm.c.obj)
 .text.usbd_cdc_acm_init
                0x0001a7c4       0x34 zephyr/subsys/usb/device_next/libsubsys__usb__device_next.a(usbd_cdc_acm.c.obj)
 .text.atomic_clear_bit
                0x0001a7f8       0x16 zephyr/subsys/usb/device_next/libsubsys__usb__device_next.a(usbd_cdc_acm.c.obj)
 .text.cdc_acm_irq_rx_disable
                0x0001a80e        0xa zephyr/subsys/usb/device_next/libsubsys__usb__device_next.a(usbd_cdc_acm.c.obj)
 .text.cdc_acm_irq_tx_disable
                0x0001a818        0xa zephyr/subsys/usb/device_next/libsubsys__usb__device_next.a(usbd_cdc_acm.c.obj)
 .text.usbd_cdc_acm_disable
                0x0001a822       0x18 zephyr/subsys/usb/device_next/libsubsys__usb__device_next.a(usbd_cdc_acm.c.obj)
 .text.usbd_cdc_acm_resumed
                0x0001a83a        0xc zephyr/subsys/usb/device_next/libsubsys__usb__device_next.a(usbd_cdc_acm.c.obj)
 .text.cdc_acm_tx_fifo_handler
                0x0001a846       0xbe zephyr/subsys/usb/device_next/libsubsys__usb__device_next.a(usbd_cdc_acm.c.obj)
 .text.usbd_cdc_acm_request
                0x0001a904       0xe8 zephyr/subsys/usb/device_next/libsubsys__usb__device_next.a(usbd_cdc_acm.c.obj)
 .text.cdc_acm_rx_fifo_handler
                0x0001a9ec       0x82 zephyr/subsys/usb/device_next/libsubsys__usb__device_next.a(usbd_cdc_acm.c.obj)
 .text.cdc_acm_irq_cb_handler
                0x0001aa6e       0xae zephyr/subsys/usb/device_next/libsubsys__usb__device_next.a(usbd_cdc_acm.c.obj)
 .text.cdc_acm_irq_update
                0x0001ab1c       0x46 zephyr/subsys/usb/device_next/libsubsys__usb__device_next.a(usbd_cdc_acm.c.obj)
 .text.cdc_acm_irq_tx_enable
                0x0001ab62       0x2e zephyr/subsys/usb/device_next/libsubsys__usb__device_next.a(usbd_cdc_acm.c.obj)
 .text.cdc_acm_irq_rx_enable
                0x0001ab90       0x42 zephyr/subsys/usb/device_next/libsubsys__usb__device_next.a(usbd_cdc_acm.c.obj)
 .text.usbd_cdc_acm_enable
                0x0001abd2       0x5c zephyr/subsys/usb/device_next/libsubsys__usb__device_next.a(usbd_cdc_acm.c.obj)
 .text.udc_buf_destroy
                0x0001ac2e       0x30 zephyr/drivers/usb/udc/libdrivers__usb__udc.a(udc_common.c.obj)
 .text.ep_check_config.isra.0
                0x0001ac5e       0x68 zephyr/drivers/usb/udc/libdrivers__usb__udc.a(udc_common.c.obj)
 .text.udc_is_initialized.isra.0
                0x0001acc6        0xc zephyr/drivers/usb/udc/libdrivers__usb__udc.a(udc_common.c.obj)
 .text.udc_is_enabled.isra.0
                0x0001acd2        0xc zephyr/drivers/usb/udc/libdrivers__usb__udc.a(udc_common.c.obj)
 .text.udc_set_suspended
                0x0001acde       0x2e zephyr/drivers/usb/udc/libdrivers__usb__udc.a(udc_common.c.obj)
                0x0001acde                udc_set_suspended
 .text.udc_get_ep_cfg
                0x0001ad0c       0x12 zephyr/drivers/usb/udc/libdrivers__usb__udc.a(udc_common.c.obj)
                0x0001ad0c                udc_get_ep_cfg
 .text.udc_ep_is_busy
                0x0001ad1e        0x8 zephyr/drivers/usb/udc/libdrivers__usb__udc.a(udc_common.c.obj)
                0x0001ad1e                udc_ep_is_busy
 .text.udc_ep_set_busy
                0x0001ad26        0xa zephyr/drivers/usb/udc/libdrivers__usb__udc.a(udc_common.c.obj)
                0x0001ad26                udc_ep_set_busy
 .text.udc_register_ep
                0x0001ad30       0x2c zephyr/drivers/usb/udc/libdrivers__usb__udc.a(udc_common.c.obj)
                0x0001ad30                udc_register_ep
 .text.udc_buf_get
                0x0001ad5c        0x8 zephyr/drivers/usb/udc/libdrivers__usb__udc.a(udc_common.c.obj)
                0x0001ad5c                udc_buf_get
 .text.udc_buf_peek
                0x0001ad64        0x4 zephyr/drivers/usb/udc/libdrivers__usb__udc.a(udc_common.c.obj)
                0x0001ad64                udc_buf_peek
 .text.udc_buf_put
                0x0001ad68        0x4 zephyr/drivers/usb/udc/libdrivers__usb__udc.a(udc_common.c.obj)
                0x0001ad68                udc_buf_put
 .text.udc_ep_buf_has_zlp
                0x0001ad6c        0x8 zephyr/drivers/usb/udc/libdrivers__usb__udc.a(udc_common.c.obj)
                0x0001ad6c                udc_ep_buf_has_zlp
 .text.udc_ep_buf_clear_zlp
                0x0001ad74        0xa zephyr/drivers/usb/udc/libdrivers__usb__udc.a(udc_common.c.obj)
                0x0001ad74                udc_ep_buf_clear_zlp
 .text.udc_submit_event
                0x0001ad7e       0x18 zephyr/drivers/usb/udc/libdrivers__usb__udc.a(udc_common.c.obj)
                0x0001ad7e                udc_submit_event
 .text.udc_submit_ep_event
                0x0001ad96       0x30 zephyr/drivers/usb/udc/libdrivers__usb__udc.a(udc_common.c.obj)
                0x0001ad96                udc_submit_ep_event
 .text.udc_ep_cancel_queued
                0x0001adc6       0x1e zephyr/drivers/usb/udc/libdrivers__usb__udc.a(udc_common.c.obj)
                0x0001adc6                udc_ep_cancel_queued
 .text.udc_setup_received
                0x0001ade4       0xb4 zephyr/drivers/usb/udc/libdrivers__usb__udc.a(udc_common.c.obj)
                0x0001ade4                udc_setup_received
 .text.udc_ep_try_config
                0x0001ae98       0x8a zephyr/drivers/usb/udc/libdrivers__usb__udc.a(udc_common.c.obj)
                0x0001ae98                udc_ep_try_config
 .text.udc_ep_enable_internal
                0x0001af22       0x64 zephyr/drivers/usb/udc/libdrivers__usb__udc.a(udc_common.c.obj)
                0x0001af22                udc_ep_enable_internal
 .text.udc_ep_enable
                0x0001af86       0x52 zephyr/drivers/usb/udc/libdrivers__usb__udc.a(udc_common.c.obj)
                0x0001af86                udc_ep_enable
 .text.udc_ep_disable_internal
                0x0001afd8       0x3e zephyr/drivers/usb/udc/libdrivers__usb__udc.a(udc_common.c.obj)
                0x0001afd8                udc_ep_disable_internal
 .text.udc_ep_disable
                0x0001b016       0x38 zephyr/drivers/usb/udc/libdrivers__usb__udc.a(udc_common.c.obj)
                0x0001b016                udc_ep_disable
 .text.udc_ep_set_halt
                0x0001b04e       0x54 zephyr/drivers/usb/udc/libdrivers__usb__udc.a(udc_common.c.obj)
                0x0001b04e                udc_ep_set_halt
 .text.udc_ep_clear_halt
                0x0001b0a2       0x60 zephyr/drivers/usb/udc/libdrivers__usb__udc.a(udc_common.c.obj)
                0x0001b0a2                udc_ep_clear_halt
 .text.udc_ep_enqueue
                0x0001b102       0x8c zephyr/drivers/usb/udc/libdrivers__usb__udc.a(udc_common.c.obj)
                0x0001b102                udc_ep_enqueue
 .text.udc_ep_queue_is_empty
                0x0001b18e       0x2e zephyr/drivers/usb/udc/libdrivers__usb__udc.a(udc_common.c.obj)
                0x0001b18e                udc_ep_queue_is_empty
 .text.udc_ep_dequeue
                0x0001b1bc       0x42 zephyr/drivers/usb/udc/libdrivers__usb__udc.a(udc_common.c.obj)
                0x0001b1bc                udc_ep_dequeue
 .text.udc_ctrl_setup_alloc
                0x0001b1fe       0x1e zephyr/drivers/usb/udc/libdrivers__usb__udc.a(udc_common.c.obj)
                0x0001b1fe                udc_ctrl_setup_alloc
 .text.udc_ctrl_data_alloc
                0x0001b21c       0x28 zephyr/drivers/usb/udc/libdrivers__usb__udc.a(udc_common.c.obj)
                0x0001b21c                udc_ctrl_data_alloc
 .text.udc_ctrl_status_alloc
                0x0001b244       0x22 zephyr/drivers/usb/udc/libdrivers__usb__udc.a(udc_common.c.obj)
                0x0001b244                udc_ctrl_status_alloc
 .text.udc_ep_buf_free
                0x0001b266       0x1c zephyr/drivers/usb/udc/libdrivers__usb__udc.a(udc_common.c.obj)
                0x0001b266                udc_ep_buf_free
 .text.udc_device_speed
                0x0001b282       0x2c zephyr/drivers/usb/udc/libdrivers__usb__udc.a(udc_common.c.obj)
                0x0001b282                udc_device_speed
 .text.udc_enable
                0x0001b2ae       0x50 zephyr/drivers/usb/udc/libdrivers__usb__udc.a(udc_common.c.obj)
                0x0001b2ae                udc_enable
 .text.udc_disable
                0x0001b2fe       0x40 zephyr/drivers/usb/udc/libdrivers__usb__udc.a(udc_common.c.obj)
                0x0001b2fe                udc_disable
 .text.udc_init
                0x0001b33e       0x5e zephyr/drivers/usb/udc/libdrivers__usb__udc.a(udc_common.c.obj)
                0x0001b33e                udc_init
 .text.udc_shutdown
                0x0001b39c       0x4e zephyr/drivers/usb/udc/libdrivers__usb__udc.a(udc_common.c.obj)
                0x0001b39c                udc_shutdown
 .text.ep2bit   0x0001b3ea       0x10 zephyr/drivers/usb/udc/libdrivers__usb__udc.a(udc_nrf.c.obj)
 .text.udc_nrf_shutdown
                0x0001b3fa        0xe zephyr/drivers/usb/udc/libdrivers__usb__udc.a(udc_nrf.c.obj)
 .text.atomic_set_bit
                0x0001b408       0x14 zephyr/drivers/usb/udc/libdrivers__usb__udc.a(udc_nrf.c.obj)
 .text.udc_nrf_unlock
                0x0001b41c        0x8 zephyr/drivers/usb/udc/libdrivers__usb__udc.a(udc_nrf.c.obj)
 .text.udc_nrf_lock
                0x0001b424       0x10 zephyr/drivers/usb/udc/libdrivers__usb__udc.a(udc_nrf.c.obj)
 .text.usb_pool_data_unref
                0x0001b434       0x18 zephyr/drivers/usb/common/buf/libdrivers__usb__common__buf.a(usb_buf.c.obj)
 .text.usb_pool_data_alloc
                0x0001b44c       0x2e zephyr/drivers/usb/common/buf/libdrivers__usb__common__buf.a(usb_buf.c.obj)
 .text.get_status
                0x0001b47a       0x12 zephyr/drivers/clock_control/libdrivers__clock_control.a(clock_control_nrf.c.obj)
 .text.stop     0x0001b48c       0x50 zephyr/drivers/clock_control/libdrivers__clock_control.a(clock_control_nrf.c.obj)
 .text.api_stop
                0x0001b4dc        0x6 zephyr/drivers/clock_control/libdrivers__clock_control.a(clock_control_nrf.c.obj)
 .text.async_start
                0x0001b4e2       0x60 zephyr/drivers/clock_control/libdrivers__clock_control.a(clock_control_nrf.c.obj)
 .text.api_start
                0x0001b542        0xe zephyr/drivers/clock_control/libdrivers__clock_control.a(clock_control_nrf.c.obj)
 .text.onoff_started_callback
                0x0001b550       0x12 zephyr/drivers/clock_control/libdrivers__clock_control.a(clock_control_nrf.c.obj)
 .text.hfclkaudio_start
                0x0001b562        0x6 zephyr/drivers/clock_control/libdrivers__clock_control.a(clock_control_nrf.c.obj)
 .text.hfclk192m_start
                0x0001b568        0x6 zephyr/drivers/clock_control/libdrivers__clock_control.a(clock_control_nrf.c.obj)
 .text.hfclkaudio_stop
                0x0001b56e        0x6 zephyr/drivers/clock_control/libdrivers__clock_control.a(clock_control_nrf.c.obj)
 .text.hfclk192m_stop
                0x0001b574        0x6 zephyr/drivers/clock_control/libdrivers__clock_control.a(clock_control_nrf.c.obj)
 .text.blocking_start_callback
                0x0001b57a        0x6 zephyr/drivers/clock_control/libdrivers__clock_control.a(clock_control_nrf.c.obj)
 .text.lfclk_stop
                0x0001b580        0x4 zephyr/drivers/clock_control/libdrivers__clock_control.a(clock_control_nrf.c.obj)
 .text.lfclk_start
                0x0001b584        0x4 zephyr/drivers/clock_control/libdrivers__clock_control.a(clock_control_nrf.c.obj)
 .text.gpio_nrfx_port_get_raw
                0x0001b588        0xc zephyr/drivers/gpio/libdrivers__gpio.a(gpio_nrfx.c.obj)
 .text.gpio_nrfx_port_set_masked_raw
                0x0001b594       0x14 zephyr/drivers/gpio/libdrivers__gpio.a(gpio_nrfx.c.obj)
 .text.gpio_nrfx_port_set_bits_raw
                0x0001b5a8        0xa zephyr/drivers/gpio/libdrivers__gpio.a(gpio_nrfx.c.obj)
 .text.gpio_nrfx_port_clear_bits_raw
                0x0001b5b2        0xa zephyr/drivers/gpio/libdrivers__gpio.a(gpio_nrfx.c.obj)
 .text.gpio_nrfx_port_toggle_bits
                0x0001b5bc       0x14 zephyr/drivers/gpio/libdrivers__gpio.a(gpio_nrfx.c.obj)
 .text.gpio_nrfx_manage_callback
                0x0001b5d0       0x54 zephyr/drivers/gpio/libdrivers__gpio.a(gpio_nrfx.c.obj)
 .text.gpio_nrfx_gpiote_irq_handler
                0x0001b624        0x4 zephyr/drivers/gpio/libdrivers__gpio.a(gpio_nrfx.c.obj)
                0x0001b624                gpio_nrfx_gpiote_irq_handler
 .text.z_impl_hwinfo_get_device_id
                0x0001b628       0x2c zephyr/drivers/hwinfo/libdrivers__hwinfo.a(hwinfo_nrf.c.obj)
                0x0001b628                z_impl_hwinfo_get_device_id
 .text.event_handler
                0x0001b654       0x2a zephyr/drivers/i2c/libdrivers__i2c.a(i2c_nrfx_twim.c.obj)
 .text.i2c_nrfx_twim_init
                0x0001b67e       0x28 zephyr/drivers/i2c/libdrivers__i2c.a(i2c_nrfx_twim.c.obj)
 .text.i2c_nrfx_twim_exclusive_access_acquire
                0x0001b6a6        0x8 zephyr/drivers/i2c/libdrivers__i2c.a(i2c_nrfx_twim.c.obj)
                0x0001b6a6                i2c_nrfx_twim_exclusive_access_acquire
 .text.i2c_nrfx_twim_exclusive_access_release
                0x0001b6ae        0x8 zephyr/drivers/i2c/libdrivers__i2c.a(i2c_nrfx_twim.c.obj)
                0x0001b6ae                i2c_nrfx_twim_exclusive_access_release
 .text.i2c_nrfx_twim_transfer
                0x0001b6b6      0x156 zephyr/drivers/i2c/libdrivers__i2c.a(i2c_nrfx_twim.c.obj)
 .text.pinctrl_apply_state.isra.0
                0x0001b80c       0x1e zephyr/drivers/i2c/libdrivers__i2c.a(i2c_nrfx_twim_common.c.obj)
 .text.i2c_nrfx_twim_recover_bus
                0x0001b82a       0x30 zephyr/drivers/i2c/libdrivers__i2c.a(i2c_nrfx_twim_common.c.obj)
                0x0001b82a                i2c_nrfx_twim_recover_bus
 .text.i2c_nrfx_twim_configure
                0x0001b85a       0x40 zephyr/drivers/i2c/libdrivers__i2c.a(i2c_nrfx_twim_common.c.obj)
                0x0001b85a                i2c_nrfx_twim_configure
 .text.i2c_nrfx_twim_msg_transfer
                0x0001b89a       0x4e zephyr/drivers/i2c/libdrivers__i2c.a(i2c_nrfx_twim_common.c.obj)
                0x0001b89a                i2c_nrfx_twim_msg_transfer
 .text.twim_nrfx_pm_resume
                0x0001b8e8       0x16 zephyr/drivers/i2c/libdrivers__i2c.a(i2c_nrfx_twim_common.c.obj)
                0x0001b8e8                twim_nrfx_pm_resume
 .text.i2c_nrfx_twim_common_init
                0x0001b8fe       0x32 zephyr/drivers/i2c/libdrivers__i2c.a(i2c_nrfx_twim_common.c.obj)
                0x0001b8fe                i2c_nrfx_twim_common_init
 .text.pinctrl_lookup_state
                0x0001b930       0x24 zephyr/drivers/pinctrl/libdrivers__pinctrl.a(common.c.obj)
                0x0001b930                pinctrl_lookup_state
 .text.regulator_common_data_init
                0x0001b954       0x10 zephyr/drivers/regulator/libdrivers__regulator.a(regulator_common.c.obj)
                0x0001b954                regulator_common_data_init
 .text.regulator_disable
                0x0001b964       0x54 zephyr/drivers/regulator/libdrivers__regulator.a(regulator_common.c.obj)
                0x0001b964                regulator_disable
 .text.regulator_set_voltage
                0x0001b9b8       0x28 zephyr/drivers/regulator/libdrivers__regulator.a(regulator_common.c.obj)
                0x0001b9b8                regulator_set_voltage
 .text.regulator_set_current_limit
                0x0001b9e0       0x28 zephyr/drivers/regulator/libdrivers__regulator.a(regulator_common.c.obj)
                0x0001b9e0                regulator_set_current_limit
 .text.regulator_set_mode
                0x0001ba08       0x3e zephyr/drivers/regulator/libdrivers__regulator.a(regulator_common.c.obj)
                0x0001ba08                regulator_set_mode
 .text.regulator_common_init
                0x0001ba46       0xf4 zephyr/drivers/regulator/libdrivers__regulator.a(regulator_common.c.obj)
                0x0001ba46                regulator_common_init
 .text.gpio_pin_set
                0x0001bb3a       0x20 zephyr/drivers/regulator/libdrivers__regulator.a(regulator_fixed.c.obj)
 .text.regulator_fixed_enable
                0x0001bb5a       0x1e zephyr/drivers/regulator/libdrivers__regulator.a(regulator_fixed.c.obj)
 .text.regulator_fixed_count_voltages
                0x0001bb78       0x18 zephyr/drivers/regulator/libdrivers__regulator.a(regulator_fixed.c.obj)
 .text.regulator_fixed_list_voltage
                0x0001bb90       0x1a zephyr/drivers/regulator/libdrivers__regulator.a(regulator_fixed.c.obj)
 .text.regulator_fixed_get_voltage
                0x0001bbaa       0x14 zephyr/drivers/regulator/libdrivers__regulator.a(regulator_fixed.c.obj)
 .text.regulator_fixed_init
                0x0001bbbe       0x80 zephyr/drivers/regulator/libdrivers__regulator.a(regulator_fixed.c.obj)
 .text.regulator_fixed_disable
                0x0001bc3e       0x16 zephyr/drivers/regulator/libdrivers__regulator.a(regulator_fixed.c.obj)
 .text.spi_context_wait_for_completion
                0x0001bc54       0x48 zephyr/drivers/spi/libdrivers__spi.a(spi_nrfx_spim.c.obj)
 .text.irq_connect0
                0x0001bc9c        0xa zephyr/drivers/spi/libdrivers__spi.a(spi_nrfx_spim.c.obj)
 .text.irq_connect1
                0x0001bca6        0xa zephyr/drivers/spi/libdrivers__spi.a(spi_nrfx_spim.c.obj)
 .text.spi_context_get_next_buf.constprop.0
                0x0001bcb0       0x26 zephyr/drivers/spi/libdrivers__spi.a(spi_nrfx_spim.c.obj)
 .text.spi_context_unlock_unconditionally
                0x0001bcd6       0x40 zephyr/drivers/spi/libdrivers__spi.a(spi_nrfx_spim.c.obj)
 .text.driver_api_release
                0x0001bd16       0x1a zephyr/drivers/spi/libdrivers__spi.a(spi_nrfx_spim.c.obj)
 .text.driver_init
                0x0001bd30       0x40 zephyr/drivers/spi/libdrivers__spi.a(spi_nrfx_spim.c.obj)
 .text.transfer_start
                0x0001bd70       0x74 zephyr/drivers/spi/libdrivers__spi.a(spi_nrfx_spim.c.obj)
 .text.spim_evt_handler
                0x0001bde4       0xbe zephyr/drivers/spi/libdrivers__spi.a(spi_nrfx_spim.c.obj)
 .text.spim_wake_handler
                0x0001bea2        0x8 zephyr/drivers/spi/libdrivers__spi.a(spi_nrfx_spim.c.obj)
 .text.gpio_pin_set_dt.isra.0
                0x0001beaa       0x28 zephyr/drivers/spi/libdrivers__spi.a(spi_nrfx_spim_common.c.obj)
 .text.transfer_start
                0x0001bed2       0xa8 zephyr/drivers/spi/libdrivers__spi.a(spi_nrfx_spim_common.c.obj)
 .text.evt_handler
                0x0001bf7a       0x36 zephyr/drivers/spi/libdrivers__spi.a(spi_nrfx_spim_common.c.obj)
 .text.spi_nrfx_spim_common_wake_start
                0x0001bfb0        0x2 zephyr/drivers/spi/libdrivers__spi.a(spi_nrfx_spim_common.c.obj)