Archive member included to satisfy reference by file (symbol)

app/libapp.a(main.c.obj)      (--whole-archive)
app/libapp.a(flash_map_extended.c.obj)
                              (--whole-archive)
app/libapp.a(os.c.obj)        (--whole-archive)
app/libapp.a(keys.c.obj)      (--whole-archive)
app/libapp.a(io.c.obj)        (--whole-archive)
app/libapp.a(boot_serial_extensions.c.obj)
                              (--whole-archive)
app/libapp.a(boot_serial_extension_zephyr_basic.c.obj)
                              (--whole-archive)
app/libapp.a(image_validate.c.obj)
                              (--whole-archive)
app/libapp.a(bootutil_find_key.c.obj)
                              (--whole-archive)
app/libapp.a(bootutil_img_hash.c.obj)
                              (--whole-archive)
app/libapp.a(bootutil_img_security_cnt.c.obj)
                              (--whole-archive)
app/libapp.a(mcuboot_manifest.c.obj)
                              (--whole-archive)
app/libapp.a(tlv.c.obj)       (--whole-archive)
app/libapp.a(encrypted.c.obj)
                              (--whole-archive)
app/libapp.a(image_rsa_nrf.c.obj)
                              (--whole-archive)
app/libapp.a(image_ecdsa.c.obj)
                              (--whole-archive)
app/libapp.a(image_ed25519.c.obj)
                              (--whole-archive)
app/libapp.a(bootutil_misc.c.obj)
                              (--whole-archive)
app/libapp.a(bootutil_area.c.obj)
                              (--whole-archive)
app/libapp.a(bootutil_loader.c.obj)
                              (--whole-archive)
app/libapp.a(fault_injection_hardening.c.obj)
                              (--whole-archive)
app/libapp.a(loader.c.obj)    (--whole-archive)
app/libapp.a(swap_misc.c.obj)
                              (--whole-archive)
app/libapp.a(caps.c.obj)      (--whole-archive)
app/libapp.a(swap_scratch.c.obj)
                              (--whole-archive)
app/libapp.a(autogen-pubkey.c.obj)
                              (--whole-archive)
app/libapp.a(arm_cortex_m.c.obj)
                              (--whole-archive)
app/libapp.a(nrf_cleanup.c.obj)
                              (--whole-archive)
zephyr/libzephyr.a(validate_libc.c.obj)
                              (--whole-archive)
zephyr/libzephyr.a(heap.c.obj)
                              (--whole-archive)
zephyr/libzephyr.a(cbprintf_packaged.c.obj)
                              (--whole-archive)
zephyr/libzephyr.a(clock.c.obj)
                              (--whole-archive)
zephyr/libzephyr.a(printk.c.obj)
                              (--whole-archive)
zephyr/libzephyr.a(sem.c.obj)
                              (--whole-archive)
zephyr/libzephyr.a(thread_entry.c.obj)
                              (--whole-archive)
zephyr/libzephyr.a(cbprintf_nano.c.obj)
                              (--whole-archive)
zephyr/libzephyr.a(reboot.c.obj)
                              (--whole-archive)
zephyr/libzephyr.a(base64.c.obj)
                              (--whole-archive)
zephyr/libzephyr.a(dec.c.obj)
                              (--whole-archive)
zephyr/libzephyr.a(hex.c.obj)
                              (--whole-archive)
zephyr/libzephyr.a(rb.c.obj)  (--whole-archive)
zephyr/libzephyr.a(set.c.obj)
                              (--whole-archive)
zephyr/libzephyr.a(timeutil.c.obj)
                              (--whole-archive)
zephyr/libzephyr.a(bitarray.c.obj)
                              (--whole-archive)
zephyr/libzephyr.a(bitmask.c.obj)
                              (--whole-archive)
zephyr/libzephyr.a(getopt.c.obj)
                              (--whole-archive)
zephyr/libzephyr.a(getopt_common.c.obj)
                              (--whole-archive)
zephyr/libzephyr.a(onoff.c.obj)
                              (--whole-archive)
zephyr/libzephyr.a(notify.c.obj)
                              (--whole-archive)
zephyr/libzephyr.a(ring_buffer.c.obj)
                              (--whole-archive)
zephyr/libzephyr.a(last_section_id.c.obj)
                              (--whole-archive)
zephyr/libzephyr.a(configs.c.obj)
                              (--whole-archive)
zephyr/libzephyr.a(mem_attr.c.obj)
                              (--whole-archive)
zephyr/libzephyr.a(random_psa.c.obj)
                              (--whole-archive)
zephyr/libzephyr.a(flash_map.c.obj)
                              (--whole-archive)
zephyr/libzephyr.a(flash_map_default.c.obj)
                              (--whole-archive)
zephyr/libzephyr.a(flash_map_layout.c.obj)
                              (--whole-archive)
zephyr/libzephyr.a(tracing_none.c.obj)
                              (--whole-archive)
zephyr/libzephyr.a(usb_device.c.obj)
                              (--whole-archive)
zephyr/libzephyr.a(usb_descriptor.c.obj)
                              (--whole-archive)
zephyr/libzephyr.a(usb_transfer.c.obj)
                              (--whole-archive)
zephyr/libzephyr.a(cdc_acm.c.obj)
                              (--whole-archive)
[...]
Memory Configuration

Name             Origin             Length             Attributes
FLASH            0x00000000         0x00010000         xr
RAM              0x20000000         0x00070000         xw
IDT_LIST         0xffff7fff         0x00008000         xw
*default*        0x00000000         0xffffffff

Linker script and memory map

                0x00009a70                        vfprintf = __m_vfprintf
                0x00000000                        vfscanf = __m_vfscanf
LOAD zephyr/CMakeFiles/zephyr_pre0.dir/misc/empty_file.c.obj
LOAD C:\Users\Javad\AppData\Local\Temp\ccspvjKy.ltrans0.ltrans.o
LOAD C:\Users\Javad\AppData\Local\Temp\ccspvjKy.ltrans1.ltrans.o
LOAD C:\Users\Javad\AppData\Local\Temp\cclZzj0a.debug.temp.o
LOAD C:\Users\Javad\AppData\Local\Temp\ccql09qB.debug.temp.o
LOAD C:\Users\Javad\AppData\Local\Temp\ccJiy4n2.debug.temp.o
LOAD C:\Users\Javad\AppData\Local\Temp\cckjtc9s.debug.temp.o
LOAD C:\Users\Javad\AppData\Local\Temp\cc3dHsYS.debug.temp.o
LOAD C:\Users\Javad\AppData\Local\Temp\ccYkeLgj.debug.temp.o
LOAD C:\Users\Javad\AppData\Local\Temp\cclqx4sJ.debug.temp.o
LOAD C:\Users\Javad\AppData\Local\Temp\ccGiidDd.debug.temp.o
LOAD C:\Users\Javad\AppData\Local\Temp\ccji4G1H.debug.temp.o
LOAD C:\Users\Javad\AppData\Local\Temp\ccaDZpdc.debug.temp.o
LOAD C:\Users\Javad\AppData\Local\Temp\ccf14kKF.debug.temp.o
LOAD C:\Users\Javad\AppData\Local\Temp\ccWWxM98.debug.temp.o
LOAD C:\Users\Javad\AppData\Local\Temp\ccdNMmMC.debug.temp.o
LOAD C:\Users\Javad\AppData\Local\Temp\ccEwhkF5.debug.temp.o
LOAD C:\Users\Javad\AppData\Local\Temp\ccnjH4Ly.debug.temp.o
LOAD C:\Users\Javad\AppData\Local\Temp\cce0pXW0.debug.temp.o
LOAD C:\Users\Javad\AppData\Local\Temp\ccxB8EDt.debug.temp.o
LOAD C:\Users\Javad\AppData\Local\Temp\ccku0wb0.debug.temp.o
LOAD C:\Users\Javad\AppData\Local\Temp\ccdSEO5v.debug.temp.o
LOAD C:\Users\Javad\AppData\Local\Temp\ccwdB7P1.debug.temp.o
LOAD C:\Users\Javad\AppData\Local\Temp\ccNljmUx.debug.temp.o
LOAD C:\Users\Javad\AppData\Local\Temp\ccMWyQc3.debug.temp.o
LOAD C:\Users\Javad\AppData\Local\Temp\ccV4oCKy.debug.temp.o
LOAD C:\Users\Javad\AppData\Local\Temp\cc4GsZd4.debug.temp.o
LOAD C:\Users\Javad\AppData\Local\Temp\ccVFa3Yy.debug.temp.o
LOAD C:\Users\Javad\AppData\Local\Temp\ccEqX1w3.debug.temp.o
LOAD C:\Users\Javad\AppData\Local\Temp\ccRKqxxy.debug.temp.o
LOAD C:\Users\Javad\AppData\Local\Temp\ccglZgp3.debug.temp.o
LOAD C:\Users\Javad\AppData\Local\Temp\ccJFyfuC.debug.temp.o
LOAD C:\Users\Javad\AppData\Local\Temp\ccMcXnEa.debug.temp.o
LOAD C:\Users\Javad\AppData\Local\Temp\cclUy6EI.debug.temp.o
LOAD C:\Users\Javad\AppData\Local\Temp\ccs9QQdg.debug.temp.o
LOAD C:\Users\Javad\AppData\Local\Temp\ccdzG4JN.debug.temp.o
LOAD C:\Users\Javad\AppData\Local\Temp\ccManbxl.debug.temp.o
LOAD C:\Users\Javad\AppData\Local\Temp\cclGmTTS.debug.temp.o
LOAD C:\Users\Javad\AppData\Local\Temp\ccCkrpZt.debug.temp.o
LOAD C:\Users\Javad\AppData\Local\Temp\ccZZSzZ4.debug.temp.o
LOAD C:\Users\Javad\AppData\Local\Temp\ccAUi7uF.debug.temp.o
LOAD C:\Users\Javad\AppData\Local\Temp\cc3UxAUf.debug.temp.o
LOAD C:\Users\Javad\AppData\Local\Temp\ccwtowBQ.debug.temp.o
LOAD C:\Users\Javad\AppData\Local\Temp\ccxhsXwq.debug.temp.o
LOAD C:\Users\Javad\AppData\Local\Temp\ccsMbKm0.debug.temp.o
LOAD C:\Users\Javad\AppData\Local\Temp\ccb5BuJz.debug.temp.o
LOAD C:\Users\Javad\AppData\Local\Temp\ccE5cfU8.debug.temp.o
LOAD C:\Users\Javad\AppData\Local\Temp\ccT2xUaM.debug.temp.o
LOAD C:\Users\Javad\AppData\Local\Temp\ccAWVFXp.debug.temp.o
LOAD C:\Users\Javad\AppData\Local\Temp\ccbzeeb3.debug.temp.o
LOAD C:\Users\Javad\AppData\Local\Temp\ccemf2qF.debug.temp.o
LOAD C:\Users\Javad\AppData\Local\Temp\ccPCoTDh.debug.temp.o
LOAD C:\Users\Javad\AppData\Local\Temp\ccmj4rgU.debug.temp.o
LOAD C:\Users\Javad\AppData\Local\Temp\cctIP2Tv.debug.temp.o
LOAD C:\Users\Javad\AppData\Local\Temp\ccoBntI7.debug.temp.o
LOAD C:\Users\Javad\AppData\Local\Temp\ccf6p9BN.debug.temp.o
LOAD C:\Users\Javad\AppData\Local\Temp\ccubZ5it.debug.temp.o
LOAD C:\Users\Javad\AppData\Local\Temp\cc3AJlm8.debug.temp.o
LOAD C:\Users\Javad\AppData\Local\Temp\ccyQT8WN.debug.temp.o
LOAD C:\Users\Javad\AppData\Local\Temp\ccDoOHQs.debug.temp.o
LOAD C:\Users\Javad\AppData\Local\Temp\cc60CfI6.debug.temp.o
LOAD C:\Users\Javad\AppData\Local\Temp\cc5dm31K.debug.temp.o
LOAD C:\Users\Javad\AppData\Local\Temp\ccmKiX2s.debug.temp.o
LOAD C:\Users\Javad\AppData\Local\Temp\cctLxJzb.debug.temp.o
LOAD C:\Users\Javad\AppData\Local\Temp\ccW79ubT.debug.temp.o
LOAD C:\Users\Javad\AppData\Local\Temp\ccVQzO0A.debug.temp.o
LOAD C:\Users\Javad\AppData\Local\Temp\cc0GvBLi.debug.temp.o
LOAD C:\Users\Javad\AppData\Local\Temp\cclX41yZ.debug.temp.o
LOAD C:\Users\Javad\AppData\Local\Temp\cc8p5KUG.debug.temp.o
LOAD C:\Users\Javad\AppData\Local\Temp\ccT1kl5n.debug.temp.o
LOAD C:\Users\Javad\AppData\Local\Temp\cc67ALO4.debug.temp.o
LOAD C:\Users\Javad\AppData\Local\Temp\ccrUCukP.debug.temp.o
LOAD C:\Users\Javad\AppData\Local\Temp\ccOdDiDz.debug.temp.o
LOAD C:\Users\Javad\AppData\Local\Temp\cctg6bok.debug.temp.o
LOAD C:\Users\Javad\AppData\Local\Temp\ccyAB754.debug.temp.o
LOAD C:\Users\Javad\AppData\Local\Temp\ccLMaKlP.debug.temp.o
LOAD C:\Users\Javad\AppData\Local\Temp\cckMzZWy.debug.temp.o
LOAD C:\Users\Javad\AppData\Local\Temp\cc3cS7mi.debug.temp.o
LOAD C:\Users\Javad\AppData\Local\Temp\cc0SSme1.debug.temp.o
LOAD C:\Users\Javad\AppData\Local\Temp\ccF9ImqO.debug.temp.o
LOAD C:\Users\Javad\AppData\Local\Temp\ccynEPuB.debug.temp.o
LOAD C:\Users\Javad\AppData\Local\Temp\cczX2Kyn.debug.temp.o
LOAD C:\Users\Javad\AppData\Local\Temp\ccEdEqU9.debug.temp.o
LOAD C:\Users\Javad\AppData\Local\Temp\ccfIgVLV.debug.temp.o
LOAD C:\Users\Javad\AppData\Local\Temp\ccAwHkbH.debug.temp.o
LOAD C:\Users\Javad\AppData\Local\Temp\cct46Fqw.debug.temp.o
LOAD C:\Users\Javad\AppData\Local\Temp\ccacanwl.debug.temp.o
LOAD C:\Users\Javad\AppData\Local\Temp\ccNvSjRa.debug.temp.o
LOAD C:\Users\Javad\AppData\Local\Temp\ccG9QRqZ.debug.temp.o
LOAD C:\Users\Javad\AppData\Local\Temp\ccVoHKWN.debug.temp.o
LOAD C:\Users\Javad\AppData\Local\Temp\ccgTxwKC.debug.temp.o
LOAD C:\Users\Javad\AppData\Local\Temp\ccVPfbNq.debug.temp.o
LOAD C:\Users\Javad\AppData\Local\Temp\ccwiRz3e.debug.temp.o
LOAD C:\Users\Javad\AppData\Local\Temp\ccL18gi3.debug.temp.o
LOAD C:\Users\Javad\AppData\Local\Temp\ccIxqVwQ.debug.temp.o
LOAD C:\Users\Javad\AppData\Local\Temp\ccX2O7jE.debug.temp.o
LOAD C:\Users\Javad\AppData\Local\Temp\ccI6KWWr.debug.temp.o
LOAD C:\Users\Javad\AppData\Local\Temp\ccd6aUoj.debug.temp.o
LOAD C:\Users\Javad\AppData\Local\Temp\ccE1RU3a.debug.temp.o
LOAD C:\Users\Javad\AppData\Local\Temp\ccd3Vu11.debug.temp.o
LOAD C:\Users\Javad\AppData\Local\Temp\cccAp5eT.debug.temp.o
LOAD C:\Users\Javad\AppData\Local\Temp\ccTN5clK.debug.temp.o
LOAD C:\Users\Javad\AppData\Local\Temp\ccMRp9KA.debug.temp.o
LOAD C:\Users\Javad\AppData\Local\Temp\ccTWcqpr.debug.temp.o
LOAD C:\Users\Javad\AppData\Local\Temp\ccmZ8MYh.debug.temp.o
LOAD C:\Users\Javad\AppData\Local\Temp\ccdIUmB7.debug.temp.o
LOAD C:\Users\Javad\AppData\Local\Temp\ccSUuPFX.debug.temp.o
LOAD C:\Users\Javad\AppData\Local\Temp\cc527oyN.debug.temp.o
LOAD C:\Users\Javad\AppData\Local\Temp\ccIE3RoH.debug.temp.o
LOAD C:\Users\Javad\AppData\Local\Temp\ccHDxNqB.debug.temp.o
LOAD C:\Users\Javad\AppData\Local\Temp\cccJy8Bu.debug.temp.o
LOAD C:\Users\Javad\AppData\Local\Temp\ccJ70s2n.debug.temp.o
LOAD C:\Users\Javad\AppData\Local\Temp\cceVgYyg.debug.temp.o
LOAD C:\Users\Javad\AppData\Local\Temp\ccfvZDD9.debug.temp.o
LOAD C:\Users\Javad\AppData\Local\Temp\ccuqRyv2.debug.temp.o
LOAD C:\Users\Javad\AppData\Local\Temp\ccdryGFU.debug.temp.o
LOAD C:\Users\Javad\AppData\Local\Temp\ccG5jwTQ.debug.temp.o
LOAD C:\Users\Javad\AppData\Local\Temp\cc9tbDWM.debug.temp.o
LOAD C:\Users\Javad\AppData\Local\Temp\ccWYWdSI.debug.temp.o
LOAD C:\Users\Javad\AppData\Local\Temp\ccxz8yIE.debug.temp.o
LOAD C:\Users\Javad\AppData\Local\Temp\cc0lI2Mz.debug.temp.o
LOAD C:\Users\Javad\AppData\Local\Temp\ccxoRG5u.debug.temp.o
LOAD C:\Users\Javad\AppData\Local\Temp\ccC8DqCp.debug.temp.o
LOAD C:\Users\Javad\AppData\Local\Temp\ccjm0rmk.debug.temp.o
LOAD C:\Users\Javad\AppData\Local\Temp\ccEeRhVe.debug.temp.o
LOAD C:\Users\Javad\AppData\Local\Temp\ccloPHzd.debug.temp.o
LOAD C:\Users\Javad\AppData\Local\Temp\ccWcm6zb.debug.temp.o
LOAD C:\Users\Javad\AppData\Local\Temp\ccXIA9R9.debug.temp.o
LOAD C:\Users\Javad\AppData\Local\Temp\ccOrOFB7.debug.temp.o
LOAD C:\Users\Javad\AppData\Local\Temp\cchWoem4.debug.temp.o
LOAD C:\Users\Javad\AppData\Local\Temp\ccyM1c74.debug.temp.o
LOAD C:\Users\Javad\AppData\Local\Temp\ccFZuHi6.debug.temp.o
LOAD C:\Users\Javad\AppData\Local\Temp\cccaUNq6.debug.temp.o
LOAD C:\Users\Javad\AppData\Local\Temp\ccFoiAV6.debug.temp.o
LOAD C:\Users\Javad\AppData\Local\Temp\ccCaW9H6.debug.temp.o
LOAD C:\Users\Javad\AppData\Local\Temp\cc3R1uN6.debug.temp.o
LOAD C:\Users\Javad\AppData\Local\Temp\cciRzYK6.debug.temp.o
LOAD C:\Users\Javad\AppData\Local\Temp\cc5VjNI5.debug.temp.o
LOAD C:\Users\Javad\AppData\Local\Temp\ccYTMJZ4.debug.temp.o
LOAD C:\Users\Javad\AppData\Local\Temp\cc3tmFi8.debug.temp.o
LOAD C:\Users\Javad\AppData\Local\Temp\ccIEVFqb.debug.temp.o
LOAD C:\Users\Javad\AppData\Local\Temp\ccvH8ZMe.debug.temp.o
LOAD C:\Users\Javad\AppData\Local\Temp\ccw37Vjh.debug.temp.o
LOAD C:\Users\Javad\AppData\Local\Temp\cctTdB8j.debug.temp.o
LOAD C:\Users\Javad\AppData\Local\Temp\ccoKybhm.debug.temp.o
LOAD C:\Users\Javad\AppData\Local\Temp\ccHXknfo.debug.temp.o
LOAD C:\Users\Javad\AppData\Local\Temp\ccUrHUtq.debug.temp.o
LOAD C:\Users\Javad\AppData\Local\Temp\cclzkOVr.debug.temp.o
LOAD C:\Users\Javad\AppData\Local\Temp\ccoWphmt.debug.temp.o
LOAD C:\Users\Javad\AppData\Local\Temp\ccPBon1u.debug.temp.o
LOAD C:\Users\Javad\AppData\Local\Temp\ccg9mNrA.debug.temp.o
LOAD C:\Users\Javad\AppData\Local\Temp\ccF9obmG.debug.temp.o
LOAD C:\Users\Javad\AppData\Local\Temp\cccaTwlL.debug.temp.o
LOAD C:\Users\Javad\AppData\Local\Temp\cc7qVUdQ.debug.temp.o
LOAD C:\Users\Javad\AppData\Local\Temp\ccwPdfzV.debug.temp.o
LOAD C:\Users\Javad\AppData\Local\Temp\ccRp3C3Z.debug.temp.o
LOAD C:\Users\Javad\AppData\Local\Temp\ccQ0UQp4.debug.temp.o
LOAD C:\Users\Javad\AppData\Local\Temp\ccvnYNd9.debug.temp.o
LOAD C:\Users\Javad\AppData\Local\Temp\ccovIq3c.debug.temp.o
LOAD C:\Users\Javad\AppData\Local\Temp\ccZtEHIg.debug.temp.o
LOAD C:\Users\Javad\AppData\Local\Temp\ccSPv2Mk.debug.temp.o
LOAD C:\Users\Javad\AppData\Local\Temp\ccRilxDs.debug.temp.o
LOAD C:\Users\Javad\AppData\Local\Temp\ccMlW6UA.debug.temp.o
LOAD C:\Users\Javad\AppData\Local\Temp\ccVxOEhI.debug.temp.o
LOAD C:\Users\Javad\AppData\Local\Temp\ccsSIMTO.debug.temp.o
LOAD C:\Users\Javad\AppData\Local\Temp\ccJmqV5Y.debug.temp.o
LOAD C:\Users\Javad\AppData\Local\Temp\cc8MRVw9.debug.temp.o
LOAD C:\Users\Javad\AppData\Local\Temp\ccNT6yfj.debug.temp.o
LOAD C:\Users\Javad\AppData\Local\Temp\cc62ICbt.debug.temp.o
LOAD C:\Users\Javad\AppData\Local\Temp\cckxhA8u.debug.temp.o
LOAD C:\Users\Javad\AppData\Local\Temp\cckiOGTw.debug.temp.o
LOAD C:\Users\Javad\AppData\Local\Temp\cccVoqdz.debug.temp.o
LOAD C:\Users\Javad\AppData\Local\Temp\ccKRqWmB.debug.temp.o
LOAD C:\Users\Javad\AppData\Local\Temp\ccmEgRAC.debug.temp.o
LOAD C:\Users\Javad\AppData\Local\Temp\ccevmDbE.debug.temp.o
LOAD C:\Users\Javad\AppData\Local\Temp\cc67wR3E.debug.temp.o
LOAD C:\Users\Javad\AppData\Local\Temp\ccUcvh9F.debug.temp.o
LOAD C:\Users\Javad\AppData\Local\Temp\ccstnP6G.debug.temp.o
LOAD C:\Users\Javad\AppData\Local\Temp\ccAegK7G.debug.temp.o
LOAD C:\Users\Javad\AppData\Local\Temp\ccWeZXFH.debug.temp.o
LOAD C:\Users\Javad\AppData\Local\Temp\ccIcYp3L.debug.temp.o
LOAD C:\Users\Javad\AppData\Local\Temp\ccMBcHDQ.debug.temp.o
LOAD C:\Users\Javad\AppData\Local\Temp\ccMEYe3U.debug.temp.o
LOAD C:\Users\Javad\AppData\Local\Temp\ccKA3RPY.debug.temp.o
LOAD C:\Users\Javad\AppData\Local\Temp\ccE0GEu2.debug.temp.o
LOAD zephyr/CMakeFiles/offsets.dir/./arch/arm/core/offsets/offsets.c.obj
LOAD app/libapp.a
LOAD zephyr/libzephyr.a
LOAD zephyr/arch/common/libarch__common.a
LOAD zephyr/arch/arch/arm/core/libarch__arm__core.a
LOAD zephyr/arch/arch/arm/core/cortex_m/libarch__arm__core__cortex_m.a
LOAD zephyr/arch/arch/arm/core/cortex_m/cmse/libarch__arm__core__cortex_m__cmse.a
LOAD zephyr/arch/arch/arm/core/mpu/libarch__arm__core__mpu.a
LOAD zephyr/lib/libc/picolibc/liblib__libc__picolibc.a
LOAD zephyr/lib/libc/common/liblib__libc__common.a
LOAD zephyr/lib/posix/c_lib_ext/liblib__posix__c_lib_ext.a
LOAD zephyr/soc/soc/nrf5340/libsoc__nordic.a
LOAD zephyr/boards/nordic/thingy53/libboards__nordic__thingy53.a
LOAD zephyr/subsys/crc/libsubsys__crc.a
LOAD zephyr/drivers/usb/device/libdrivers__usb__device.a
LOAD zephyr/drivers/usb/common/nrf_usbd_common/libdrivers__usb__common__nrf_usbd_common.a
LOAD zephyr/drivers/clock_control/libdrivers__clock_control.a
LOAD zephyr/drivers/flash/libdrivers__flash.a
LOAD zephyr/drivers/gpio/libdrivers__gpio.a
LOAD zephyr/drivers/hwinfo/libdrivers__hwinfo.a
LOAD zephyr/drivers/pinctrl/libdrivers__pinctrl.a
LOAD zephyr/drivers/regulator/libdrivers__regulator.a
LOAD zephyr/drivers/serial/libdrivers__serial.a
LOAD zephyr/drivers/timer/libdrivers__timer.a
LOAD modules/nrf/lib/fprotect/lib..__nrf__lib__fprotect.a
LOAD modules/nrf/subsys/nrf_security/src/zephyr/libmbedtls_zephyr.a
LOAD modules/mcuboot/boot/bootutil/zephyr/libmcuboot_util.a
LOAD modules/hal_nordic/modules/hal_nordic/nrfx/libnrfx.a
LOAD modules/zcbor/libmodules__zcbor.a
LOAD zephyr/kernel/libkernel.a
LOAD zephyr/arch/common/libisr_tables.a
LOAD modules/nrf/subsys/nrf_security/src/libmbedcrypto.a
LOAD modules/nrf/subsys/nrf_security/src/core/lite/libpsa_core.a
LOAD modules/nrf/subsys/nrf_security/src/drivers/nrf_oberon/liboberon_psa_driver.a
LOAD modules/nrf/subsys/nrf_security/src/libmbedcrypto.a
LOAD modules/nrf/subsys/nrf_security/src/core/lite/libpsa_core.a
LOAD modules/nrf/subsys/nrf_security/src/drivers/nrf_oberon/liboberon_psa_driver.a
LOAD modules/nrf/subsys/nrf_security/src/libnrf_security_utils.a
LOAD zephyr/kernel/libkernel.a
LOAD C:/ncs/v3.4.0/nrfxlib/crypto/nrf_oberon/lib/cortex-m33/soft-float/liboberon_3.0.19.a
LOAD C:/ncs/toolchains/dcbdc366a1/opt/zephyr-sdk/gnu/arm-zephyr-eabi/bin/../lib/gcc/arm-zephyr-eabi/14.3.0/../../../../arm-zephyr-eabi/lib/thumb/v8-m.main/nofp/space\libc.a
LOAD C:/ncs/toolchains/dcbdc366a1/opt/zephyr-sdk/gnu/arm-zephyr-eabi/bin/../lib/gcc/arm-zephyr-eabi/14.3.0/thumb/v8-m.main/nofp/space\libgcc.a
                0x00000020                        _region_min_align = 0x20

.rel.plt        0x00000000        0x0
 *(SORT_BY_ALIGNMENT(.rel.plt))
                [!provide]                        PROVIDE (__rel_iplt_start = .)
 *(SORT_BY_ALIGNMENT(.rel.iplt))
 .rel.iplt      0x00000000        0x0 zephyr/arch/arch/arm/core/libarch__arm__core.a(nmi_on_reset.S.obj)
                [!provide]                        PROVIDE (__rel_iplt_end = .)

.rela.plt       0x00000000        0x0
 *(SORT_BY_ALIGNMENT(.rela.plt))
                [!provide]                        PROVIDE (__rela_iplt_start = .)
 *(SORT_BY_ALIGNMENT(.rela.iplt))
                [!provide]                        PROVIDE (__rela_iplt_end = .)

.rel.dyn
 *(SORT_BY_ALIGNMENT(.rel.*))

.rela.dyn
 *(SORT_BY_ALIGNMENT(.rela.*))

/DISCARD/
 *(SORT_BY_ALIGNMENT(.plt))

/DISCARD/
 *(SORT_BY_ALIGNMENT(.iplt))
                0x00000000                        __rom_region_start = 0x0

rom_start       0x00000000      0x154
                0x00000000                        __rom_start_address = .
 FILL mask 0x00
                0x00000000                        . = (. + (0x0 - (. - __rom_start_address)))
                0x00000000                        . = ALIGN (0x4)
                0x00000000                        . = ALIGN (0x80)
                0x00000000                        . = ALIGN (0x200)
                0x00000000                        _vector_start = .
 *(SORT_BY_ALIGNMENT(.exc_vector_table))
 *(SORT_BY_ALIGNMENT(.exc_vector_table.*))
 .exc_vector_table._vector_table_section
                0x00000000       0x40 zephyr/arch/arch/arm/core/cortex_m/libarch__arm__core__cortex_m.a(vector_table.S.obj)
                0x00000000                _vector_table
 *(SORT_BY_ALIGNMENT(.vectors))
                0x00000154                        _vector_end = .
                0x00000040                        . = ALIGN (0x4)
 *(SORT_BY_ALIGNMENT(.gnu.linkonce.irq_vector_table*))
 .gnu.linkonce.irq_vector_table
                0x00000040      0x114 C:\Users\Javad\AppData\Local\Temp\ccspvjKy.ltrans0.ltrans.o
                0x00000040                _irq_vector_table
                0x00000154                        _vector_end = .

text            0x00000154     0xb740
                0x00000154                        __text_region_start = .
 *(SORT_BY_ALIGNMENT(.text))
 .text          0x00000154       0xb0 C:/ncs/v3.4.0/nrfxlib/crypto/nrf_oberon/lib/cortex-m33/soft-float/liboberon_3.0.19.a(ocrypto_bigint128.s.obj)
                0x00000154                ocrypto_bigint_add128
                0x0000017c                ocrypto_bigint_sub128
                0x000001a4                ocrypto_bigint_mul128
 .text          0x00000204      0x41c C:/ncs/v3.4.0/nrfxlib/crypto/nrf_oberon/lib/cortex-m33/soft-float/liboberon_3.0.19.a(ocrypto_bigint256.s.obj)
                0x00000204                ocrypto_bigint_add256
                0x00000244                ocrypto_bigint_sub256
                0x00000284                ocrypto_bigint_cadd256
                0x000002e0                ocrypto_bigint_csub256
                0x0000033c                ocrypto_bigint_cswap256
                0x00000370                ocrypto_mul256_noframe
                0x000004c8                ocrypto_bigint_mul256
                0x000004e8                ocrypto_sqr256_noframe
                0x00000600                ocrypto_bigint_sqr256
 .text          0x00000620      0x334 C:/ncs/v3.4.0/nrfxlib/crypto/nrf_oberon/lib/cortex-m33/soft-float/liboberon_3.0.19.a(ocrypto_sha256_loop.s.obj)
                0x00000620                ocrypto_sha256_loop
 .text          0x00000954      0x24c C:/ncs/v3.4.0/nrfxlib/crypto/nrf_oberon/lib/cortex-m33/soft-float/liboberon_3.0.19.a(ocrypto_wideint.s.obj)
                0x00000954                ocrypto_wideint_add
                0x0000099c                ocrypto_wideint_sub
                0x000009e4                ocrypto_wideint_cadd
                0x00000a54                ocrypto_wideint_csub
                0x00000ac4                ocrypto_wideint_addw
                0x00000af4                ocrypto_wideint_cneg
                0x00000b30                ocrypto_wideint_sadd
 .text          0x00000ba0       0x30 C:/ncs/toolchains/dcbdc366a1/opt/zephyr-sdk/gnu/arm-zephyr-eabi/bin/../lib/gcc/arm-zephyr-eabi/14.3.0/thumb/v8-m.main/nofp/space\libgcc.a(_aeabi_uldivmod.o)
                0x00000ba0                __aeabi_uldivmod
 .text          0x00000bd0        0x4 C:/ncs/toolchains/dcbdc366a1/opt/zephyr-sdk/gnu/arm-zephyr-eabi/bin/../lib/gcc/arm-zephyr-eabi/14.3.0/thumb/v8-m.main/nofp/space\libgcc.a(_dvmd_tls.o)
                0x00000bd0                __aeabi_idiv0
                0x00000bd0                __aeabi_ldiv0
 .text          0x00000bd4       0x10 C:/ncs/toolchains/dcbdc366a1/opt/zephyr-sdk/gnu/arm-zephyr-eabi/bin/../lib/gcc/arm-zephyr-eabi/14.3.0/../../../../arm-zephyr-eabi/lib/thumb/v8-m.main/nofp/space\libc.a(strlen.S.o)
                0x00000bd4                strlen
 .text          0x00000be4      0x2ba C:/ncs/toolchains/dcbdc366a1/opt/zephyr-sdk/gnu/arm-zephyr-eabi/bin/../lib/gcc/arm-zephyr-eabi/14.3.0/thumb/v8-m.main/nofp/space\libgcc.a(_udivmoddi4.o)
                0x00000be4                __udivmoddi4
 *(SORT_BY_ALIGNMENT(.text.*))
 *fill*         0x00000e9e        0x2 
 .text.class_handler.lto_priv.0
                0x00000ea0       0x44 C:\Users\Javad\AppData\Local\Temp\ccspvjKy.ltrans0.ltrans.o
                0x00000ea0                class_handler.lto_priv.0
 .text.custom_handler.lto_priv.0
                0x00000ee4       0x64 C:\Users\Javad\AppData\Local\Temp\ccspvjKy.ltrans0.ltrans.o
                0x00000ee4                custom_handler.lto_priv.0
 .text.vendor_handler.lto_priv.0
                0x00000f48       0x3c C:\Users\Javad\AppData\Local\Temp\ccspvjKy.ltrans0.ltrans.o
                0x00000f48                vendor_handler.lto_priv.0
 .text.is_ep_valid.part.0
                0x00000f84       0x38 C:\Users\Javad\AppData\Local\Temp\ccspvjKy.ltrans0.ltrans.o
 .text.usb_ep_get_transfer
                0x00000fbc       0x2c C:\Users\Javad\AppData\Local\Temp\ccspvjKy.ltrans0.ltrans.o
 .text.cdc_acm_int_in
                0x00000fe8       0x38 C:\Users\Javad\AppData\Local\Temp\ccspvjKy.ltrans0.ltrans.o
 .text.console_write
                0x00001020       0x24 C:\Users\Javad\AppData\Local\Temp\ccspvjKy.ltrans0.ltrans.o
                0x00001020                console_write
 .text.mem_manage_fault
                0x00001044       0x74 C:\Users\Javad\AppData\Local\Temp\ccspvjKy.ltrans0.ltrans.o
 .text.bus_fault
                0x000010b8       0x68 C:\Users\Javad\AppData\Local\Temp\ccspvjKy.ltrans0.ltrans.o
 .text.usage_fault
                0x00001120       0x5c C:\Users\Javad\AppData\Local\Temp\ccspvjKy.ltrans0.ltrans.o
 .text.__NVIC_EnableIRQ
                0x0000117c       0x1c C:\Users\Javad\AppData\Local\Temp\ccspvjKy.ltrans0.ltrans.o
 .text.region_allocate_and_init
                0x00001198       0x44 C:\Users\Javad\AppData\Local\Temp\ccspvjKy.ltrans0.ltrans.o
 .text.gppi_init
                0x000011dc       0x1c C:\Users\Javad\AppData\Local\Temp\ccspvjKy.ltrans0.ltrans.o
 .text.onoff_stop.lto_priv.1
                0x000011f8       0x30 C:\Users\Javad\AppData\Local\Temp\ccspvjKy.ltrans0.ltrans.o
 .text.onoff_start.lto_priv.1
                0x00001228       0x44 C:\Users\Javad\AppData\Local\Temp\ccspvjKy.ltrans0.ltrans.o
 .text.hfclk_event_handler
                0x0000126c        0xc C:\Users\Javad\AppData\Local\Temp\ccspvjKy.ltrans0.ltrans.o
 .text.lfclk_event_handler
                0x00001278        0xc C:\Users\Javad\AppData\Local\Temp\ccspvjKy.ltrans0.ltrans.o
 .text.qspi_nor_pages_layout
                0x00001284       0x10 C:\Users\Javad\AppData\Local\Temp\ccspvjKy.ltrans0.ltrans.o
 .text.qspi_flash_get_parameters
                0x00001294        0x8 C:\Users\Javad\AppData\Local\Temp\ccspvjKy.ltrans0.ltrans.o
 .text.flash_nrf_pages_layout
                0x0000129c       0x10 C:\Users\Javad\AppData\Local\Temp\ccspvjKy.ltrans0.ltrans.o
 .text.flash_nrf_get_parameters
                0x000012ac        0x8 C:\Users\Javad\AppData\Local\Temp\ccspvjKy.ltrans0.ltrans.o
 .text.nrf_flash_init
                0x000012b4       0x28 C:\Users\Javad\AppData\Local\Temp\ccspvjKy.ltrans0.ltrans.o
 .text.nrfx_power_clock_irq_init.lto_priv.0
                0x000012dc       0x14 C:\Users\Javad\AppData\Local\Temp\ccspvjKy.ltrans0.ltrans.o
 .text.cdc_acm_class_handle_req
                0x000012f0       0x74 C:\Users\Javad\AppData\Local\Temp\ccspvjKy.ltrans0.ltrans.o
 .text.usb_reset_alt_setting
                0x00001364       0x10 C:\Users\Javad\AppData\Local\Temp\ccspvjKy.ltrans0.ltrans.o
 .text.cdc_acm_reset_port
                0x00001374       0x3c C:\Users\Javad\AppData\Local\Temp\ccspvjKy.ltrans0.ltrans.o
 .text.cdc_acm_irq_tx_enable.lto_priv.0
                0x000013b0       0x20 C:\Users\Javad\AppData\Local\Temp\ccspvjKy.ltrans0.ltrans.o
                0x000013b0                cdc_acm_irq_tx_enable.lto_priv.0
 .text.cdc_acm_irq_rx_enable.lto_priv.0
                0x000013d0       0x20 C:\Users\Javad\AppData\Local\Temp\ccspvjKy.ltrans0.ltrans.o
                0x000013d0                cdc_acm_irq_rx_enable.lto_priv.0
 .text.k_sem_take.lto_priv.0
                0x000013f0       0x4c C:\Users\Javad\AppData\Local\Temp\ccspvjKy.ltrans0.ltrans.o
 .text.api_blocking_start.lto_priv.0
                0x0000143c       0x30 C:\Users\Javad\AppData\Local\Temp\ccspvjKy.ltrans0.ltrans.o
                0x0000143c                api_blocking_start.lto_priv.0
 .text.cdc_acm_write_cb
                0x0000146c       0x54 C:\Users\Javad\AppData\Local\Temp\ccspvjKy.ltrans0.ltrans.o
 .text.z_usb_work_q_init
                0x000014c0       0x18 C:\Users\Javad\AppData\Local\Temp\ccspvjKy.ltrans0.ltrans.o
 .text.hfclk192m_start.lto_priv.0
                0x000014d8       0x3c C:\Users\Javad\AppData\Local\Temp\ccspvjKy.ltrans0.ltrans.o
                0x000014d8                hfclk192m_start.lto_priv.0
 .text.hfclkaudio_start.lto_priv.0
                0x00001514       0x3c C:\Users\Javad\AppData\Local\Temp\ccspvjKy.ltrans0.ltrans.o
                0x00001514                hfclkaudio_start.lto_priv.0
 .text.lfclk_start.lto_priv.0
                0x00001550       0x88 C:\Users\Javad\AppData\Local\Temp\ccspvjKy.ltrans0.ltrans.o
                0x00001550                lfclk_start.lto_priv.0
 .text.generic_hfclk_start.lto_priv.0
                0x000015d8       0xa8 C:\Users\Javad\AppData\Local\Temp\ccspvjKy.ltrans0.ltrans.o
                0x000015d8                generic_hfclk_start.lto_priv.0
 .text.clock_event_handler
                0x00001680       0x34 C:\Users\Javad\AppData\Local\Temp\ccspvjKy.ltrans0.ltrans.o
 .text.sys_clock_timeout_handler.lto_priv.0
                0x000016b4      0x118 C:\Users\Javad\AppData\Local\Temp\ccspvjKy.ltrans0.ltrans.o
                0x000016b4                sys_clock_timeout_handler.lto_priv.0
 .text.gpio_pin_configure_dt.lto_priv.0.lto_priv.0
                0x000017cc       0x3c C:\Users\Javad\AppData\Local\Temp\ccspvjKy.ltrans0.ltrans.o
                0x000017cc                gpio_pin_configure_dt.lto_priv.0.lto_priv.0
 .text.bootutil_sha_init.lto_priv.0.lto_priv.0
                0x00001808       0x38 C:\Users\Javad\AppData\Local\Temp\ccspvjKy.ltrans0.ltrans.o
                0x00001808                bootutil_sha_init.lto_priv.0.lto_priv.0
                0x00001808                bootutil_sha_init.lto_priv.1.lto_priv.0
 .text.nrf_gpio_pin_port_decode.lto_priv.0.lto_priv.0
                0x00001840       0x24 C:\Users\Javad\AppData\Local\Temp\ccspvjKy.ltrans0.ltrans.o
                0x00001840                nrf_gpio_pin_port_decode.lto_priv.0.lto_priv.0
 .text.cdc_acm_init.lto_priv.0
                0x00001864       0x48 C:\Users\Javad\AppData\Local\Temp\ccspvjKy.ltrans0.ltrans.o
                0x00001864                cdc_acm_init.lto_priv.0
 .text.process_event.lto_priv.0
                0x000018ac      0x1e8 C:\Users\Javad\AppData\Local\Temp\ccspvjKy.ltrans0.ltrans.o
                0x000018ac                process_event.lto_priv.0
 .text.flash_area_open
                0x00001a94       0x38 C:\Users\Javad\AppData\Local\Temp\ccspvjKy.ltrans0.ltrans.o
                0x00001a94                flash_area_open
 .text.usb_cancel_transfers
                0x00001acc       0x44 C:\Users\Javad\AppData\Local\Temp\ccspvjKy.ltrans0.ltrans.o
                0x00001acc                usb_cancel_transfers
 .text.cdc_acm_poll_out.lto_priv.0
                0x00001b10       0x78 C:\Users\Javad\AppData\Local\Temp\ccspvjKy.ltrans0.ltrans.o
                0x00001b10                cdc_acm_poll_out.lto_priv.0
 .text.k_busy_wait.lto_priv.0.lto_priv.0
                0x00001b88       0x20 C:\Users\Javad\AppData\Local\Temp\ccspvjKy.ltrans0.ltrans.o
                0x00001b88                k_busy_wait.lto_priv.2.lto_priv.0
                0x00001b88                k_busy_wait.lto_priv.0.lto_priv.0
 .text.generic_hfclk_stop.lto_priv.0
                0x00001ba8       0x60 C:\Users\Javad\AppData\Local\Temp\ccspvjKy.ltrans0.ltrans.o
                0x00001ba8                generic_hfclk_stop.lto_priv.0
 .text.console_read
                0x00001c08       0x70 C:\Users\Javad\AppData\Local\Temp\ccspvjKy.ltrans0.ltrans.o
                0x00001c08                console_read
 .text.boot_uart_fifo_callback.lto_priv.0
                0x00001c78       0x88 C:\Users\Javad\AppData\Local\Temp\ccspvjKy.ltrans0.ltrans.o
                0x00001c78                boot_uart_fifo_callback.lto_priv.0
 .text.reset_cbor_state
                0x00001d00       0x30 C:\Users\Javad\AppData\Local\Temp\ccspvjKy.ltrans0.ltrans.o
                0x00001d00                reset_cbor_state
 .text.z_arm_clear_arm_mpu_config
                0x00001d30       0x24 C:\Users\Javad\AppData\Local\Temp\ccspvjKy.ltrans0.ltrans.o
                0x00001d30                z_arm_clear_arm_mpu_config
 .text.z_arm_init_arch_hw_at_boot
                0x00001d54       0x4c C:\Users\Javad\AppData\Local\Temp\ccspvjKy.ltrans0.ltrans.o
                0x00001d54                z_arm_init_arch_hw_at_boot
 .text.__NVIC_DisableIRQ.lto_priv.0
                0x00001da0       0x24 C:\Users\Javad\AppData\Local\Temp\ccspvjKy.ltrans0.ltrans.o
                0x00001da0                __NVIC_DisableIRQ.lto_priv.0
 .text.__NVIC_SetPriority.lto_priv.0.lto_priv.0
                0x00001dc4       0x28 C:\Users\Javad\AppData\Local\Temp\ccspvjKy.ltrans0.ltrans.o
                0x00001dc4                __NVIC_SetPriority.lto_priv.0.lto_priv.0
 .text.sys_clock_driver_init
                0x00001dec       0xa0 C:\Users\Javad\AppData\Local\Temp\ccspvjKy.ltrans0.ltrans.o
 .text.usb_init
                0x00001e8c       0x94 C:\Users\Javad\AppData\Local\Temp\ccspvjKy.ltrans0.ltrans.o
 .text.clk_init.lto_priv.0
                0x00001f20       0xcc C:\Users\Javad\AppData\Local\Temp\ccspvjKy.ltrans0.ltrans.o
                0x00001f20                clk_init.lto_priv.0
 .text.z_prep_c
                0x00001fec      0x420 C:\Users\Javad\AppData\Local\Temp\ccspvjKy.ltrans0.ltrans.o
                0x00001fec                z_prep_c
 .text._HandlerModeExit
                0x0000240c       0x20 C:\Users\Javad\AppData\Local\Temp\ccspvjKy.ltrans0.ltrans.o
                0x0000240c                z_arm_int_exit
                0x0000240c                z_arm_exc_exit
 .text._isr_wrapper
                0x0000242c       0x24 C:\Users\Javad\AppData\Local\Temp\ccspvjKy.ltrans0.ltrans.o
                0x0000242c                _isr_wrapper
 .text.boot_serial_output.lto_priv.0
                0x00002450      0x1bc C:\Users\Javad\AppData\Local\Temp\ccspvjKy.ltrans0.ltrans.o
                0x00002450                boot_serial_output.lto_priv.0
 .text.endpoint_ctx.lto_priv.0
                0x0000260c       0x48 C:\Users\Javad\AppData\Local\Temp\ccspvjKy.ltrans0.ltrans.o
                0x0000260c                endpoint_ctx.lto_priv.0
 .text.usb_dc_ep_set_stall
                0x00002654       0x5c C:\Users\Javad\AppData\Local\Temp\ccspvjKy.ltrans0.ltrans.o
 .text.usb_dc_ep_mps
                0x000026b0       0x24 C:\Users\Javad\AppData\Local\Temp\ccspvjKy.ltrans0.ltrans.o
 .text.usbd_work_schedule.lto_priv.0
                0x000026d4       0x10 C:\Users\Javad\AppData\Local\Temp\ccspvjKy.ltrans0.ltrans.o
                0x000026d4                usbd_work_schedule.lto_priv.0
 .text.ep_state_access.lto_priv.0
                0x000026e4       0x20 C:\Users\Javad\AppData\Local\Temp\ccspvjKy.ltrans0.ltrans.o
                0x000026e4                ep_state_access.lto_priv.0
 .text.usb_dc_ep_configure
                0x00002704       0x48 C:\Users\Javad\AppData\Local\Temp\ccspvjKy.ltrans0.ltrans.o
                0x00002704                usb_dc_ep_configure
 .text.nrf_usbd_common_transfer_out_drop
                0x0000274c       0x4c C:\Users\Javad\AppData\Local\Temp\ccspvjKy.ltrans0.ltrans.o
 .text.usbd_ep_abort
                0x00002798       0xf0 C:\Users\Javad\AppData\Local\Temp\ccspvjKy.ltrans0.ltrans.o
 .text.nrf_usbd_common_ep_enable
                0x00002888       0x7c C:\Users\Javad\AppData\Local\Temp\ccspvjKy.ltrans0.ltrans.o
 .text.nrf_usbd_common_ep_stall_clear
                0x00002904       0x28 C:\Users\Javad\AppData\Local\Temp\ccspvjKy.ltrans0.ltrans.o
 .text.usb_halt_endpoint_req
                0x0000292c       0x84 C:\Users\Javad\AppData\Local\Temp\ccspvjKy.ltrans0.ltrans.o
 .text.usb_dc_ep_enable
                0x000029b0       0x60 C:\Users\Javad\AppData\Local\Temp\ccspvjKy.ltrans0.ltrans.o
                0x000029b0                usb_dc_ep_enable
 .text.qspi_send_cmd.lto_priv.0
                0x00002a10      0x16c C:\Users\Javad\AppData\Local\Temp\ccspvjKy.ltrans0.ltrans.o
                0x00002a10                qspi_send_cmd.lto_priv.0
 .text.qspi_nor_init
                0x00002b7c      0x4e4 C:\Users\Javad\AppData\Local\Temp\ccspvjKy.ltrans0.ltrans.o
 .text.z_nrf_rtc_timer_read
                0x00003060       0x44 C:\Users\Javad\AppData\Local\Temp\ccspvjKy.ltrans0.ltrans.o
                0x00003060                z_nrf_rtc_timer_read
 .text.arch_cpu_idle
                0x000030a4       0x88 C:\Users\Javad\AppData\Local\Temp\ccspvjKy.ltrans0.ltrans.o
                0x000030a4                arch_cpu_idle
 .text.sys_clock_disable
                0x0000312c       0x30 C:\Users\Javad\AppData\Local\Temp\ccspvjKy.ltrans0.ltrans.o
                0x0000312c                sys_clock_disable
 .text.boot_read_swap_state_by_id
                0x0000315c       0xc0 C:\Users\Javad\AppData\Local\Temp\ccspvjKy.ltrans0.ltrans.o
                0x0000315c                boot_read_swap_state_by_id
 .text.SystemInit
                0x0000321c      0x18c C:\Users\Javad\AppData\Local\Temp\ccspvjKy.ltrans0.ltrans.o
                0x0000321c                SystemInit
 .text.regulator_fixed_init
                0x000033a8      0x1ec C:\Users\Javad\AppData\Local\Temp\ccspvjKy.ltrans0.ltrans.o
 .text.usb_dc_ep_write
                0x00003594       0xf4 C:\Users\Javad\AppData\Local\Temp\ccspvjKy.ltrans0.ltrans.o
 .text.usb_data_to_host
                0x00003688       0x60 C:\Users\Javad\AppData\Local\Temp\ccspvjKy.ltrans0.ltrans.o
 .text.usb_handle_control_transfer.lto_priv.0
                0x000036e8       0xe4 C:\Users\Javad\AppData\Local\Temp\ccspvjKy.ltrans0.ltrans.o
                0x000036e8                usb_handle_control_transfer.lto_priv.0
 .text.cdc_acm_send_notification
                0x000037cc       0x4c C:\Users\Javad\AppData\Local\Temp\ccspvjKy.ltrans0.ltrans.o
 .text.usb_dc_ep_read_wait
                0x00003818       0x90 C:\Users\Javad\AppData\Local\Temp\ccspvjKy.ltrans0.ltrans.o
                0x00003818                usb_dc_ep_read_wait
 .text.k_sem_give.lto_priv.0.lto_priv.0
                0x000038a8       0x58 C:\Users\Javad\AppData\Local\Temp\ccspvjKy.ltrans0.ltrans.o
                0x000038a8                k_sem_give.lto_priv.0.lto_priv.0
                0x000038a8                k_sem_give.lto_priv.5.lto_priv.0
 .text.flash_nrf_write
                0x00003900       0xb4 C:\Users\Javad\AppData\Local\Temp\ccspvjKy.ltrans0.ltrans.o
 .text.flash_nrf_erase
                0x000039b4       0x78 C:\Users\Javad\AppData\Local\Temp\ccspvjKy.ltrans0.ltrans.o
 .text.ep_ctx_reset
                0x00003a2c       0x50 C:\Users\Javad\AppData\Local\Temp\ccspvjKy.ltrans0.ltrans.o
 .text.eps_ctx_init.lto_priv.0
                0x00003a7c       0x68 C:\Users\Javad\AppData\Local\Temp\ccspvjKy.ltrans0.ltrans.o
                0x00003a7c                eps_ctx_init.lto_priv.0
 .text.usb_dc_ep_disable
                0x00003ae4       0x84 C:\Users\Javad\AppData\Local\Temp\ccspvjKy.ltrans0.ltrans.o
 .text.disable_endpoint.lto_priv.0
                0x00003b68       0x34 C:\Users\Javad\AppData\Local\Temp\ccspvjKy.ltrans0.ltrans.o
                0x00003b68                disable_endpoint.lto_priv.0
 .text.reset_endpoint
                0x00003b9c       0x4c C:\Users\Javad\AppData\Local\Temp\ccspvjKy.ltrans0.ltrans.o
 .text.set_endpoint
                0x00003be8       0x7c C:\Users\Javad\AppData\Local\Temp\ccspvjKy.ltrans0.ltrans.o
 .text.usb_handle_standard_request.lto_priv.0
                0x00003c64      0x2e8 C:\Users\Javad\AppData\Local\Temp\ccspvjKy.ltrans0.ltrans.o
                0x00003c64                usb_handle_standard_request.lto_priv.0
 .text.forward_status_cb.lto_priv.0
                0x00003f4c       0xac C:\Users\Javad\AppData\Local\Temp\ccspvjKy.ltrans0.ltrans.o
                0x00003f4c                forward_status_cb.lto_priv.0
 .text.nrf_usbd_common_disable
                0x00003ff8       0xd0 C:\Users\Javad\AppData\Local\Temp\ccspvjKy.ltrans0.ltrans.o
                0x00003ff8                nrf_usbd_common_disable
 .text.usbd_evt_get
                0x000040c8      0x194 C:\Users\Javad\AppData\Local\Temp\ccspvjKy.ltrans0.ltrans.o
 .text.usbd_evt_put
                0x0000425c       0x98 C:\Users\Javad\AppData\Local\Temp\ccspvjKy.ltrans0.ltrans.o
 .text.usbd_evt_free
                0x000042f4       0x64 C:\Users\Javad\AppData\Local\Temp\ccspvjKy.ltrans0.ltrans.o
 .text.submit_dc_power_event
                0x00004358       0x2c C:\Users\Javad\AppData\Local\Temp\ccspvjKy.ltrans0.ltrans.o
 .text.usb_dc_power_event_handler.lto_priv.0
                0x00004384       0x5c C:\Users\Javad\AppData\Local\Temp\ccspvjKy.ltrans0.ltrans.o
                0x00004384                usb_dc_power_event_handler.lto_priv.0
 .text.usbd_event_transfer_data
                0x000043e0       0xa8 C:\Users\Javad\AppData\Local\Temp\ccspvjKy.ltrans0.ltrans.o
 .text.usbd_event_handler.lto_priv.0
                0x00004488      0x14c C:\Users\Javad\AppData\Local\Temp\ccspvjKy.ltrans0.ltrans.o
                0x00004488                usbd_event_handler.lto_priv.0
 .text.usb_dc_ep_read_continue
                0x000045d4       0x84 C:\Users\Javad\AppData\Local\Temp\ccspvjKy.ltrans0.ltrans.o
                0x000045d4                usb_dc_ep_read_continue
 .text.usb_transfer_work.lto_priv.0
                0x00004658      0x104 C:\Users\Javad\AppData\Local\Temp\ccspvjKy.ltrans0.ltrans.o
                0x00004658                usb_transfer_work.lto_priv.0
 .text.usb_transfer_ep_callback
                0x0000475c       0x58 C:\Users\Javad\AppData\Local\Temp\ccspvjKy.ltrans0.ltrans.o
 .text.usb_transfer
                0x000047b4       0xd8 C:\Users\Javad\AppData\Local\Temp\ccspvjKy.ltrans0.ltrans.o
 .text.tx_work_handler
                0x0000488c       0x9c C:\Users\Javad\AppData\Local\Temp\ccspvjKy.ltrans0.ltrans.o
 .text.cdc_acm_read_cb
                0x00004928       0x74 C:\Users\Javad\AppData\Local\Temp\ccspvjKy.ltrans0.ltrans.o
 .text.cdc_acm_dev_status_cb
                0x0000499c       0x8c C:\Users\Javad\AppData\Local\Temp\ccspvjKy.ltrans0.ltrans.o
 .text.usbd_work_handler
                0x00004a28      0x3b0 C:\Users\Javad\AppData\Local\Temp\ccspvjKy.ltrans0.ltrans.o
 .text.bs_custom_storage_erase
                0x00004dd8       0x88 C:\Users\Javad\AppData\Local\Temp\ccspvjKy.ltrans0.ltrans.o
 .text.bs_rc_rsp.lto_priv.0
                0x00004e60       0x38 C:\Users\Javad\AppData\Local\Temp\ccspvjKy.ltrans0.ltrans.o
                0x00004e60                bs_rc_rsp.lto_priv.0
 .text.bs_upload.lto_priv.0
                0x00004e98      0x494 C:\Users\Javad\AppData\Local\Temp\ccspvjKy.ltrans0.ltrans.o
                0x00004e98                bs_upload.lto_priv.0
 .text.z_impl_k_thread_abort
                0x0000532c      0x154 C:\Users\Javad\AppData\Local\Temp\ccspvjKy.ltrans0.ltrans.o
 .text.z_thread_entry
                0x00005480       0x2c C:\Users\Javad\AppData\Local\Temp\ccspvjKy.ltrans0.ltrans.o
                0x00005480                z_thread_entry
 .text.z_arm_fault
                0x000054ac       0xf4 C:\Users\Javad\AppData\Local\Temp\ccspvjKy.ltrans0.ltrans.o
                0x000054ac                z_arm_fault
 .text.hfclk192m_event_handler.lto_priv.0
                0x000055a0        0xc C:\Users\Javad\AppData\Local\Temp\ccspvjKy.ltrans1.ltrans.o
                0x000055a0                hfclk192m_event_handler.lto_priv.0
 .text.hfclkaudio_event_handler.lto_priv.0
                0x000055ac        0xc C:\Users\Javad\AppData\Local\Temp\ccspvjKy.ltrans1.ltrans.o
                0x000055ac                hfclkaudio_event_handler.lto_priv.0
 .text.init_mem_slab_obj_core_list
                0x000055b8       0x58 C:\Users\Javad\AppData\Local\Temp\ccspvjKy.ltrans1.ltrans.o
 .text.boot_read_image_headers.constprop.0
                0x00005610       0x3c C:\Users\Javad\AppData\Local\Temp\ccspvjKy.ltrans1.ltrans.o
 .text.elapsed  0x0000564c       0x20 C:\Users\Javad\AppData\Local\Temp\ccspvjKy.ltrans1.ltrans.o
 .text.sys_clock_tick_get
                0x0000566c       0x30 C:\Users\Javad\AppData\Local\Temp\ccspvjKy.ltrans1.ltrans.o
 .text.statics_init
                0x0000569c      0x108 C:\Users\Javad\AppData\Local\Temp\ccspvjKy.ltrans1.ltrans.o
 .text.psa_driver_wrapper_hash_update
                0x000057a4       0x2c C:\Users\Javad\AppData\Local\Temp\ccspvjKy.ltrans1.ltrans.o
 .text.psa_driver_wrapper_hash_finish
                0x000057d0       0x4c C:\Users\Javad\AppData\Local\Temp\ccspvjKy.ltrans1.ltrans.o
 .text.boot_serial_in_dec.constprop.0
                0x0000581c      0x15c C:\Users\Javad\AppData\Local\Temp\ccspvjKy.ltrans1.ltrans.o
 .text.boot_read_sectors.constprop.0
                0x00005978       0x50 C:\Users\Javad\AppData\Local\Temp\ccspvjKy.ltrans1.ltrans.o
 .text.psa_verify_hash.constprop.0
                0x000059c8      0x40c C:\Users\Javad\AppData\Local\Temp\ccspvjKy.ltrans1.ltrans.o
 .text.bootutil_img_validate.constprop.0
                0x00005dd4      0x270 C:\Users\Javad\AppData\Local\Temp\ccspvjKy.ltrans1.ltrans.o
 .text.nrfx_nvmc_bytes_write
                0x00006044       0xc4 C:\Users\Javad\AppData\Local\Temp\ccspvjKy.ltrans1.ltrans.o
                0x00006044                nrfx_nvmc_bytes_write
 .text.nrfx_qspi_deactivate
                0x00006108       0x30 C:\Users\Javad\AppData\Local\Temp\ccspvjKy.ltrans1.ltrans.o
                0x00006108                nrfx_qspi_deactivate
 .text.value_encode.constprop.0
                0x00006138       0x6c C:\Users\Javad\AppData\Local\Temp\ccspvjKy.ltrans1.ltrans.o
 .text.z_sys_init_run_level.lto_priv.0
                0x000061a4       0x50 C:\Users\Javad\AppData\Local\Temp\ccspvjKy.ltrans1.ltrans.o
                0x000061a4                z_sys_init_run_level.lto_priv.0
 .text.adjust_owner_prio
                0x000061f4       0xd8 C:\Users\Javad\AppData\Local\Temp\ccspvjKy.ltrans1.ltrans.o
 .text.unready_thread
                0x000062cc       0x4c C:\Users\Javad\AppData\Local\Temp\ccspvjKy.ltrans1.ltrans.o
 .text.z_setup_new_thread
                0x00006318       0xc4 C:\Users\Javad\AppData\Local\Temp\ccspvjKy.ltrans1.ltrans.o
                0x00006318                z_setup_new_thread
 .text.z_swap_irqlock.lto_priv.0
                0x000063dc       0x30 C:\Users\Javad\AppData\Local\Temp\ccspvjKy.ltrans1.ltrans.o
                0x000063dc                z_swap_irqlock.lto_priv.0
 .text.ready_thread.lto_priv.0
                0x0000640c       0x78 C:\Users\Javad\AppData\Local\Temp\ccspvjKy.ltrans1.ltrans.o
                0x0000640c                ready_thread.lto_priv.0
 .text.reschedule.lto_priv.0
                0x00006484       0x24 C:\Users\Javad\AppData\Local\Temp\ccspvjKy.ltrans1.ltrans.o
                0x00006484                reschedule.lto_priv.0
 .text.z_impl_k_yield
                0x000064a8       0x74 C:\Users\Javad\AppData\Local\Temp\ccspvjKy.ltrans1.ltrans.o
                0x000064a8                z_impl_k_yield
 .text.remove_timeout.lto_priv.0
                0x0000651c       0x2c C:\Users\Javad\AppData\Local\Temp\ccspvjKy.ltrans1.ltrans.o
                0x0000651c                remove_timeout.lto_priv.0
 .text.next_timeout.lto_priv.0
                0x00006548       0x34 C:\Users\Javad\AppData\Local\Temp\ccspvjKy.ltrans1.ltrans.o
                0x00006548                next_timeout.lto_priv.0
 .text.nrf_qspi_pins_set.constprop.0
                0x0000657c       0x5c C:\Users\Javad\AppData\Local\Temp\ccspvjKy.ltrans1.ltrans.o
                0x0000657c                nrf_qspi_pins_set.constprop.0
 .text.qspi_workaround_215_43_apply.lto_priv.0
                0x000065d8       0x70 C:\Users\Javad\AppData\Local\Temp\ccspvjKy.ltrans1.ltrans.o
                0x000065d8                qspi_workaround_215_43_apply.lto_priv.0
 .text.clkstarted_handle.constprop.0
                0x00006648       0x4c C:\Users\Javad\AppData\Local\Temp\ccspvjKy.ltrans1.ltrans.o
                0x00006648                clkstarted_handle.constprop.0
 .text.nrf_usbd_common_init.constprop.0
                0x00006694       0x78 C:\Users\Javad\AppData\Local\Temp\ccspvjKy.ltrans1.ltrans.o
                0x00006694                nrf_usbd_common_init.constprop.0
 .text.nrf_usbd_common_ep_transfer.constprop.0
                0x0000670c       0x98 C:\Users\Javad\AppData\Local\Temp\ccspvjKy.ltrans1.ltrans.o
                0x0000670c                nrf_usbd_common_ep_transfer.constprop.0
 .text.usb_handle_request.constprop.0
                0x000067a4       0x2c C:\Users\Javad\AppData\Local\Temp\ccspvjKy.ltrans1.ltrans.o
                0x000067a4                usb_handle_request.constprop.0
 .text.hfxo_stop.constprop.0
                0x000067d0       0xd4 C:\Users\Javad\AppData\Local\Temp\ccspvjKy.ltrans1.ltrans.o
                0x000067d0                hfxo_stop.constprop.0
 .text.nrf_gpio_cfg.constprop.0
                0x000068a4       0x44 C:\Users\Javad\AppData\Local\Temp\ccspvjKy.ltrans1.ltrans.o
                0x000068a4                nrf_gpio_cfg.constprop.0
 .text.boot_erase_region.constprop.0
                0x000068e8       0xbc C:\Users\Javad\AppData\Local\Temp\ccspvjKy.ltrans1.ltrans.o
                0x000068e8                boot_erase_region.constprop.0
 .text.boot_validate_slot.constprop.0
                0x000069a4       0xa4 C:\Users\Javad\AppData\Local\Temp\ccspvjKy.ltrans1.ltrans.o
 .text.compare_set.constprop.0
                0x00006a48      0x13c C:\Users\Javad\AppData\Local\Temp\ccspvjKy.ltrans1.ltrans.o
                0x00006a48                compare_set.constprop.0
 .text.sys_clock_set_timeout.constprop.0
                0x00006b84       0x48 C:\Users\Javad\AppData\Local\Temp\ccspvjKy.ltrans1.ltrans.o
                0x00006b84                sys_clock_set_timeout.constprop.0
 .text.z_add_timeout
                0x00006bcc      0x11c C:\Users\Javad\AppData\Local\Temp\ccspvjKy.ltrans1.ltrans.o
                0x00006bcc                z_add_timeout
 .text.z_pend_curr
                0x00006ce8       0x90 C:\Users\Javad\AppData\Local\Temp\ccspvjKy.ltrans1.ltrans.o
                0x00006ce8                z_pend_curr
 .text.z_impl_k_mutex_lock
                0x00006d78       0xe4 C:\Users\Javad\AppData\Local\Temp\ccspvjKy.ltrans1.ltrans.o
                0x00006d78                z_impl_k_mutex_lock
 .text.k_mem_slab_alloc.constprop.0
                0x00006e5c       0x64 C:\Users\Javad\AppData\Local\Temp\ccspvjKy.ltrans1.ltrans.o
                0x00006e5c                k_mem_slab_alloc.constprop.0
 .text.z_tick_sleep.lto_priv.0
                0x00006ec0       0x70 C:\Users\Javad\AppData\Local\Temp\ccspvjKy.ltrans1.ltrans.o
                0x00006ec0                z_tick_sleep.lto_priv.0
 .text.z_timer_expiration_handler
                0x00006f30      0x120 C:\Users\Javad\AppData\Local\Temp\ccspvjKy.ltrans1.ltrans.o
                0x00006f30                z_timer_expiration_handler
 .text.z_abort_timeout
                0x00007050       0x6c C:\Users\Javad\AppData\Local\Temp\ccspvjKy.ltrans1.ltrans.o
                0x00007050                z_abort_timeout
 .text.z_impl_k_mutex_unlock
                0x000070bc       0x8c C:\Users\Javad\AppData\Local\Temp\ccspvjKy.ltrans1.ltrans.o
                0x000070bc                z_impl_k_mutex_unlock
 .text.z_impl_k_wakeup
                0x00007148       0x48 C:\Users\Javad\AppData\Local\Temp\ccspvjKy.ltrans1.ltrans.o
 .text.k_work_queue_start.constprop.0
                0x00007190       0x78 C:\Users\Javad\AppData\Local\Temp\ccspvjKy.ltrans1.ltrans.o
                0x00007190                k_work_queue_start.constprop.0
 .text.k_sys_work_q_init
                0x00007208       0x1c C:\Users\Javad\AppData\Local\Temp\ccspvjKy.ltrans1.ltrans.o
 .text.work_queue_main
                0x00007224      0x14c C:\Users\Javad\AppData\Local\Temp\ccspvjKy.ltrans1.ltrans.o
 .text.zcbor_int_encode.constprop.0
                0x00007370       0x38 C:\Users\Javad\AppData\Local\Temp\ccspvjKy.ltrans1.ltrans.o
                0x00007370                zcbor_int_encode.constprop.0
 .text.qspi_ready_wait.lto_priv.0
                0x000073a8       0x50 C:\Users\Javad\AppData\Local\Temp\ccspvjKy.ltrans1.ltrans.o
                0x000073a8                qspi_ready_wait.lto_priv.0
 .text.qspi_activate.lto_priv.0
                0x000073f8       0x34 C:\Users\Javad\AppData\Local\Temp\ccspvjKy.ltrans1.ltrans.o
                0x000073f8                qspi_activate.lto_priv.0
 .text.qspi_xfer.lto_priv.0
                0x0000742c       0xfc C:\Users\Javad\AppData\Local\Temp\ccspvjKy.ltrans1.ltrans.o
                0x0000742c                qspi_xfer.lto_priv.0
 .text.nrfx_qspi_erase
                0x00007528       0x8c C:\Users\Javad\AppData\Local\Temp\ccspvjKy.ltrans1.ltrans.o
                0x00007528                nrfx_qspi_erase
 .text.bg_thread_main.lto_priv.0
                0x000075b4     0x10f8 C:\Users\Javad\AppData\Local\Temp\ccspvjKy.ltrans1.ltrans.o
                0x000075b4                bg_thread_main.lto_priv.0
 .text.submit_to_queue_locked
                0x000086ac       0x9c C:\Users\Javad\AppData\Local\Temp\ccspvjKy.ltrans1.ltrans.o
 .text.k_work_submit_to_queue
                0x00008748       0x60 C:\Users\Javad\AppData\Local\Temp\ccspvjKy.ltrans1.ltrans.o
                0x00008748                k_work_submit_to_queue
 .text.k_work_schedule_for_queue.constprop.0
                0x000087a8       0x58 C:\Users\Javad\AppData\Local\Temp\ccspvjKy.ltrans1.ltrans.o
                0x000087a8                k_work_schedule_for_queue.constprop.0
 .text.z_SysNmiOnReset
                0x00008800        0x8 zephyr/arch/arch/arm/core/libarch__arm__core.a(nmi_on_reset.S.obj)
                0x00008800                z_SysNmiOnReset
 .text.__fault  0x00008808       0x14 zephyr/arch/arch/arm/core/cortex_m/libarch__arm__core__cortex_m.a(fault_s.S.obj)
                0x00008808                z_arm_usage_fault
                0x00008808                z_arm_mpu_fault
                0x00008808                z_arm_exc_spurious
                0x00008808                z_arm_debug_monitor
                0x00008808                z_arm_hard_fault
                0x00008808                z_arm_bus_fault
 .text._reset_section
                0x0000881c       0x60 zephyr/arch/arch/arm/core/cortex_m/libarch__arm__core__cortex_m.a(reset.S.obj)
                0x0000881c                __start
                0x0000881c                z_arm_reset
 .text.z_arm_svc
                0x0000887c       0x24 zephyr/arch/arch/arm/core/cortex_m/libarch__arm__core__cortex_m.a(svc.S.obj)
                0x0000887c                z_arm_svc
 .text.z_arm_pendsv
                0x000088a0       0x60 zephyr/arch/arch/arm/core/cortex_m/libarch__arm__core__cortex_m.a(swap_helper.S.obj)
                0x000088a0                z_arm_pendsv
 .text.__aeabi_read_tp
                0x00008900        0xc zephyr/arch/arch/arm/core/cortex_m/libarch__arm__core__cortex_m.a(__aeabi_read_tp.S.obj)
                0x00008900                __aeabi_read_tp
 .text.ocrypto_rsa_init_pub_key
                0x0000890c       0x1c C:/ncs/v3.4.0/nrfxlib/crypto/nrf_oberon/lib/cortex-m33/soft-float/liboberon_3.0.19.a(ocrypto_rsa_primitives.c.obj)
                0x0000890c                ocrypto_rsa_init_pub_key
 .text.ocrypto_rsa_pub_exp
                0x00008928       0x7c C:/ncs/v3.4.0/nrfxlib/crypto/nrf_oberon/lib/cortex-m33/soft-float/liboberon_3.0.19.a(ocrypto_rsa_primitives.c.obj)
                0x00008928                ocrypto_rsa_pub_exp
 .text.sha256_blocks
                0x000089a4       0xbc C:/ncs/v3.4.0/nrfxlib/crypto/nrf_oberon/lib/cortex-m33/soft-float/liboberon_3.0.19.a(ocrypto_sha256.c.obj)
 .text.sha256_blocks.constprop.0
                0x00008a60       0x74 C:/ncs/v3.4.0/nrfxlib/crypto/nrf_oberon/lib/cortex-m33/soft-float/liboberon_3.0.19.a(ocrypto_sha256.c.obj)
 .text.ocrypto_sha256_init
                0x00008ad4       0x54 C:/ncs/v3.4.0/nrfxlib/crypto/nrf_oberon/lib/cortex-m33/soft-float/liboberon_3.0.19.a(ocrypto_sha256.c.obj)
                0x00008ad4                ocrypto_sha256_init
 .text.ocrypto_sha256_update
                0x00008b28      0x1ac C:/ncs/v3.4.0/nrfxlib/crypto/nrf_oberon/lib/cortex-m33/soft-float/liboberon_3.0.19.a(ocrypto_sha256.c.obj)
                0x00008b28                ocrypto_sha256_update
 .text.ocrypto_sha256_final
                0x00008cd4      0x1a0 C:/ncs/v3.4.0/nrfxlib/crypto/nrf_oberon/lib/cortex-m33/soft-float/liboberon_3.0.19.a(ocrypto_sha256.c.obj)
                0x00008cd4                ocrypto_sha256_final
 .text.ocrypto_wideint_newton_start
                0x00008e74       0x68 C:/ncs/v3.4.0/nrfxlib/crypto/nrf_oberon/lib/cortex-m33/soft-float/liboberon_3.0.19.a(ocrypto_wideint_inv.c.obj)
 .text.ocrypto_wideint_newton_step128
                0x00008edc       0x58 C:/ncs/v3.4.0/nrfxlib/crypto/nrf_oberon/lib/cortex-m33/soft-float/liboberon_3.0.19.a(ocrypto_wideint_inv.c.obj)
 .text.ocrypto_wideint_newton_step256
                0x00008f34       0x5c C:/ncs/v3.4.0/nrfxlib/crypto/nrf_oberon/lib/cortex-m33/soft-float/liboberon_3.0.19.a(ocrypto_wideint_inv.c.obj)
 .text.ocrypto_wideint_newton_step
                0x00008f90       0x98 C:/ncs/v3.4.0/nrfxlib/crypto/nrf_oberon/lib/cortex-m33/soft-float/liboberon_3.0.19.a(ocrypto_wideint_inv.c.obj)
 .text.ocrypto_wideint_inv
                0x00009028       0xa8 C:/ncs/v3.4.0/nrfxlib/crypto/nrf_oberon/lib/cortex-m33/soft-float/liboberon_3.0.19.a(ocrypto_wideint_inv.c.obj)
                0x00009028                ocrypto_wideint_inv
 .text.ocrypto_wideint_mul512
                0x000090d0       0xc8 C:/ncs/v3.4.0/nrfxlib/crypto/nrf_oberon/lib/cortex-m33/soft-float/liboberon_3.0.19.a(ocrypto_wideint_mul.c.obj)
 .text.ocrypto_wideint_mul768
                0x00009198      0x1f8 C:/ncs/v3.4.0/nrfxlib/crypto/nrf_oberon/lib/cortex-m33/soft-float/liboberon_3.0.19.a(ocrypto_wideint_mul.c.obj)
 .text.ocrypto_wideint_sqr512
                0x00009390       0x98 C:/ncs/v3.4.0/nrfxlib/crypto/nrf_oberon/lib/cortex-m33/soft-float/liboberon_3.0.19.a(ocrypto_wideint_mul.c.obj)
 .text.ocrypto_wideint_sqr768
                0x00009428      0x180 C:/ncs/v3.4.0/nrfxlib/crypto/nrf_oberon/lib/cortex-m33/soft-float/liboberon_3.0.19.a(ocrypto_wideint_mul.c.obj)
 .text.ocrypto_wideint_sqr.part.0
                0x000095a8      0x11c C:/ncs/v3.4.0/nrfxlib/crypto/nrf_oberon/lib/cortex-m33/soft-float/liboberon_3.0.19.a(ocrypto_wideint_mul.c.obj)
 .text.ocrypto_wideint_mul.part.0
                0x000096c4      0x158 C:/ncs/v3.4.0/nrfxlib/crypto/nrf_oberon/lib/cortex-m33/soft-float/liboberon_3.0.19.a(ocrypto_wideint_mul.c.obj)
 .text.ocrypto_wideint_mul
                0x0000981c       0x24 C:/ncs/v3.4.0/nrfxlib/crypto/nrf_oberon/lib/cortex-m33/soft-float/liboberon_3.0.19.a(ocrypto_wideint_mul.c.obj)
                0x0000981c                ocrypto_wideint_mul
 .text.ocrypto_wideint_mod
                0x00009840      0x104 C:/ncs/v3.4.0/nrfxlib/crypto/nrf_oberon/lib/cortex-m33/soft-float/liboberon_3.0.19.a(ocrypto_wideint_mul.c.obj)
                0x00009840                ocrypto_wideint_mod
 .text.ocrypto_wideint_expmod_pub
                0x00009944       0xac C:/ncs/v3.4.0/nrfxlib/crypto/nrf_oberon/lib/cortex-m33/soft-float/liboberon_3.0.19.a(ocrypto_wideint_mul.c.obj)
                0x00009944                ocrypto_wideint_expmod_pub
 .text.ocrypto_wideint_from_bytes
                0x000099f0       0x18 C:/ncs/v3.4.0/nrfxlib/crypto/nrf_oberon/lib/cortex-m33/soft-float/liboberon_3.0.19.a(ocrypto_wideint_mul.c.obj)
                0x000099f0                ocrypto_wideint_from_bytes
 .text.ocrypto_wideint_to_bytes
                0x00009a08       0x18 C:/ncs/v3.4.0/nrfxlib/crypto/nrf_oberon/lib/cortex-m33/soft-float/liboberon_3.0.19.a(ocrypto_wideint_mul.c.obj)
                0x00009a08                ocrypto_wideint_to_bytes
 .text.ocrypto_wideint_input_x
                0x00009a20       0x50 C:/ncs/v3.4.0/nrfxlib/crypto/nrf_oberon/lib/cortex-m33/soft-float/liboberon_3.0.19.a(ocrypto_wideint_mul.c.obj)
                0x00009a20                ocrypto_wideint_input_x
 .text.__m_vfprintf
                0x00009a70      0x26c C:/ncs/toolchains/dcbdc366a1/opt/zephyr-sdk/gnu/arm-zephyr-eabi/bin/../lib/gcc/arm-zephyr-eabi/14.3.0/../../../../arm-zephyr-eabi/lib/thumb/v8-m.main/nofp/space\libc.a(libc_tinystdio_vfmprintf.c.o)
                0x00009a70                __m_vfprintf
 .text.snprintf
                0x00009cdc       0x54 C:/ncs/toolchains/dcbdc366a1/opt/zephyr-sdk/gnu/arm-zephyr-eabi/bin/../lib/gcc/arm-zephyr-eabi/14.3.0/../../../../arm-zephyr-eabi/lib/thumb/v8-m.main/nofp/space\libc.a(libc_tinystdio_snprintf.c.o)
                0x00009cdc                snprintf
 .text.chunk_field
                0x00009d30       0x16 C:\Users\Javad\AppData\Local\Temp\ccspvjKy.ltrans0.ltrans.o
 .text.chunk_size
                0x00009d46        0xc C:\Users\Javad\AppData\Local\Temp\ccspvjKy.ltrans0.ltrans.o
 .text.undersized_chunk
                0x00009d52       0x1c C:\Users\Javad\AppData\Local\Temp\ccspvjKy.ltrans0.ltrans.o
 .text.notify_one
                0x00009d6e       0x22 C:\Users\Javad\AppData\Local\Temp\ccspvjKy.ltrans0.ltrans.o
 .text.process_recheck
                0x00009d90       0x38 C:\Users\Javad\AppData\Local\Temp\ccspvjKy.ltrans0.ltrans.o
 .text.get_ep_bm_from_addr
                0x00009dc8       0x1e C:\Users\Javad\AppData\Local\Temp\ccspvjKy.ltrans0.ltrans.o
 .text.cdc_interface_config
                0x00009de6       0x14 C:\Users\Javad\AppData\Local\Temp\ccspvjKy.ltrans0.ltrans.o
 .text.cdc_acm_irq_callback_work_handler
                0x00009dfa        0xa C:\Users\Javad\AppData\Local\Temp\ccspvjKy.ltrans0.ltrans.o
 .text.cdc_acm_irq_tx_disable.lto_priv.0
                0x00009e04        0xa C:\Users\Javad\AppData\Local\Temp\ccspvjKy.ltrans0.ltrans.o
                0x00009e04                cdc_acm_irq_tx_disable.lto_priv.0
 .text.cdc_acm_irq_tx_ready.lto_priv.0
                0x00009e0e       0x20 C:\Users\Javad\AppData\Local\Temp\ccspvjKy.ltrans0.ltrans.o
                0x00009e0e                cdc_acm_irq_tx_ready.lto_priv.0
 .text.cdc_acm_irq_rx_disable.lto_priv.0
                0x00009e2e        0xa C:\Users\Javad\AppData\Local\Temp\ccspvjKy.ltrans0.ltrans.o
                0x00009e2e                cdc_acm_irq_rx_disable.lto_priv.0
 .text.cdc_acm_irq_rx_ready.lto_priv.0
                0x00009e38        0xe C:\Users\Javad\AppData\Local\Temp\ccspvjKy.ltrans0.ltrans.o
                0x00009e38                cdc_acm_irq_rx_ready.lto_priv.0
 .text.cdc_acm_irq_is_pending.lto_priv.0
                0x00009e46       0x18 C:\Users\Javad\AppData\Local\Temp\ccspvjKy.ltrans0.ltrans.o
                0x00009e46                cdc_acm_irq_is_pending.lto_priv.0
 .text.cdc_acm_irq_update.lto_priv.0
                0x00009e5e       0x30 C:\Users\Javad\AppData\Local\Temp\ccspvjKy.ltrans0.ltrans.o
                0x00009e5e                cdc_acm_irq_update.lto_priv.0
 .text.cdc_acm_irq_callback_set.lto_priv.0
                0x00009e8e        0x8 C:\Users\Javad\AppData\Local\Temp\ccspvjKy.ltrans0.ltrans.o
                0x00009e8e                cdc_acm_irq_callback_set.lto_priv.0
 .text.cdc_acm_line_ctrl_get.lto_priv.0
                0x00009e96       0x32 C:\Users\Javad\AppData\Local\Temp\ccspvjKy.ltrans0.ltrans.o
                0x00009e96                cdc_acm_line_ctrl_get.lto_priv.0
 .text.arm_cmse_mpu_region_get
                0x00009ec8       0x12 C:\Users\Javad\AppData\Local\Temp\ccspvjKy.ltrans0.ltrans.o
 .text.mpu_configure_region
                0x00009eda       0x32 C:\Users\Javad\AppData\Local\Temp\ccspvjKy.ltrans0.ltrans.o
 .text.get_status.lto_priv.0
                0x00009f0c       0x12 C:\Users\Javad\AppData\Local\Temp\ccspvjKy.ltrans0.ltrans.o
                0x00009f0c                get_status.lto_priv.0
 .text.stop     0x00009f1e       0x50 C:\Users\Javad\AppData\Local\Temp\ccspvjKy.ltrans0.ltrans.o
 .text.api_stop.lto_priv.0
                0x00009f6e        0x6 C:\Users\Javad\AppData\Local\Temp\ccspvjKy.ltrans0.ltrans.o
                0x00009f6e                api_stop.lto_priv.0
 .text.async_start
                0x00009f74       0x60 C:\Users\Javad\AppData\Local\Temp\ccspvjKy.ltrans0.ltrans.o
 .text.api_start.lto_priv.0
                0x00009fd4        0xe C:\Users\Javad\AppData\Local\Temp\ccspvjKy.ltrans0.ltrans.o
                0x00009fd4                api_start.lto_priv.0
 .text.onoff_started_callback
                0x00009fe2       0x12 C:\Users\Javad\AppData\Local\Temp\ccspvjKy.ltrans0.ltrans.o
 .text.qspi_nor_get_size
                0x00009ff4        0xe C:\Users\Javad\AppData\Local\Temp\ccspvjKy.ltrans0.ltrans.o
 .text.is_regular_addr_valid
                0x0000a002       0x1c C:\Users\Javad\AppData\Local\Temp\ccspvjKy.ltrans0.ltrans.o
 .text.flash_nrf_get_size
                0x0000a01e        0xe C:\Users\Javad\AppData\Local\Temp\ccspvjKy.ltrans0.ltrans.o
 .text.gpio_nrfx_port_get_raw.lto_priv.0
                0x0000a02c        0xc C:\Users\Javad\AppData\Local\Temp\ccspvjKy.ltrans0.ltrans.o
                0x0000a02c                gpio_nrfx_port_get_raw.lto_priv.0
 .text.gpio_nrfx_port_set_masked_raw.lto_priv.0
                0x0000a038       0x14 C:\Users\Javad\AppData\Local\Temp\ccspvjKy.ltrans0.ltrans.o
                0x0000a038                gpio_nrfx_port_set_masked_raw.lto_priv.0
 .text.gpio_nrfx_port_set_bits_raw.lto_priv.0
                0x0000a04c        0xa C:\Users\Javad\AppData\Local\Temp\ccspvjKy.ltrans0.ltrans.o
                0x0000a04c                gpio_nrfx_port_set_bits_raw.lto_priv.0
 .text.gpio_nrfx_port_clear_bits_raw.lto_priv.0
                0x0000a056        0xa C:\Users\Javad\AppData\Local\Temp\ccspvjKy.ltrans0.ltrans.o
                0x0000a056                gpio_nrfx_port_clear_bits_raw.lto_priv.0
 .text.gpio_nrfx_port_toggle_bits.lto_priv.0
                0x0000a060       0x14 C:\Users\Javad\AppData\Local\Temp\ccspvjKy.ltrans0.ltrans.o
                0x0000a060                gpio_nrfx_port_toggle_bits.lto_priv.0
 .text.gpio_nrfx_init.lto_priv.0
                0x0000a074        0x4 C:\Users\Javad\AppData\Local\Temp\ccspvjKy.ltrans0.ltrans.o
                0x0000a074                gpio_nrfx_init.lto_priv.0
 .text.regulator_set_voltage
                0x0000a078       0x28 C:\Users\Javad\AppData\Local\Temp\ccspvjKy.ltrans0.ltrans.o
 .text.gpio_pin_set
                0x0000a0a0       0x20 C:\Users\Javad\AppData\Local\Temp\ccspvjKy.ltrans0.ltrans.o
 .text.regulator_fixed_enable
                0x0000a0c0       0x1e C:\Users\Javad\AppData\Local\Temp\ccspvjKy.ltrans0.ltrans.o
 .text.regulator_fixed_disable
                0x0000a0de       0x16 C:\Users\Javad\AppData\Local\Temp\ccspvjKy.ltrans0.ltrans.o
 .text.regulator_fixed_count_voltages
                0x0000a0f4       0x18 C:\Users\Javad\AppData\Local\Temp\ccspvjKy.ltrans0.ltrans.o
 .text.regulator_fixed_list_voltage
                0x0000a10c       0x1a C:\Users\Javad\AppData\Local\Temp\ccspvjKy.ltrans0.ltrans.o
 .text.regulator_fixed_get_voltage
                0x0000a126       0x14 C:\Users\Javad\AppData\Local\Temp\ccspvjKy.ltrans0.ltrans.o
 .text._psa_crypto_init
                0x0000a13a        0x4 C:\Users\Javad\AppData\Local\Temp\ccspvjKy.ltrans0.ltrans.o
 .text.nrf53_errata_42
                0x0000a13e       0x1a C:\Users\Javad\AppData\Local\Temp\ccspvjKy.ltrans0.ltrans.o
 .text.nrf53_errata_55
                0x0000a158       0x14 C:\Users\Javad\AppData\Local\Temp\ccspvjKy.ltrans0.ltrans.o
 .text.ring_buf_area_finish
                0x0000a16c       0x34 C:\Users\Javad\AppData\Local\Temp\ccspvjKy.ltrans0.ltrans.o
 .text.ring_buf_put
                0x0000a1a0       0x62 C:\Users\Javad\AppData\Local\Temp\ccspvjKy.ltrans0.ltrans.o
 .text.flash_nrf_read
                0x0000a202       0x26 C:\Users\Javad\AppData\Local\Temp\ccspvjKy.ltrans0.ltrans.o
 .text.qspi_wait_for_completion
                0x0000a228       0x14 C:\Users\Javad\AppData\Local\Temp\ccspvjKy.ltrans0.ltrans.o
 .text.cdc_acm_fifo_fill.lto_priv.0
                0x0000a23c       0x36 C:\Users\Javad\AppData\Local\Temp\ccspvjKy.ltrans0.ltrans.o
                0x0000a23c                cdc_acm_fifo_fill.lto_priv.0
 .text.lfclk_stop.lto_priv.0
                0x0000a272        0x4 C:\Users\Javad\AppData\Local\Temp\ccspvjKy.ltrans0.ltrans.o
                0x0000a272                lfclk_stop.lto_priv.0
 .text.flash_area_get_sector
                0x0000a276       0x72 C:\Users\Javad\AppData\Local\Temp\ccspvjKy.ltrans0.ltrans.o
                0x0000a276                flash_area_get_sector
 .text.erase_range
                0x0000a2e8       0x3e C:\Users\Javad\AppData\Local\Temp\ccspvjKy.ltrans0.ltrans.o
 .text.device_is_ready.lto_priv.0.lto_priv.0
                0x0000a326       0x16 C:\Users\Javad\AppData\Local\Temp\ccspvjKy.ltrans0.ltrans.o
                0x0000a326                device_is_ready.lto_priv.0.lto_priv.0
                0x0000a326                device_is_ready.lto_priv.2.lto_priv.0
 .text.nrf_gpio_pin_control_select.lto_priv.0
                0x0000a33c       0x26 C:\Users\Javad\AppData\Local\Temp\ccspvjKy.ltrans0.ltrans.o
 .text.assign_pins
                0x0000a362       0x28 C:\Users\Javad\AppData\Local\Temp\ccspvjKy.ltrans0.ltrans.o
 .text.onoff_stop.lto_priv.0
                0x0000a38a       0x22 C:\Users\Javad\AppData\Local\Temp\ccspvjKy.ltrans0.ltrans.o
 .text.gpio_nrfx_pin_configure.lto_priv.0
                0x0000a3ac       0xca C:\Users\Javad\AppData\Local\Temp\ccspvjKy.ltrans0.ltrans.o
                0x0000a3ac                gpio_nrfx_pin_configure.lto_priv.0
 .text.chunk_set.lto_priv.0
                0x0000a476       0x16 C:\Users\Javad\AppData\Local\Temp\ccspvjKy.ltrans0.ltrans.o
                0x0000a476                chunk_set.lto_priv.0
 .text.merge_chunks
                0x0000a48c       0x3e C:\Users\Javad\AppData\Local\Temp\ccspvjKy.ltrans0.ltrans.o
 .text.bucket_idx.lto_priv.0
                0x0000a4ca       0x14 C:\Users\Javad\AppData\Local\Temp\ccspvjKy.ltrans0.ltrans.o
                0x0000a4ca                bucket_idx.lto_priv.0
 .text.free_list_remove
                0x0000a4de       0x78 C:\Users\Javad\AppData\Local\Temp\ccspvjKy.ltrans0.ltrans.o
 .text.free_list_add.lto_priv.0
                0x0000a556       0x82 C:\Users\Javad\AppData\Local\Temp\ccspvjKy.ltrans0.ltrans.o
                0x0000a556                free_list_add.lto_priv.0
 .text.sys_slist_append.lto_priv.0.lto_priv.0
                0x0000a5d8       0x14 C:\Users\Javad\AppData\Local\Temp\ccspvjKy.ltrans0.ltrans.o
                0x0000a5d8                sys_slist_append.lto_priv.2.lto_priv.0
                0x0000a5d8                sys_slist_append.lto_priv.0.lto_priv.0
                0x0000a5d8                sys_slist_append.lto_priv.3.lto_priv.0
 .text.transition_complete
                0x0000a5ec       0x1a C:\Users\Javad\AppData\Local\Temp\ccspvjKy.ltrans0.ltrans.o
 .text.onoff_request
                0x0000a606       0xa2 C:\Users\Javad\AppData\Local\Temp\ccspvjKy.ltrans0.ltrans.o
 .text._ConfigAbsSyms
                0x0000a6a8        0x2 C:\Users\Javad\AppData\Local\Temp\ccspvjKy.ltrans0.ltrans.o
                0x0000a6a8                _ConfigAbsSyms
 .text.boot_open_all_flash_areas
                0x0000a6aa       0x22 C:\Users\Javad\AppData\Local\Temp\ccspvjKy.ltrans0.ltrans.o
                0x0000a6aa                boot_open_all_flash_areas
 .text.flash_area_read
                0x0000a6cc       0x2c C:\Users\Javad\AppData\Local\Temp\ccspvjKy.ltrans0.ltrans.o
                0x0000a6cc                flash_area_read
 .text.flash_area_write
                0x0000a6f8       0x2c C:\Users\Javad\AppData\Local\Temp\ccspvjKy.ltrans0.ltrans.o
                0x0000a6f8                flash_area_write
 .text.flash_area_erase
                0x0000a724       0x32 C:\Users\Javad\AppData\Local\Temp\ccspvjKy.ltrans0.ltrans.o
                0x0000a724                flash_area_erase
 .text.flash_area_align
                0x0000a756        0xe C:\Users\Javad\AppData\Local\Temp\ccspvjKy.ltrans0.ltrans.o
                0x0000a756                flash_area_align
 .text.flash_area_erased_val
                0x0000a764        0xe C:\Users\Javad\AppData\Local\Temp\ccspvjKy.ltrans0.ltrans.o
                0x0000a764                flash_area_erased_val
 .text.k_sleep.lto_priv.0.lto_priv.0
                0x0000a772       0x32 C:\Users\Javad\AppData\Local\Temp\ccspvjKy.ltrans0.ltrans.o
                0x0000a772                k_sleep.lto_priv.1.lto_priv.0
                0x0000a772                k_sleep.lto_priv.0.lto_priv.0
 .text.hfclk192m_stop.lto_priv.0
                0x0000a7a4       0x34 C:\Users\Javad\AppData\Local\Temp\ccspvjKy.ltrans0.ltrans.o
                0x0000a7a4                hfclk192m_stop.lto_priv.0
 .text.hfclkaudio_stop.lto_priv.0
                0x0000a7d8       0x34 C:\Users\Javad\AppData\Local\Temp\ccspvjKy.ltrans0.ltrans.o
                0x0000a7d8                hfclkaudio_stop.lto_priv.0
 .text.sys_slist_get.lto_priv.0.lto_priv.0
                0x0000a80c       0x14 C:\Users\Javad\AppData\Local\Temp\ccspvjKy.ltrans0.ltrans.o
                0x0000a80c                sys_slist_get.lto_priv.1.lto_priv.0
                0x0000a80c                sys_slist_get.lto_priv.0.lto_priv.0
 .text.configure_builtin_stack_guard
                0x0000a820        0x8 C:\Users\Javad\AppData\Local\Temp\ccspvjKy.ltrans0.ltrans.o
                0x0000a820                configure_builtin_stack_guard
 .text.arch_irq_unlock_outlined
                0x0000a828        0xe C:\Users\Javad\AppData\Local\Temp\ccspvjKy.ltrans0.ltrans.o
                0x0000a828                arch_irq_unlock_outlined
 .text.z_arm_nmi
                0x0000a836        0xe C:\Users\Javad\AppData\Local\Temp\ccspvjKy.ltrans0.ltrans.o
                0x0000a836                z_arm_nmi
 .text.abort    0x0000a844       0x10 C:\Users\Javad\AppData\Local\Temp\ccspvjKy.ltrans0.ltrans.o
                0x0000a844                abort
 .text.nrf53_errata_161.lto_priv.0
                0x0000a854       0x20 C:\Users\Javad\AppData\Local\Temp\ccspvjKy.ltrans0.ltrans.o
                0x0000a854                nrf53_errata_161.lto_priv.0
                0x0000a854                nrf53_errata_159.lto_priv.1.lto_priv.0
 .text.qspi_clock_div_change
                0x0000a874       0x34 C:\Users\Javad\AppData\Local\Temp\ccspvjKy.ltrans0.ltrans.o
 .text.qspi_acquire
                0x0000a8a8       0x36 C:\Users\Javad\AppData\Local\Temp\ccspvjKy.ltrans0.ltrans.o
 .text.qspi_clock_div_restore
                0x0000a8de       0x22 C:\Users\Javad\AppData\Local\Temp\ccspvjKy.ltrans0.ltrans.o
 .text.onoff_start.lto_priv.0
                0x0000a900       0x50 C:\Users\Javad\AppData\Local\Temp\ccspvjKy.ltrans0.ltrans.o
 .text.crc16_itu_t
                0x0000a950       0x28 C:\Users\Javad\AppData\Local\Temp\ccspvjKy.ltrans0.ltrans.o
                0x0000a950                crc16_itu_t
 .text.usb_dc_ep_check_cap
                0x0000a978       0x28 C:\Users\Javad\AppData\Local\Temp\ccspvjKy.ltrans0.ltrans.o
                0x0000a978                usb_dc_ep_check_cap
 .text.ep2bit.lto_priv.0
                0x0000a9a0       0x10 C:\Users\Javad\AppData\Local\Temp\ccspvjKy.ltrans0.ltrans.o
                0x0000a9a0                ep2bit.lto_priv.0
 .text.qspi_nor_write_protection_set
                0x0000a9b0       0x2a C:\Users\Javad\AppData\Local\Temp\ccspvjKy.ltrans0.ltrans.o
 .text.bootutil_buffer_is_erased
                0x0000a9da       0x24 C:\Users\Javad\AppData\Local\Temp\ccspvjKy.ltrans0.ltrans.o
                0x0000a9da                bootutil_buffer_is_erased
 .text.boot_read_flag
                0x0000a9fe       0x38 C:\Users\Javad\AppData\Local\Temp\ccspvjKy.ltrans0.ltrans.o
 .text.k_mutex_unlock.lto_priv.0.lto_priv.0
                0x0000aa36        0x4 C:\Users\Javad\AppData\Local\Temp\ccspvjKy.ltrans0.ltrans.o
                0x0000aa36                k_mutex_unlock.lto_priv.0.lto_priv.0
                0x0000aa36                k_mutex_unlock.lto_priv.1.lto_priv.0
 .text.usb_write
                0x0000aa3a       0x30 C:\Users\Javad\AppData\Local\Temp\ccspvjKy.ltrans0.ltrans.o
 .text.cdc_acm_line_ctrl_set.lto_priv.0
                0x0000aa6a       0xc0 C:\Users\Javad\AppData\Local\Temp\ccspvjKy.ltrans0.ltrans.o
                0x0000aa6a                cdc_acm_line_ctrl_set.lto_priv.0
 .text.qspi_release
                0x0000ab2a       0x30 C:\Users\Javad\AppData\Local\Temp\ccspvjKy.ltrans0.ltrans.o
 .text.qspi_nor_read
                0x0000ab5a      0x12e C:\Users\Javad\AppData\Local\Temp\ccspvjKy.ltrans0.ltrans.o
 .text.qspi_nor_write
                0x0000ac88       0xfc C:\Users\Javad\AppData\Local\Temp\ccspvjKy.ltrans0.ltrans.o
 .text.qspi_nor_erase
                0x0000ad84       0xea C:\Users\Javad\AppData\Local\Temp\ccspvjKy.ltrans0.ltrans.o
 .text.qspi_handler
                0x0000ae6e        0xc C:\Users\Javad\AppData\Local\Temp\ccspvjKy.ltrans0.ltrans.o
 .text.blocking_start_callback
                0x0000ae7a        0x6 C:\Users\Javad\AppData\Local\Temp\ccspvjKy.ltrans0.ltrans.o
 .text.usbd_evt_flush.lto_priv.0
                0x0000ae80       0x10 C:\Users\Javad\AppData\Local\Temp\ccspvjKy.ltrans0.ltrans.o
                0x0000ae80                usbd_evt_flush.lto_priv.0
 .text.usbd_evt_alloc
                0x0000ae90       0x42 C:\Users\Javad\AppData\Local\Temp\ccspvjKy.ltrans0.ltrans.o
 .text.attached_evt_delay_handler
                0x0000aed2        0x6 C:\Users\Javad\AppData\Local\Temp\ccspvjKy.ltrans0.ltrans.o
 .text.cdc_acm_fifo_read.lto_priv.0
                0x0000aed8       0xaa C:\Users\Javad\AppData\Local\Temp\ccspvjKy.ltrans0.ltrans.o
                0x0000aed8                cdc_acm_fifo_read.lto_priv.0
 .text.cdc_acm_poll_in.lto_priv.0
                0x0000af82       0x12 C:\Users\Javad\AppData\Local\Temp\ccspvjKy.ltrans0.ltrans.o
                0x0000af82                cdc_acm_poll_in.lto_priv.0
 .text.z_arm_fatal_error
                0x0000af94       0x24 C:\Users\Javad\AppData\Local\Temp\ccspvjKy.ltrans0.ltrans.o
 .text.z_do_kernel_oops
                0x0000afb8        0xa C:\Users\Javad\AppData\Local\Temp\ccspvjKy.ltrans0.ltrans.o
                0x0000afb8                z_do_kernel_oops
 .text.z_irq_spurious
                0x0000afc2        0xa C:\Users\Javad\AppData\Local\Temp\ccspvjKy.ltrans0.ltrans.o
 .text.oberon_parse_length
                0x0000afcc       0x48 C:\Users\Javad\AppData\Local\Temp\ccspvjKy.ltrans1.ltrans.o
 .text.oberon_parse_integer
                0x0000b014       0x9a C:\Users\Javad\AppData\Local\Temp\ccspvjKy.ltrans1.ltrans.o
 .text.zcbor_header_len_ptr
                0x0000b0ae       0x4c C:\Users\Javad\AppData\Local\Temp\ccspvjKy.ltrans1.ltrans.o
 .text.psa_driver_wrapper_hash_abort
                0x0000b0fa       0x16 C:\Users\Javad\AppData\Local\Temp\ccspvjKy.ltrans1.ltrans.o
 .text.bootutil_tlv_iter_begin.constprop.0
                0x0000b110       0x96 C:\Users\Javad\AppData\Local\Temp\ccspvjKy.ltrans1.ltrans.o
 .text.flash_area_get_sectors.constprop.0
                0x0000b1a6       0x92 C:\Users\Javad\AppData\Local\Temp\ccspvjKy.ltrans1.ltrans.o
 .text.idle     0x0000b238       0x16 C:\Users\Javad\AppData\Local\Temp\ccspvjKy.ltrans1.ltrans.o
                0x0000b238                idle
 .text.qspi_errata_159_conditions_check.lto_priv.0
                0x0000b24e       0x24 C:\Users\Javad\AppData\Local\Temp\ccspvjKy.ltrans1.ltrans.o
                0x0000b24e                qspi_errata_159_conditions_check.lto_priv.0
 .text.zcbor_error.lto_priv.0.lto_priv.0
                0x0000b272        0x8 C:\Users\Javad\AppData\Local\Temp\ccspvjKy.ltrans1.ltrans.o
                0x0000b272                zcbor_error.lto_priv.1.lto_priv.0
                0x0000b272                zcbor_error.lto_priv.0.lto_priv.0
 .text.encode_header_byte
                0x0000b27a       0x28 C:\Users\Javad\AppData\Local\Temp\ccspvjKy.ltrans1.ltrans.o
 .text.str_encode
                0x0000b2a2       0x70 C:\Users\Javad\AppData\Local\Temp\ccspvjKy.ltrans1.ltrans.o
 .text.initial_checks
                0x0000b312       0x18 C:\Users\Javad\AppData\Local\Temp\ccspvjKy.ltrans1.ltrans.o
 .text.type_check.lto_priv.0
                0x0000b32a       0x22 C:\Users\Javad\AppData\Local\Temp\ccspvjKy.ltrans1.ltrans.o
                0x0000b32a                type_check.lto_priv.0
 .text.value_extract.lto_priv.0
                0x0000b34c       0xd6 C:\Users\Javad\AppData\Local\Temp\ccspvjKy.ltrans1.ltrans.o
                0x0000b34c                value_extract.lto_priv.0
 .text.zcbor_uint32_decode
                0x0000b422       0x20 C:\Users\Javad\AppData\Local\Temp\ccspvjKy.ltrans1.ltrans.o
                0x0000b422                zcbor_uint32_decode
 .text.zcbor_size_decode
                0x0000b442        0x4 C:\Users\Javad\AppData\Local\Temp\ccspvjKy.ltrans1.ltrans.o
                0x0000b442                zcbor_size_decode
 .text.str_start_decode_with_overflow_check.lto_priv.0
                0x0000b446       0x40 C:\Users\Javad\AppData\Local\Temp\ccspvjKy.ltrans1.ltrans.o
                0x0000b446                str_start_decode_with_overflow_check.lto_priv.0
 .text.zcbor_bstr_decode
                0x0000b486       0x18 C:\Users\Javad\AppData\Local\Temp\ccspvjKy.ltrans1.ltrans.o
                0x0000b486                zcbor_bstr_decode
 .text.array_end_expect.lto_priv.0
                0x0000b49e       0x24 C:\Users\Javad\AppData\Local\Temp\ccspvjKy.ltrans1.ltrans.o
                0x0000b49e                array_end_expect.lto_priv.0
 .text.zcbor_uint32_put
                0x0000b4c2       0x12 C:\Users\Javad\AppData\Local\Temp\ccspvjKy.ltrans1.ltrans.o
                0x0000b4c2                zcbor_uint32_put
 .text.zcbor_tstr_encode_ptr
                0x0000b4d4       0x14 C:\Users\Javad\AppData\Local\Temp\ccspvjKy.ltrans1.ltrans.o
                0x0000b4d4                zcbor_tstr_encode_ptr
 .text.zcbor_map_start_encode
                0x0000b4e8        0x8 C:\Users\Javad\AppData\Local\Temp\ccspvjKy.ltrans1.ltrans.o
                0x0000b4e8                zcbor_map_start_encode
 .text.zcbor_list_end_encode
                0x0000b4f0        0x8 C:\Users\Javad\AppData\Local\Temp\ccspvjKy.ltrans1.ltrans.o
                0x0000b4f0                zcbor_map_end_encode
                0x0000b4f0                zcbor_list_end_encode
 .text.sys_dlist_remove.lto_priv.0.lto_priv.0
                0x0000b4f8       0x10 C:\Users\Javad\AppData\Local\Temp\ccspvjKy.ltrans1.ltrans.o
                0x0000b4f8                sys_dlist_remove.lto_priv.0.lto_priv.0
                0x0000b4f8                sys_dlist_remove.lto_priv.1.lto_priv.0
 .text.unpend_thread_no_timeout.lto_priv.0.lto_priv.0
                0x0000b508       0x14 C:\Users\Javad\AppData\Local\Temp\ccspvjKy.ltrans1.ltrans.o
                0x0000b508                unpend_thread_no_timeout.lto_priv.2.lto_priv.0
                0x0000b508                unpend_thread_no_timeout.lto_priv.3.lto_priv.0
                0x0000b508                unpend_thread_no_timeout.lto_priv.1.lto_priv.0
                0x0000b508                unpend_thread_no_timeout.lto_priv.0.lto_priv.0
 .text.z_thread_timeout
                0x0000b51c       0x42 C:\Users\Javad\AppData\Local\Temp\ccspvjKy.ltrans1.ltrans.o
 .text.z_ready_thread
                0x0000b55e       0x1e C:\Users\Javad\AppData\Local\Temp\ccspvjKy.ltrans1.ltrans.o
                0x0000b55e                z_ready_thread
 .text.qspi_rdsr.constprop.0
                0x0000b57c       0x36 C:\Users\Javad\AppData\Local\Temp\ccspvjKy.ltrans1.ltrans.o
                0x0000b57c                qspi_rdsr.constprop.0
 .text.usb_dc_ep_read.constprop.0
                0x0000b5b2       0x24 C:\Users\Javad\AppData\Local\Temp\ccspvjKy.ltrans1.ltrans.o
                0x0000b5b2                usb_dc_ep_read.constprop.0
 .text.zcbor_any_skip.constprop.0
                0x0000b5d6      0x130 C:\Users\Javad\AppData\Local\Temp\ccspvjKy.ltrans1.ltrans.o
                0x0000b5d6                zcbor_any_skip.constprop.0
 .text.k_mutex_lock.constprop.0
                0x0000b706        0x4 C:\Users\Javad\AppData\Local\Temp\ccspvjKy.ltrans1.ltrans.o
                0x0000b706                k_mutex_lock.constprop.0
 .text.z_sched_wake.constprop.0
                0x0000b70a       0x44 C:\Users\Javad\AppData\Local\Temp\ccspvjKy.ltrans1.ltrans.o
 .text.clock_stop.lto_priv.3
                0x0000b74e       0x32 C:\Users\Javad\AppData\Local\Temp\ccspvjKy.ltrans1.ltrans.o
                0x0000b74e                clock_stop.lto_priv.3
 .text.work_timeout
                0x0000b780       0x4c C:\Users\Javad\AppData\Local\Temp\ccspvjKy.ltrans1.ltrans.o
 .text._OffsetAbsSyms
                0x0000b7cc        0x2 zephyr/CMakeFiles/offsets.dir/./arch/arm/core/offsets/offsets.c.obj
                0x0000b7cc                _OffsetAbsSyms
 .text.__assert_no_args
                0x0000b7ce        0x6 zephyr/lib/libc/picolibc/liblib__libc__picolibc.a(assert.c.obj)
                0x0000b7ce                __assert_no_args
 .text.memset   0x0000b7d4       0x10 C:/ncs/toolchains/dcbdc366a1/opt/zephyr-sdk/gnu/arm-zephyr-eabi/bin/../lib/gcc/arm-zephyr-eabi/14.3.0/../../../../arm-zephyr-eabi/lib/thumb/v8-m.main/nofp/space\libc.a(memset.c.o)
                0x0000b7d4                memset
 .text.__ultoa_invert
                0x0000b7e4       0x34 C:/ncs/toolchains/dcbdc366a1/opt/zephyr-sdk/gnu/arm-zephyr-eabi/bin/../lib/gcc/arm-zephyr-eabi/14.3.0/../../../../arm-zephyr-eabi/lib/thumb/v8-m.main/nofp/space\libc.a(libc_tinystdio_vfmprintf.c.o)
 .text.memcpy   0x0000b818       0x1a C:/ncs/toolchains/dcbdc366a1/opt/zephyr-sdk/gnu/arm-zephyr-eabi/bin/../lib/gcc/arm-zephyr-eabi/14.3.0/../../../../arm-zephyr-eabi/lib/thumb/v8-m.main/nofp/space\libc.a(memcpy.c.o)
                0x0000b818                __aeabi_memcpy
                0x0000b818                __aeabi_memcpy4
                0x0000b818                __aeabi_memcpy8
                0x0000b818                memcpy
 .text.memmove  0x0000b832       0x32 C:/ncs/toolchains/dcbdc366a1/opt/zephyr-sdk/gnu/arm-zephyr-eabi/bin/../lib/gcc/arm-zephyr-eabi/14.3.0/../../../../arm-zephyr-eabi/lib/thumb/v8-m.main/nofp/space\libc.a(memmove.c.o)
                0x0000b832                __aeabi_memmove8
                0x0000b832                __aeabi_memmove
                0x0000b832                __aeabi_memmove4
                0x0000b832                memmove
 .text.memcmp   0x0000b864       0x20 C:/ncs/toolchains/dcbdc366a1/opt/zephyr-sdk/gnu/arm-zephyr-eabi/bin/../lib/gcc/arm-zephyr-eabi/14.3.0/../../../../arm-zephyr-eabi/lib/thumb/v8-m.main/nofp/space\libc.a(libc_string_memcmp.c.o)
                0x0000b864                memcmp
 .text.__file_str_put
                0x0000b884       0x10 C:/ncs/toolchains/dcbdc366a1/opt/zephyr-sdk/gnu/arm-zephyr-eabi/bin/../lib/gcc/arm-zephyr-eabi/14.3.0/../../../../arm-zephyr-eabi/lib/thumb/v8-m.main/nofp/space\libc.a(libc_tinystdio_filestrput.c.o)
                0x0000b884                __file_str_put
 *(SORT_BY_ALIGNMENT(.gnu.linkonce.t.*))
 *(SORT_BY_ALIGNMENT(.glue_7t))
 .glue_7t       0x0000b894        0x0 linker stubs
 *(SORT_BY_ALIGNMENT(.glue_7))
 .glue_7        0x0000b894        0x0 linker stubs
 *(SORT_BY_ALIGNMENT(.vfp11_veneer))
 .vfp11_veneer  0x0000b894        0x0 linker stubs
 *(SORT_BY_ALIGNMENT(.v4_bx))
 .v4_bx         0x0000b894        0x0 linker stubs
                0x0000b894                        . = ALIGN (0x4)
                0x0000b894                        __text_region_end = .

.ARM.exidx      0x0000b894        0x8
                0x0000b894                        __exidx_start = .
 *(SORT_BY_ALIGNMENT(.ARM.exidx*) SORT_BY_ALIGNMENT(gnu.linkonce.armexidx.*))
 .ARM.exidx     0x0000b894        0x8 C:/ncs/toolchains/dcbdc366a1/opt/zephyr-sdk/gnu/arm-zephyr-eabi/bin/../lib/gcc/arm-zephyr-eabi/14.3.0/thumb/v8-m.main/nofp/space\libgcc.a(_udivmoddi4.o)
                0x0000b89c                        __exidx_end = .
                0x0000b89c                        __rodata_region_start = .

initlevel       0x0000b89c       0x80
                0x0000b89c                        __init_start = .
                0x0000b89c                        __init_EARLY_start = .
 *(SORT_BY_NAME(SORT_BY_ALIGNMENT(.z_init_EARLY_P_?_*)))
 .z_init_EARLY_P_0_SUB_0_
                0x0000b89c        0x8 C:\Users\Javad\AppData\Local\Temp\ccspvjKy.ltrans0.ltrans.o
 *(SORT_BY_NAME(SORT_BY_ALIGNMENT(.z_init_EARLY_P_??_*)))
 *(SORT_BY_NAME(SORT_BY_ALIGNMENT(.z_init_EARLY_P_???_*)))
                0x0000b8a4                        __init_PRE_KERNEL_1_start = .
 *(SORT_BY_NAME(SORT_BY_ALIGNMENT(.z_init_PRE_KERNEL_1_P_?_*)))
 *(SORT_BY_NAME(SORT_BY_ALIGNMENT(.z_init_PRE_KERNEL_1_P_??_*)))
 .z_init_PRE_KERNEL_1_P_30_SUB_00097_
                0x0000b8a4        0x8 C:\Users\Javad\AppData\Local\Temp\ccspvjKy.ltrans0.ltrans.o
 .z_init_PRE_KERNEL_1_P_30_SUB_0_
                0x0000b8ac       0x10 C:\Users\Javad\AppData\Local\Temp\ccspvjKy.ltrans1.ltrans.o
 .z_init_PRE_KERNEL_1_P_40_SUB_00010_
                0x0000b8bc        0x8 C:\Users\Javad\AppData\Local\Temp\ccspvjKy.ltrans0.ltrans.o
 .z_init_PRE_KERNEL_1_P_40_SUB_00018_
                0x0000b8c4        0x8 C:\Users\Javad\AppData\Local\Temp\ccspvjKy.ltrans0.ltrans.o
 .z_init_PRE_KERNEL_1_P_50_SUB_00159_
                0x0000b8cc        0x8 C:\Users\Javad\AppData\Local\Temp\ccspvjKy.ltrans0.ltrans.o
 *(SORT_BY_NAME(SORT_BY_ALIGNMENT(.z_init_PRE_KERNEL_1_P_???_*)))
                0x0000b8d4                        __init_PRE_KERNEL_2_start = .
 *(SORT_BY_NAME(SORT_BY_ALIGNMENT(.z_init_PRE_KERNEL_2_P_?_*)))
 .z_init_PRE_KERNEL_2_P_0_SUB_0_
                0x0000b8d4        0x8 C:\Users\Javad\AppData\Local\Temp\ccspvjKy.ltrans0.ltrans.o
 *(SORT_BY_NAME(SORT_BY_ALIGNMENT(.z_init_PRE_KERNEL_2_P_??_*)))
 *(SORT_BY_NAME(SORT_BY_ALIGNMENT(.z_init_PRE_KERNEL_2_P_???_*)))
                0x0000b8dc                        __init_POST_KERNEL_start = .
 *(SORT_BY_NAME(SORT_BY_ALIGNMENT(.z_init_POST_KERNEL_P_?_*)))
 *(SORT_BY_NAME(SORT_BY_ALIGNMENT(.z_init_POST_KERNEL_P_??_*)))
 .z_init_POST_KERNEL_P_40_SUB_0_
                0x0000b8dc        0x8 C:\Users\Javad\AppData\Local\Temp\ccspvjKy.ltrans0.ltrans.o
 .z_init_POST_KERNEL_P_40_SUB_0_
                0x0000b8e4        0x8 C:\Users\Javad\AppData\Local\Temp\ccspvjKy.ltrans1.ltrans.o
 .z_init_POST_KERNEL_P_41_SUB_00149_
                0x0000b8ec        0x8 C:\Users\Javad\AppData\Local\Temp\ccspvjKy.ltrans0.ltrans.o
 .z_init_POST_KERNEL_P_50_SUB_00084_
                0x0000b8f4        0x8 C:\Users\Javad\AppData\Local\Temp\ccspvjKy.ltrans0.ltrans.o
 .z_init_POST_KERNEL_P_50_SUB_0_
                0x0000b8fc       0x10 C:\Users\Javad\AppData\Local\Temp\ccspvjKy.ltrans0.ltrans.o
 .z_init_POST_KERNEL_P_75_SUB_00014_
                0x0000b90c        0x8 C:\Users\Javad\AppData\Local\Temp\ccspvjKy.ltrans0.ltrans.o
 .z_init_POST_KERNEL_P_75_SUB_00015_
                0x0000b914        0x8 C:\Users\Javad\AppData\Local\Temp\ccspvjKy.ltrans0.ltrans.o
 *(SORT_BY_NAME(SORT_BY_ALIGNMENT(.z_init_POST_KERNEL_P_???_*)))
                0x0000b91c                        __init_APPLICATION_start = .
 *(SORT_BY_NAME(SORT_BY_ALIGNMENT(.z_init_APPLICATION_P_?_*)))
 *(SORT_BY_NAME(SORT_BY_ALIGNMENT(.z_init_APPLICATION_P_??_*)))
 *(SORT_BY_NAME(SORT_BY_ALIGNMENT(.z_init_APPLICATION_P_???_*)))
                0x0000b91c                        __init_SMP_start = .
 *(SORT_BY_NAME(SORT_BY_ALIGNMENT(.z_init_SMP_P_?_*)))
 *(SORT_BY_NAME(SORT_BY_ALIGNMENT(.z_init_SMP_P_??_*)))
 *(SORT_BY_NAME(SORT_BY_ALIGNMENT(.z_init_SMP_P_???_*)))
                0x0000b91c                        __init_end = .

device_area     0x0000b91c       0xe0
                0x0000b91c                        _device_list_start = .
 *(SORT_BY_NAME(SORT_BY_ALIGNMENT(._device.static.*_?_*)))
 *(SORT_BY_NAME(SORT_BY_ALIGNMENT(._device.static.*_??_*)))
 ._device.static.1_30_
                0x0000b91c       0x1c C:\Users\Javad\AppData\Local\Temp\ccspvjKy.ltrans0.ltrans.o
                0x0000b91c                __device_dts_ord_97
 ._device.static.1_40_
                0x0000b938       0x38 C:\Users\Javad\AppData\Local\Temp\ccspvjKy.ltrans0.ltrans.o
                0x0000b938                __device_dts_ord_10
                0x0000b954                __device_dts_ord_18
 ._device.static.1_50_
                0x0000b970       0x1c C:\Users\Javad\AppData\Local\Temp\ccspvjKy.ltrans0.ltrans.o
                0x0000b970                __device_dts_ord_159
 ._device.static.3_41_
                0x0000b98c       0x1c C:\Users\Javad\AppData\Local\Temp\ccspvjKy.ltrans0.ltrans.o
                0x0000b98c                __device_dts_ord_149
 ._device.static.3_50_
                0x0000b9a8       0x1c C:\Users\Javad\AppData\Local\Temp\ccspvjKy.ltrans0.ltrans.o
                0x0000b9a8                __device_dts_ord_84
 ._device.static.3_75_
                0x0000b9c4       0x38 C:\Users\Javad\AppData\Local\Temp\ccspvjKy.ltrans0.ltrans.o
                0x0000b9c4                __device_dts_ord_14
                0x0000b9e0                __device_dts_ord_15
 *(SORT_BY_NAME(SORT_BY_ALIGNMENT(._device.static.*_???_*)))
 *(SORT_BY_NAME(SORT_BY_ALIGNMENT(._device.static.*_????_*)))
 *(SORT_BY_NAME(SORT_BY_ALIGNMENT(._device.static.*_?????_*)))
                0x0000b9fc                        _device_list_end = .

sw_isr_table    0x0000b9fc      0x228
                0x0000b9fc                        . = ALIGN (0x4)
 *(SORT_BY_ALIGNMENT(.gnu.linkonce.sw_isr_table*))
 .gnu.linkonce.sw_isr_table
                0x0000b9fc      0x228 C:\Users\Javad\AppData\Local\Temp\ccspvjKy.ltrans0.ltrans.o
                0x0000b9fc                _sw_isr_table

initlevel_error
 *(SORT_BY_NAME(SORT_BY_ALIGNMENT(.z_init_*)))
                0x00000001                        ASSERT ((SIZEOF (initlevel_error) == 0x0), Undefined initialization levels used.)

app_shmem_regions
                0x0000bc24        0x0
                0x0000bc24                        __app_shmem_regions_start = .
 *(SORT_BY_NAME(SORT_BY_ALIGNMENT(.app_regions.*)))
                0x0000bc24                        __app_shmem_regions_end = .

k_p4wq_initparam_area
                0x0000bc24        0x0
                0x0000bc24                        _k_p4wq_initparam_list_start = .
 *(SORT_BY_NAME(SORT_BY_ALIGNMENT(._k_p4wq_initparam.static.*)))
                0x0000bc24                        _k_p4wq_initparam_list_end = .

_static_thread_data_area
                0x0000bc24        0x0
                0x0000bc24                        __static_thread_data_list_start = .
 *(SORT_BY_NAME(SORT_BY_ALIGNMENT(.__static_thread_data.static.*)))
                0x0000bc24                        __static_thread_data_list_end = .

device_deps     0x0000bc24        0x0
                0x0000bc24                        __device_deps_start = .
 *(SORT_BY_NAME(SORT_BY_ALIGNMENT(.__device_deps_pass2*)))
                0x0000bc24                        __device_deps_end = .

flash_driver_api_area
                0x0000bc24       0x30
                0x0000bc24                        _flash_driver_api_list_start = .
 *(SORT_BY_NAME(SORT_BY_ALIGNMENT(._flash_driver_api.static.*)))
 ._flash_driver_api.static.flash_nrf_api_
                0x0000bc24       0x18 C:\Users\Javad\AppData\Local\Temp\ccspvjKy.ltrans0.ltrans.o
 ._flash_driver_api.static.qspi_nor_api_
                0x0000bc3c       0x18 C:\Users\Javad\AppData\Local\Temp\ccspvjKy.ltrans0.ltrans.o
                0x0000bc54                        _flash_driver_api_list_end = .

gpio_driver_api_area
                0x0000bc54       0x24
                0x0000bc54                        _gpio_driver_api_list_start = .
 *(SORT_BY_NAME(SORT_BY_ALIGNMENT(._gpio_driver_api.static.*)))
 ._gpio_driver_api.static.gpio_nrfx_drv_api_funcs_
                0x0000bc54       0x24 C:\Users\Javad\AppData\Local\Temp\ccspvjKy.ltrans0.ltrans.o
                0x0000bc54                gpio_nrfx_drv_api_funcs.lto_priv.0
                0x0000bc78                        _gpio_driver_api_list_end = .

shared_irq_driver_api_area
                0x0000bc78        0x0
                0x0000bc78                        _shared_irq_driver_api_list_start = .
 *(SORT_BY_NAME(SORT_BY_ALIGNMENT(._shared_irq_driver_api.static.*)))
                0x0000bc78                        _shared_irq_driver_api_list_end = .

crypto_driver_api_area
                0x0000bc78        0x0
                0x0000bc78                        _crypto_driver_api_list_start = .
 *(SORT_BY_NAME(SORT_BY_ALIGNMENT(._crypto_driver_api.static.*)))
                0x0000bc78                        _crypto_driver_api_list_end = .

adc_driver_api_area
                0x0000bc78        0x0
                0x0000bc78                        _adc_driver_api_list_start = .
 *(SORT_BY_NAME(SORT_BY_ALIGNMENT(._adc_driver_api.static.*)))
                0x0000bc78                        _adc_driver_api_list_end = .

auxdisplay_driver_api_area
                0x0000bc78        0x0
                0x0000bc78                        _auxdisplay_driver_api_list_start = .
 *(SORT_BY_NAME(SORT_BY_ALIGNMENT(._auxdisplay_driver_api.static.*)))
                0x0000bc78                        _auxdisplay_driver_api_list_end = .

bbram_driver_api_area
                0x0000bc78        0x0
                0x0000bc78                        _bbram_driver_api_list_start = .
 *(SORT_BY_NAME(SORT_BY_ALIGNMENT(._bbram_driver_api.static.*)))
                0x0000bc78                        _bbram_driver_api_list_end = .

biometric_driver_api_area
                0x0000bc78        0x0
                0x0000bc78                        _biometric_driver_api_list_start = .
 *(SORT_BY_NAME(SORT_BY_ALIGNMENT(._biometric_driver_api.static.*)))
                0x0000bc78                        _biometric_driver_api_list_end = .

bt_hci_driver_api_area
                0x0000bc78        0x0
                0x0000bc78                        _bt_hci_driver_api_list_start = .
 *(SORT_BY_NAME(SORT_BY_ALIGNMENT(._bt_hci_driver_api.static.*)))
                0x0000bc78                        _bt_hci_driver_api_list_end = .

can_driver_api_area
                0x0000bc78        0x0
                0x0000bc78                        _can_driver_api_list_start = .
 *(SORT_BY_NAME(SORT_BY_ALIGNMENT(._can_driver_api.static.*)))