Archive member included to satisfy reference by file (symbol)

app/libapp.a(main.c.obj)      (--whole-archive)
zephyr/libzephyr.a(validate_libc.c.obj)
                              (--whole-archive)
zephyr/libzephyr.a(heap.c.obj)
                              (--whole-archive)
zephyr/libzephyr.a(cbprintf_packaged.c.obj)
                              (--whole-archive)
zephyr/libzephyr.a(clock.c.obj)
                              (--whole-archive)
zephyr/libzephyr.a(printk.c.obj)
                              (--whole-archive)
zephyr/libzephyr.a(sem.c.obj)
                              (--whole-archive)
zephyr/libzephyr.a(thread_entry.c.obj)
                              (--whole-archive)
zephyr/libzephyr.a(cbprintf_complete.c.obj)
                              (--whole-archive)
zephyr/libzephyr.a(assert.c.obj)
                              (--whole-archive)
zephyr/libzephyr.a(dec.c.obj)
                              (--whole-archive)
zephyr/libzephyr.a(hex.c.obj)
                              (--whole-archive)
zephyr/libzephyr.a(rb.c.obj)  (--whole-archive)
zephyr/libzephyr.a(set.c.obj)
                              (--whole-archive)
zephyr/libzephyr.a(timeutil.c.obj)
                              (--whole-archive)
zephyr/libzephyr.a(bitarray.c.obj)
                              (--whole-archive)
zephyr/libzephyr.a(bitmask.c.obj)
                              (--whole-archive)
zephyr/libzephyr.a(getopt.c.obj)
                              (--whole-archive)
zephyr/libzephyr.a(getopt_common.c.obj)
                              (--whole-archive)
zephyr/libzephyr.a(onoff.c.obj)
                              (--whole-archive)
zephyr/libzephyr.a(notify.c.obj)
                              (--whole-archive)
zephyr/libzephyr.a(ring_buffer.c.obj)
                              (--whole-archive)
zephyr/libzephyr.a(last_section_id.c.obj)
                              (--whole-archive)
zephyr/libzephyr.a(configs.c.obj)
                              (--whole-archive)
zephyr/libzephyr.a(thread_info.c.obj)
                              (--whole-archive)
zephyr/libzephyr.a(mem_attr.c.obj)
                              (--whole-archive)
zephyr/libzephyr.a(tracing_none.c.obj)
                              (--whole-archive)
zephyr/libzephyr.a(banner.c.obj)
                              (--whole-archive)
zephyr/libzephyr.a(nrf_cc3xx_platform_abort_zephyr.c.obj)
                              (--whole-archive)
zephyr/libzephyr.a(nrf_cc3xx_platform_mutex_zephyr.c.obj)
                              (--whole-archive)
zephyr/arch/common/libarch__common.a(sw_isr_common.c.obj)
                              (--whole-archive)
zephyr/arch/common/libarch__common.a(init.c.obj)
                              (--whole-archive)
zephyr/arch/common/libarch__common.a(xip.c.obj)
                              (--whole-archive)
zephyr/arch/arch/arm/core/libarch__arm__core.a(fatal.c.obj)
                              (--whole-archive)
zephyr/arch/arch/arm/core/libarch__arm__core.a(nmi.c.obj)
                              (--whole-archive)
zephyr/arch/arch/arm/core/libarch__arm__core.a(nmi_on_reset.S.obj)
                              (--whole-archive)
zephyr/arch/arch/arm/core/libarch__arm__core.a(tls.c.obj)
                              (--whole-archive)
zephyr/arch/arch/arm/core/cortex_m/libarch__arm__core__cortex_m.a(fault.c.obj)
                              (--whole-archive)
zephyr/arch/arch/arm/core/cortex_m/libarch__arm__core__cortex_m.a(fault_s.S.obj)
                              (--whole-archive)
zephyr/arch/arch/arm/core/cortex_m/libarch__arm__core__cortex_m.a(fpu.c.obj)
                              (--whole-archive)
zephyr/arch/arch/arm/core/cortex_m/libarch__arm__core__cortex_m.a(reset.S.obj)
                              (--whole-archive)
zephyr/arch/arch/arm/core/cortex_m/libarch__arm__core__cortex_m.a(scb.c.obj)
                              (--whole-archive)
zephyr/arch/arch/arm/core/cortex_m/libarch__arm__core__cortex_m.a(vector_table.S.obj)
                              (--whole-archive)
zephyr/arch/arch/arm/core/cortex_m/libarch__arm__core__cortex_m.a(svc.S.obj)
                              (--whole-archive)
zephyr/arch/arch/arm/core/cortex_m/libarch__arm__core__cortex_m.a(irq_manage.c.obj)
                              (--whole-archive)
zephyr/arch/arch/arm/core/cortex_m/libarch__arm__core__cortex_m.a(prep_c.c.obj)
                              (--whole-archive)
zephyr/arch/arch/arm/core/cortex_m/libarch__arm__core__cortex_m.a(thread.c.obj)
                              (--whole-archive)
zephyr/arch/arch/arm/core/cortex_m/libarch__arm__core__cortex_m.a(cpu_idle.c.obj)
                              (--whole-archive)
zephyr/arch/arch/arm/core/cortex_m/libarch__arm__core__cortex_m.a(exc_exit.c.obj)
                              (--whole-archive)
zephyr/arch/arch/arm/core/cortex_m/libarch__arm__core__cortex_m.a(thread_abort.c.obj)
                              (--whole-archive)
[...]
Memory Configuration

Name             Origin             Length             Attributes
FLASH            0x00000000         0x00100000         xr
RAM              0x20000000         0x00040000         xw
IDT_LIST         0xffff7fff         0x00008000         xw
*default*        0x00000000         0xffffffff

Linker script and memory map

                0x00004240                        vfprintf = __l_vfprintf
                0x00000000                        vfscanf = __l_vfscanf
LOAD zephyr/CMakeFiles/zephyr_pre0.dir/misc/empty_file.c.obj
LOAD zephyr/CMakeFiles/offsets.dir/./arch/arm/core/offsets/offsets.c.obj
LOAD app/libapp.a
LOAD zephyr/libzephyr.a
LOAD zephyr/arch/common/libarch__common.a
LOAD zephyr/arch/arch/arm/core/libarch__arm__core.a
LOAD zephyr/arch/arch/arm/core/cortex_m/libarch__arm__core__cortex_m.a
LOAD zephyr/arch/arch/arm/core/mpu/libarch__arm__core__mpu.a
LOAD zephyr/lib/libc/picolibc/liblib__libc__picolibc.a
LOAD zephyr/lib/libc/common/liblib__libc__common.a
LOAD zephyr/lib/posix/c_lib_ext/liblib__posix__c_lib_ext.a
LOAD zephyr/soc/soc/nrf52840/libsoc__nordic.a
LOAD zephyr/drivers/clock_control/libdrivers__clock_control.a
LOAD zephyr/drivers/console/libdrivers__console.a
LOAD zephyr/drivers/gpio/libdrivers__gpio.a
LOAD zephyr/drivers/pinctrl/libdrivers__pinctrl.a
LOAD zephyr/drivers/serial/libdrivers__serial.a
LOAD zephyr/drivers/timer/libdrivers__timer.a
LOAD modules/nrf/drivers/hw_cc3xx/lib..__nrf__drivers__hw_cc3xx.a
LOAD modules/hal_nordic/modules/hal_nordic/nrfx/libnrfx.a
LOAD zephyr/kernel/libkernel.a
LOAD zephyr/arch/common/libisr_tables.a
LOAD C:/ncs/v3.4.0/nrfxlib/crypto/nrf_cc310_platform/lib/cortex-m4/soft-float/no-interrupts/libnrf_cc310_platform_0.9.22.a
LOAD C:/ncs/toolchains/dcbdc366a1/opt/zephyr-sdk/gnu/arm-zephyr-eabi/bin/../lib/gcc/arm-zephyr-eabi/14.3.0/../../../../arm-zephyr-eabi/lib/thumb/v7e-m/nofp/space\libc.a
LOAD C:/ncs/toolchains/dcbdc366a1/opt/zephyr-sdk/gnu/arm-zephyr-eabi/bin/../lib/gcc/arm-zephyr-eabi/14.3.0/thumb/v7e-m/nofp/space\libgcc.a
                0x00000020                        _region_min_align = 0x20

.rel.plt        0x00000000        0x0
 *(SORT_BY_ALIGNMENT(.rel.plt))
                [!provide]                        PROVIDE (__rel_iplt_start = .)
 *(SORT_BY_ALIGNMENT(.rel.iplt))
 .rel.iplt      0x00000000        0x0 app/libapp.a(main.c.obj)
                [!provide]                        PROVIDE (__rel_iplt_end = .)

.rela.plt       0x00000000        0x0
 *(SORT_BY_ALIGNMENT(.rela.plt))
                [!provide]                        PROVIDE (__rela_iplt_start = .)
 *(SORT_BY_ALIGNMENT(.rela.iplt))
                [!provide]                        PROVIDE (__rela_iplt_end = .)

.rel.dyn
 *(SORT_BY_ALIGNMENT(.rel.*))

.rela.dyn
 *(SORT_BY_ALIGNMENT(.rela.*))

/DISCARD/
 *(SORT_BY_ALIGNMENT(.plt))

/DISCARD/
 *(SORT_BY_ALIGNMENT(.iplt))
                0x00000000                        __rom_region_start = 0x0

rom_start       0x00000000      0x100
                0x00000000                        __rom_start_address = .
 FILL mask 0x00
                0x00000000                        . = (. + (0x0 - (. - __rom_start_address)))
                0x00000000                        . = ALIGN (0x4)
                0x00000000                        . = ALIGN (0x80)
                0x00000000                        . = ALIGN (0x100)
                0x00000000                        _vector_start = .
 *(SORT_BY_ALIGNMENT(.exc_vector_table))
 *(SORT_BY_ALIGNMENT(.exc_vector_table.*))
 .exc_vector_table._vector_table_section
                0x00000000       0x40 zephyr/arch/arch/arm/core/cortex_m/libarch__arm__core__cortex_m.a(vector_table.S.obj)
                0x00000000                _vector_table
 *(SORT_BY_ALIGNMENT(.vectors))
                0x00000100                        _vector_end = .
                0x00000040                        . = ALIGN (0x4)
 *(SORT_BY_ALIGNMENT(.gnu.linkonce.irq_vector_table*))
 .gnu.linkonce.irq_vector_table
                0x00000040       0xc0 zephyr/arch/common/libisr_tables.a(isr_tables.c.obj)
                0x00000040                _irq_vector_table
                0x00000100                        _vector_end = .

text            0x00000100     0x5ea0
                0x00000100                        __text_region_start = .
 *(SORT_BY_ALIGNMENT(.text))
 .text          0x00000100       0x30 C:/ncs/toolchains/dcbdc366a1/opt/zephyr-sdk/gnu/arm-zephyr-eabi/bin/../lib/gcc/arm-zephyr-eabi/14.3.0/thumb/v7e-m/nofp/space\libgcc.a(_aeabi_uldivmod.o)
                0x00000100                __aeabi_uldivmod
 .text          0x00000130        0x4 C:/ncs/toolchains/dcbdc366a1/opt/zephyr-sdk/gnu/arm-zephyr-eabi/bin/../lib/gcc/arm-zephyr-eabi/14.3.0/thumb/v7e-m/nofp/space\libgcc.a(_dvmd_tls.o)
                0x00000130                __aeabi_idiv0
                0x00000130                __aeabi_ldiv0
 .text          0x00000134      0x2bc C:/ncs/toolchains/dcbdc366a1/opt/zephyr-sdk/gnu/arm-zephyr-eabi/bin/../lib/gcc/arm-zephyr-eabi/14.3.0/thumb/v7e-m/nofp/space\libgcc.a(_udivmoddi4.o)
                0x00000134                __udivmoddi4
 *(SORT_BY_ALIGNMENT(.text.*))
 .text.uart_cb  0x000003f0       0x58 app/libapp.a(main.c.obj)
 .text.main     0x00000448       0xb8 app/libapp.a(main.c.obj)
                0x00000448                main
 .text.char_out
                0x00000500        0xc zephyr/libzephyr.a(printk.c.obj)
 .text.__printk_hook_install
                0x0000050c        0xc zephyr/libzephyr.a(printk.c.obj)
                0x0000050c                __printk_hook_install
 .text.vprintk  0x00000518       0x30 zephyr/libzephyr.a(printk.c.obj)
                0x00000518                vprintk
 .text.z_thread_entry
                0x00000548       0x34 zephyr/libzephyr.a(thread_entry.c.obj)
                0x00000548                z_thread_entry
 .text.process_event
                0x0000057c      0x1e8 zephyr/libzephyr.a(onoff.c.obj)
 .text.mem_attr_get_regions
                0x00000764        0xc zephyr/libzephyr.a(mem_attr.c.obj)
                0x00000764                mem_attr_get_regions
 .text.ncs_boot_banner
                0x00000770       0x1c zephyr/libzephyr.a(banner.c.obj)
 .text.nrf_cc3xx_platform_abort_init
                0x0000078c        0xc zephyr/libzephyr.a(nrf_cc3xx_platform_abort_zephyr.c.obj)
                0x0000078c                nrf_cc3xx_platform_abort_init
 .text.mutex_free_platform
                0x00000798       0x54 zephyr/libzephyr.a(nrf_cc3xx_platform_mutex_zephyr.c.obj)
 .text.mutex_lock_platform
                0x000007ec       0x60 zephyr/libzephyr.a(nrf_cc3xx_platform_mutex_zephyr.c.obj)
 .text.mutex_unlock_platform
                0x0000084c       0x58 zephyr/libzephyr.a(nrf_cc3xx_platform_mutex_zephyr.c.obj)
 .text.mutex_init_platform
                0x000008a4       0x94 zephyr/libzephyr.a(nrf_cc3xx_platform_mutex_zephyr.c.obj)
 .text.nrf_cc3xx_platform_mutex_init
                0x00000938       0x2c zephyr/libzephyr.a(nrf_cc3xx_platform_mutex_zephyr.c.obj)
                0x00000938                nrf_cc3xx_platform_mutex_init
 .text.arch_bss_zero
                0x00000964       0x18 zephyr/arch/common/libarch__common.a(init.c.obj)
                0x00000964                arch_bss_zero
 .text.arch_data_copy
                0x0000097c       0x38 zephyr/arch/common/libarch__common.a(xip.c.obj)
                0x0000097c                arch_data_copy
 .text.z_arm_fatal_error
                0x000009b4       0x60 zephyr/arch/arch/arm/core/libarch__arm__core.a(fatal.c.obj)
                0x000009b4                z_arm_fatal_error
 .text.z_SysNmiOnReset
                0x00000a14        0x8 zephyr/arch/arch/arm/core/libarch__arm__core.a(nmi_on_reset.S.obj)
                0x00000a14                z_SysNmiOnReset
 .text.arch_tls_stack_setup
                0x00000a1c       0x40 zephyr/arch/arch/arm/core/libarch__arm__core.a(tls.c.obj)
                0x00000a1c                arch_tls_stack_setup
 .text.mem_manage_fault
                0x00000a5c       0xf0 zephyr/arch/arch/arm/core/cortex_m/libarch__arm__core__cortex_m.a(fault.c.obj)
 .text.usage_fault.isra.0
                0x00000b4c       0x98 zephyr/arch/arch/arm/core/cortex_m/libarch__arm__core__cortex_m.a(fault.c.obj)
 .text.bus_fault.isra.0
                0x00000be4       0xb8 zephyr/arch/arch/arm/core/cortex_m/libarch__arm__core__cortex_m.a(fault.c.obj)
 .text.z_arm_fault
                0x00000c9c      0x1a8 zephyr/arch/arch/arm/core/cortex_m/libarch__arm__core__cortex_m.a(fault.c.obj)
                0x00000c9c                z_arm_fault
 .text.z_arm_fault_init
                0x00000e44       0x18 zephyr/arch/arch/arm/core/cortex_m/libarch__arm__core__cortex_m.a(fault.c.obj)
                0x00000e44                z_arm_fault_init
 .text.__fault  0x00000e5c       0x14 zephyr/arch/arch/arm/core/cortex_m/libarch__arm__core__cortex_m.a(fault_s.S.obj)
                0x00000e5c                z_arm_usage_fault
                0x00000e5c                z_arm_mpu_fault
                0x00000e5c                z_arm_exc_spurious
                0x00000e5c                z_arm_debug_monitor
                0x00000e5c                z_arm_hard_fault
                0x00000e5c                z_arm_bus_fault
 .text._reset_section
                0x00000e70       0x60 zephyr/arch/arch/arm/core/cortex_m/libarch__arm__core__cortex_m.a(reset.S.obj)
                0x00000e70                __start
                0x00000e70                z_arm_reset
 .text.z_arm_clear_arm_mpu_config
                0x00000ed0       0x24 zephyr/arch/arch/arm/core/cortex_m/libarch__arm__core__cortex_m.a(scb.c.obj)
                0x00000ed0                z_arm_clear_arm_mpu_config
 .text.z_arm_init_arch_hw_at_boot
                0x00000ef4       0x64 zephyr/arch/arch/arm/core/cortex_m/libarch__arm__core__cortex_m.a(scb.c.obj)
                0x00000ef4                z_arm_init_arch_hw_at_boot
 .text.z_arm_svc
                0x00000f58       0x24 zephyr/arch/arch/arm/core/cortex_m/libarch__arm__core__cortex_m.a(svc.S.obj)
                0x00000f58                z_arm_svc
 .text.arm_irq_enable
                0x00000f7c       0x1c zephyr/arch/arch/arm/core/cortex_m/libarch__arm__core__cortex_m.a(irq_manage.c.obj)
                0x00000f7c                arm_irq_enable
 .text.arm_irq_is_enabled
                0x00000f98       0x1c zephyr/arch/arch/arm/core/cortex_m/libarch__arm__core__cortex_m.a(irq_manage.c.obj)
                0x00000f98                arm_irq_is_enabled
 .text.arm_irq_priority_set
                0x00000fb4       0x30 zephyr/arch/arch/arm/core/cortex_m/libarch__arm__core__cortex_m.a(irq_manage.c.obj)
                0x00000fb4                arm_irq_priority_set
 .text.relocate_vector_table
                0x00000fe4       0x1c zephyr/arch/arch/arm/core/cortex_m/libarch__arm__core__cortex_m.a(prep_c.c.obj)
                0x00000fe4                relocate_vector_table
 .text.z_prep_c
                0x00001000       0x28 zephyr/arch/arch/arm/core/cortex_m/libarch__arm__core__cortex_m.a(prep_c.c.obj)
                0x00001000                z_prep_c
 .text.arch_new_thread
                0x00001028       0x38 zephyr/arch/arch/arm/core/cortex_m/libarch__arm__core__cortex_m.a(thread.c.obj)
                0x00001028                arch_new_thread
 .text.z_check_thread_stack_fail
                0x00001060       0x30 zephyr/arch/arch/arm/core/cortex_m/libarch__arm__core__cortex_m.a(thread.c.obj)
                0x00001060                z_check_thread_stack_fail
 .text.arch_switch_to_main_thread
                0x00001090       0x40 zephyr/arch/arch/arm/core/cortex_m/libarch__arm__core__cortex_m.a(thread.c.obj)
                0x00001090                arch_switch_to_main_thread
 .text.z_arm_cpu_idle_init
                0x000010d0        0xc zephyr/arch/arch/arm/core/cortex_m/libarch__arm__core__cortex_m.a(cpu_idle.c.obj)
                0x000010d0                z_arm_cpu_idle_init
 .text._HandlerModeExit
                0x000010dc       0x20 zephyr/arch/arch/arm/core/cortex_m/libarch__arm__core__cortex_m.a(exc_exit.c.obj)
                0x000010dc                z_arm_int_exit
                0x000010dc                z_arm_exc_exit
 .text.z_impl_k_thread_abort
                0x000010fc       0x2c zephyr/arch/arch/arm/core/cortex_m/libarch__arm__core__cortex_m.a(thread_abort.c.obj)
                0x000010fc                z_impl_k_thread_abort
 .text.z_arm_pendsv
                0x00001128       0x64 zephyr/arch/arch/arm/core/cortex_m/libarch__arm__core__cortex_m.a(swap_helper.S.obj)
                0x00001128                z_arm_pendsv
 .text.z_arm_interrupt_init
                0x0000118c       0x18 zephyr/arch/arch/arm/core/cortex_m/libarch__arm__core__cortex_m.a(irq_init.c.obj)
                0x0000118c                z_arm_interrupt_init
 .text._isr_wrapper
                0x000011a4       0x24 zephyr/arch/arch/arm/core/cortex_m/libarch__arm__core__cortex_m.a(isr_wrapper.c.obj)
                0x000011a4                _isr_wrapper
 .text.__aeabi_read_tp
                0x000011c8        0xc zephyr/arch/arch/arm/core/cortex_m/libarch__arm__core__cortex_m.a(__aeabi_read_tp.S.obj)
                0x000011c8                __aeabi_read_tp
 .text.z_arm_configure_static_mpu_regions
                0x000011d4       0x18 zephyr/arch/arch/arm/core/mpu/libarch__arm__core__mpu.a(arm_core_mpu.c.obj)
                0x000011d4                z_arm_configure_static_mpu_regions
 .text.z_arm_configure_dynamic_mpu_regions
                0x000011ec       0x24 zephyr/arch/arch/arm/core/mpu/libarch__arm__core__mpu.a(arm_core_mpu.c.obj)
                0x000011ec                z_arm_configure_dynamic_mpu_regions
 .text.region_init
                0x00001210       0x28 zephyr/arch/arch/arm/core/mpu/libarch__arm__core__mpu.a(arm_mpu.c.obj)
 .text.mpu_configure_regions
                0x00001238       0x6c zephyr/arch/arch/arm/core/mpu/libarch__arm__core__mpu.a(arm_mpu.c.obj)
 .text.arm_core_mpu_enable
                0x000012a4       0x18 zephyr/arch/arch/arm/core/mpu/libarch__arm__core__mpu.a(arm_mpu.c.obj)
                0x000012a4                arm_core_mpu_enable
 .text.arm_core_mpu_disable
                0x000012bc       0x14 zephyr/arch/arch/arm/core/mpu/libarch__arm__core__mpu.a(arm_mpu.c.obj)
                0x000012bc                arm_core_mpu_disable
 .text.arm_core_mpu_configure_static_mpu_regions
                0x000012d0       0x14 zephyr/arch/arch/arm/core/mpu/libarch__arm__core__mpu.a(arm_mpu.c.obj)
                0x000012d0                arm_core_mpu_configure_static_mpu_regions
 .text.arm_core_mpu_configure_dynamic_mpu_regions
                0x000012e4       0x38 zephyr/arch/arch/arm/core/mpu/libarch__arm__core__mpu.a(arm_mpu.c.obj)
                0x000012e4                arm_core_mpu_configure_dynamic_mpu_regions
 .text.z_arm_mpu_init
                0x0000131c      0x184 zephyr/arch/arch/arm/core/mpu/libarch__arm__core__mpu.a(arm_mpu.c.obj)
                0x0000131c                z_arm_mpu_init
 .text.z_impl_zephyr_fputc
                0x000014a0       0x10 zephyr/lib/libc/picolibc/liblib__libc__picolibc.a(stdio.c.obj)
                0x000014a0                z_impl_zephyr_fputc
 .text.__stdout_hook_install
                0x000014b0       0x18 zephyr/lib/libc/picolibc/liblib__libc__picolibc.a(stdio.c.obj)
                0x000014b0                __stdout_hook_install
 .text.malloc_prepare
                0x000014c8       0x24 zephyr/lib/libc/common/liblib__libc__common.a(malloc.c.obj)
 .text.nordicsemi_nrf52_init
                0x000014ec       0x38 zephyr/soc/soc/nrf52840/libsoc__nordic.a(soc.c.obj)
 .text.arch_busy_wait
                0x00001524       0x24 zephyr/soc/soc/nrf52840/libsoc__nordic.a(soc.c.obj)
                0x00001524                arch_busy_wait
 .text.gppi_init
                0x00001548       0x20 zephyr/soc/soc/nrf52840/libsoc__nordic.a(gppi_init.c.obj)
 .text.onoff_stop
                0x00001568       0x30 zephyr/drivers/clock_control/libdrivers__clock_control.a(clock_control_nrf.c.obj)
 .text.onoff_start
                0x00001598       0x44 zephyr/drivers/clock_control/libdrivers__clock_control.a(clock_control_nrf.c.obj)
 .text.clk_init
                0x000015dc       0x58 zephyr/drivers/clock_control/libdrivers__clock_control.a(clock_control_nrf.c.obj)
 .text.api_blocking_start
                0x00001634       0x30 zephyr/drivers/clock_control/libdrivers__clock_control.a(clock_control_nrf.c.obj)
 .text.generic_hfclk_stop
                0x00001664       0x34 zephyr/drivers/clock_control/libdrivers__clock_control.a(clock_control_nrf.c.obj)
 .text.clkstarted_handle.constprop.0
                0x00001698       0x4c zephyr/drivers/clock_control/libdrivers__clock_control.a(clock_control_nrf.c.obj)
 .text.generic_hfclk_start
                0x000016e4       0x78 zephyr/drivers/clock_control/libdrivers__clock_control.a(clock_control_nrf.c.obj)
 .text.clock_event_handler
                0x0000175c       0x1c zephyr/drivers/clock_control/libdrivers__clock_control.a(clock_control_nrf.c.obj)
 .text.z_nrf_clock_control_lf_on
                0x00001778       0xfc zephyr/drivers/clock_control/libdrivers__clock_control.a(clock_control_nrf.c.obj)
                0x00001778                z_nrf_clock_control_lf_on
 .text.uart_console_init
                0x00001874       0x28 zephyr/drivers/console/libdrivers__console.a(uart_console.c.obj)
 .text.console_out
                0x0000189c       0x28 zephyr/drivers/console/libdrivers__console.a(uart_console.c.obj)
 .text.gpio_nrfx_pin_configure
                0x000018c4      0x184 zephyr/drivers/gpio/libdrivers__gpio.a(gpio_nrfx.c.obj)
 .text.nrfx_gpio_handler
                0x00001a48       0x4c zephyr/drivers/gpio/libdrivers__gpio.a(gpio_nrfx.c.obj)
 .text.gpio_nrfx_init
                0x00001a94       0x3c zephyr/drivers/gpio/libdrivers__gpio.a(gpio_nrfx.c.obj)
 .text.gpio_nrfx_pin_interrupt_configure
                0x00001ad0      0x104 zephyr/drivers/gpio/libdrivers__gpio.a(gpio_nrfx.c.obj)
 .text.nrf_gpio_pin_port_decode
                0x00001bd4       0x20 zephyr/drivers/pinctrl/libdrivers__pinctrl.a(pinctrl_nrf.c.obj)
 .text.pinctrl_configure_pins
                0x00001bf4      0x1a8 zephyr/drivers/pinctrl/libdrivers__pinctrl.a(pinctrl_nrf.c.obj)
                0x00001bf4                pinctrl_configure_pins
 .text.rx_disable_finalize
                0x00001d9c       0x60 zephyr/drivers/serial/libdrivers__serial.a(uart_nrfx_uarte.c.obj)
 .text.uarte_0_init
                0x00001dfc       0xec zephyr/drivers/serial/libdrivers__serial.a(uart_nrfx_uarte.c.obj)
 .text.uarte_nrfx_poll_out
                0x00001ee8       0xd4 zephyr/drivers/serial/libdrivers__serial.a(uart_nrfx_uarte.c.obj)
 .text.uarte_nrfx_rx_enable
                0x00001fbc      0x184 zephyr/drivers/serial/libdrivers__serial.a(uart_nrfx_uarte.c.obj)
 .text.uarte_nrfx_tx
                0x00002140       0xb4 zephyr/drivers/serial/libdrivers__serial.a(uart_nrfx_uarte.c.obj)
 .text.compare_int_lock
                0x000021f4       0x4c zephyr/drivers/timer/libdrivers__timer.a(nrf_rtc_timer.c.obj)
 .text.sys_clock_timeout_handler
                0x00002240       0x58 zephyr/drivers/timer/libdrivers__timer.a(nrf_rtc_timer.c.obj)
 .text.compare_int_unlock
                0x00002298       0x5c zephyr/drivers/timer/libdrivers__timer.a(nrf_rtc_timer.c.obj)
 .text.z_nrf_rtc_timer_read
                0x000022f4       0x44 zephyr/drivers/timer/libdrivers__timer.a(nrf_rtc_timer.c.obj)
                0x000022f4                z_nrf_rtc_timer_read
 .text.compare_set
                0x00002338      0x130 zephyr/drivers/timer/libdrivers__timer.a(nrf_rtc_timer.c.obj)
 .text.sys_clock_driver_init
                0x00002468       0x90 zephyr/drivers/timer/libdrivers__timer.a(nrf_rtc_timer.c.obj)
 .text.rtc_nrf_isr
                0x000024f8       0xd0 zephyr/drivers/timer/libdrivers__timer.a(nrf_rtc_timer.c.obj)
                0x000024f8                rtc_nrf_isr
 .text.sys_clock_set_timeout
                0x000025c8       0x5c zephyr/drivers/timer/libdrivers__timer.a(nrf_rtc_timer.c.obj)
                0x000025c8                sys_clock_set_timeout
 .text.sys_clock_elapsed
                0x00002624       0x14 zephyr/drivers/timer/libdrivers__timer.a(nrf_rtc_timer.c.obj)
                0x00002624                sys_clock_elapsed
 .text.nvmc_wait
                0x00002638       0x10 modules/hal_nordic/modules/hal_nordic/nrfx/libnrfx.a(system_nrf52840.c.obj)
                0x00002638                nvmc_wait
 .text.SystemInit
                0x00002648      0x1ac modules/hal_nordic/modules/hal_nordic/nrfx/libnrfx.a(system_nrf52840.c.obj)
                0x00002648                SystemInit
 .text.nrfx_gppi_init
                0x000027f4        0xc modules/hal_nordic/modules/hal_nordic/nrfx/libnrfx.a(nrfx_gppi_ppi.c.obj)
                0x000027f4                nrfx_gppi_init
 .text.nrfx_gppi_domain_conn_alloc
                0x00002800       0x1c modules/hal_nordic/modules/hal_nordic/nrfx/libnrfx.a(nrfx_gppi_ppi.c.obj)
                0x00002800                nrfx_gppi_domain_conn_alloc
 .text.nrfx_gppi_conn_enable
                0x0000281c       0x10 modules/hal_nordic/modules/hal_nordic/nrfx/libnrfx.a(nrfx_gppi_ppi.c.obj)
                0x0000281c                nrfx_gppi_conn_enable
 .text.hfclk_event_handler
                0x0000282c        0xc modules/hal_nordic/modules/hal_nordic/nrfx/libnrfx.a(nrfx_clock.c.obj)
 .text.lfclk_event_handler
                0x00002838        0xc modules/hal_nordic/modules/hal_nordic/nrfx/libnrfx.a(nrfx_clock.c.obj)
 .text.nrfx_clock_init
                0x00002844       0x40 modules/hal_nordic/modules/hal_nordic/nrfx/libnrfx.a(nrfx_clock.c.obj)
                0x00002844                nrfx_clock_init
 .text.nrfx_clock_enable
                0x00002884       0x20 modules/hal_nordic/modules/hal_nordic/nrfx/libnrfx.a(nrfx_clock.c.obj)
                0x00002884                nrfx_clock_enable
 .text.clock_stop
                0x000028a4       0x4c modules/hal_nordic/modules/hal_nordic/nrfx/libnrfx.a(nrfx_clock_hfclk.c.obj)
 .text.nrfx_clock_hfclk_init
                0x000028f0       0x28 modules/hal_nordic/modules/hal_nordic/nrfx/libnrfx.a(nrfx_clock_hfclk.c.obj)
                0x000028f0                nrfx_clock_hfclk_init
 .text.nrfx_clock_hfclk_start
                0x00002918       0x38 modules/hal_nordic/modules/hal_nordic/nrfx/libnrfx.a(nrfx_clock_hfclk.c.obj)
                0x00002918                nrfx_clock_hfclk_start
 .text.nrfx_clock_hfclk_irq_handler
                0x00002950       0x40 modules/hal_nordic/modules/hal_nordic/nrfx/libnrfx.a(nrfx_clock_hfclk.c.obj)
                0x00002950                nrfx_clock_hfclk_irq_handler
 .text.nrfx_clock_lfclk_init
                0x00002990       0x24 modules/hal_nordic/modules/hal_nordic/nrfx/libnrfx.a(nrfx_clock_lfclk.c.obj)
                0x00002990                nrfx_clock_lfclk_init
 .text.nrfx_clock_lfclk_start
                0x000029b4       0x80 modules/hal_nordic/modules/hal_nordic/nrfx/libnrfx.a(nrfx_clock_lfclk.c.obj)
                0x000029b4                nrfx_clock_lfclk_start
 .text.nrfx_clock_lfclk_irq_handler
                0x00002a34       0x70 modules/hal_nordic/modules/hal_nordic/nrfx/libnrfx.a(nrfx_clock_lfclk.c.obj)
                0x00002a34                nrfx_clock_lfclk_irq_handler
 .text.nrf_gpio_pin_port_decode
                0x00002aa4       0x20 modules/hal_nordic/modules/hal_nordic/nrfx/libnrfx.a(nrfx_gpiote.c.obj)
 .text.get_pin_idx
                0x00002ac4       0x14 modules/hal_nordic/modules/hal_nordic/nrfx/libnrfx.a(nrfx_gpiote.c.obj)
 .text.latch_pending_read_and_check
                0x00002ad8       0x60 modules/hal_nordic/modules/hal_nordic/nrfx/libnrfx.a(nrfx_gpiote.c.obj)
 .text.pin_uninit
                0x00002b38       0x78 modules/hal_nordic/modules/hal_nordic/nrfx/libnrfx.a(nrfx_gpiote.c.obj)
 .text.nrfx_gpiote_channel_free
                0x00002bb0        0xc modules/hal_nordic/modules/hal_nordic/nrfx/libnrfx.a(nrfx_gpiote.c.obj)
                0x00002bb0                nrfx_gpiote_channel_free
 .text.nrfx_gpiote_channel_alloc
                0x00002bbc       0x18 modules/hal_nordic/modules/hal_nordic/nrfx/libnrfx.a(nrfx_gpiote.c.obj)
                0x00002bbc                nrfx_gpiote_channel_alloc
 .text.nrfx_gpiote_irq_handler
                0x00002bd4      0x1cc modules/hal_nordic/modules/hal_nordic/nrfx/libnrfx.a(nrfx_gpiote.c.obj)
                0x00002bd4                nrfx_gpiote_irq_handler
 .text.z_fatal_error
                0x00002da0       0x30 zephyr/kernel/libkernel.a(fatal.c.obj)
                0x00002da0                z_fatal_error
 .text.z_sys_init_run_level
                0x00002dd0       0x30 zephyr/kernel/libkernel.a(init.c.obj)
 .text.bg_thread_main
                0x00002e00       0xc0 zephyr/kernel/libkernel.a(init.c.obj)
 .text.z_init_cpu
                0x00002ec0       0x78 zephyr/kernel/libkernel.a(init.c.obj)
                0x00002ec0                z_init_cpu
 .text.z_cstart
                0x00002f38       0xcc zephyr/kernel/libkernel.a(init.c.obj)
                0x00002f38                z_cstart
 .text.init_mem_slab_obj_core_list
                0x00003004       0x28 zephyr/kernel/libkernel.a(mem_slab.c.obj)
 .text.k_mem_slab_alloc
                0x0000302c       0x5c zephyr/kernel/libkernel.a(mem_slab.c.obj)
                0x0000302c                k_mem_slab_alloc
 .text.z_impl_k_mutex_lock
                0x00003088       0xe4 zephyr/kernel/libkernel.a(mutex.c.obj)
                0x00003088                z_impl_k_mutex_lock
 .text.z_impl_k_mutex_unlock
                0x0000316c       0xa0 zephyr/kernel/libkernel.a(mutex.c.obj)
                0x0000316c                z_impl_k_mutex_unlock
 .text.z_impl_k_sem_give
                0x0000320c       0x68 zephyr/kernel/libkernel.a(sem.c.obj)
                0x0000320c                z_impl_k_sem_give
 .text.z_impl_k_sem_take
                0x00003274       0x4c zephyr/kernel/libkernel.a(sem.c.obj)
                0x00003274                z_impl_k_sem_take
 .text.z_setup_new_thread
                0x000032c0       0xec zephyr/kernel/libkernel.a(thread.c.obj)
                0x000032c0                z_setup_new_thread
 .text.z_dummy_thread_init
                0x000033ac       0x1c zephyr/kernel/libkernel.a(thread.c.obj)
                0x000033ac                z_dummy_thread_init
 .text.z_swap_irqlock
                0x000033c8       0x34 zephyr/kernel/libkernel.a(sched.c.obj)
 .text.ready_thread
                0x000033fc       0x80 zephyr/kernel/libkernel.a(sched.c.obj)
 .text.unready_thread
                0x0000347c       0x54 zephyr/kernel/libkernel.a(sched.c.obj)
 .text.add_thread_timeout
                0x000034d0       0x1c zephyr/kernel/libkernel.a(sched.c.obj)
 .text.reschedule.isra.0
                0x000034ec       0x28 zephyr/kernel/libkernel.a(sched.c.obj)
 .text.move_current_to_end_of_prio_q
                0x00003514       0x6c zephyr/kernel/libkernel.a(sched.c.obj)
                0x00003514                move_current_to_end_of_prio_q
 .text.z_pend_curr
                0x00003580       0x44 zephyr/kernel/libkernel.a(sched.c.obj)
                0x00003580                z_pend_curr
 .text.z_thread_prio_set
                0x000035c4       0xd8 zephyr/kernel/libkernel.a(sched.c.obj)
                0x000035c4                z_thread_prio_set
 .text.k_sched_lock
                0x0000369c       0x28 zephyr/kernel/libkernel.a(sched.c.obj)
                0x0000369c                k_sched_lock
 .text.k_sched_unlock
                0x000036c4       0x54 zephyr/kernel/libkernel.a(sched.c.obj)
                0x000036c4                k_sched_unlock
 .text.z_sched_init
                0x00003718       0x10 zephyr/kernel/libkernel.a(sched.c.obj)
                0x00003718                z_sched_init
 .text.z_impl_k_yield
                0x00003728       0x84 zephyr/kernel/libkernel.a(sched.c.obj)
                0x00003728                z_impl_k_yield
 .text.z_tick_sleep
                0x000037ac       0x78 zephyr/kernel/libkernel.a(sched.c.obj)
 .text.z_impl_k_sched_current_thread_query
                0x00003824        0xc zephyr/kernel/libkernel.a(sched.c.obj)
                0x00003824                z_impl_k_sched_current_thread_query
 .text.z_thread_abort
                0x00003830      0x144 zephyr/kernel/libkernel.a(sched.c.obj)
                0x00003830                z_thread_abort
 .text.z_time_slice_size
                0x00003974       0x40 zephyr/kernel/libkernel.a(timeslicing.c.obj)
 .text.slice_timeout
                0x000039b4       0x20 zephyr/kernel/libkernel.a(timeslicing.c.obj)
 .text.z_reset_time_slice
                0x000039d4       0x44 zephyr/kernel/libkernel.a(timeslicing.c.obj)
                0x000039d4                z_reset_time_slice
 .text.z_time_slice
                0x00003a18       0x5c zephyr/kernel/libkernel.a(timeslicing.c.obj)
                0x00003a18                z_time_slice
 .text.z_thread_monitor_exit
                0x00003a74       0x3c zephyr/kernel/libkernel.a(thread_monitor.c.obj)
                0x00003a74                z_thread_monitor_exit
 .text.first    0x00003ab0       0x10 zephyr/kernel/libkernel.a(timeout.c.obj)
 .text.elapsed  0x00003ac0       0x14 zephyr/kernel/libkernel.a(timeout.c.obj)
 .text.remove_timeout
                0x00003ad4       0x38 zephyr/kernel/libkernel.a(timeout.c.obj)
 .text.z_add_timeout
                0x00003b0c      0x120 zephyr/kernel/libkernel.a(timeout.c.obj)
                0x00003b0c                z_add_timeout
 .text.sys_clock_announce_locked
                0x00003c2c       0xb8 zephyr/kernel/libkernel.a(timeout.c.obj)
                0x00003c2c                sys_clock_announce_locked
 .text.sys_clock_tick_get
                0x00003ce4       0x30 zephyr/kernel/libkernel.a(timeout.c.obj)
                0x00003ce4                sys_clock_tick_get
 .text.z_timer_expiration_handler
                0x00003d14      0x10c zephyr/kernel/libkernel.a(timer.c.obj)
                0x00003d14                z_timer_expiration_handler
 .text.z_impl_k_timer_start
                0x00003e20       0x70 zephyr/kernel/libkernel.a(timer.c.obj)
                0x00003e20                z_impl_k_timer_start
 .text.z_impl_k_timer_stop
                0x00003e90       0x60 zephyr/kernel/libkernel.a(timer.c.obj)
                0x00003e90                z_impl_k_timer_stop
 .text.nrf_cc3xx_platform_init_no_rng
                0x00003ef0       0x38 C:/ncs/v3.4.0/nrfxlib/crypto/nrf_cc310_platform/lib/cortex-m4/soft-float/no-interrupts/libnrf_cc310_platform_0.9.22.a(nrf_cc3xx_platform.c.obj)
                0x00003ef0                nrf_cc3xx_platform_init_no_rng
 .text.nrf_cc3xx_platform_abort
                0x00003f28       0x24 C:/ncs/v3.4.0/nrfxlib/crypto/nrf_cc310_platform/lib/cortex-m4/soft-float/no-interrupts/libnrf_cc310_platform_0.9.22.a(nrf_cc3xx_platform_abort.c.obj)
 .text.CC_PalAbort
                0x00003f4c       0x34 C:/ncs/v3.4.0/nrfxlib/crypto/nrf_cc310_platform/lib/cortex-m4/soft-float/no-interrupts/libnrf_cc310_platform_0.9.22.a(nrf_cc3xx_platform_abort.c.obj)
                0x00003f4c                CC_PalAbort
 .text.nrf_cc3xx_platform_set_abort
                0x00003f80       0x10 C:/ncs/v3.4.0/nrfxlib/crypto/nrf_cc310_platform/lib/cortex-m4/soft-float/no-interrupts/libnrf_cc310_platform_0.9.22.a(nrf_cc3xx_platform_abort.c.obj)
                0x00003f80                nrf_cc3xx_platform_set_abort
 .text.mutex_free
                0x00003f90       0x34 C:/ncs/v3.4.0/nrfxlib/crypto/nrf_cc310_platform/lib/cortex-m4/soft-float/no-interrupts/libnrf_cc310_platform_0.9.22.a(nrf_cc3xx_platform_mutex.c.obj)
 .text.mutex_lock
                0x00003fc4       0x48 C:/ncs/v3.4.0/nrfxlib/crypto/nrf_cc310_platform/lib/cortex-m4/soft-float/no-interrupts/libnrf_cc310_platform_0.9.22.a(nrf_cc3xx_platform_mutex.c.obj)
 .text.mutex_unlock
                0x0000400c       0x38 C:/ncs/v3.4.0/nrfxlib/crypto/nrf_cc310_platform/lib/cortex-m4/soft-float/no-interrupts/libnrf_cc310_platform_0.9.22.a(nrf_cc3xx_platform_mutex.c.obj)
 .text.mutex_init
                0x00004044       0x20 C:/ncs/v3.4.0/nrfxlib/crypto/nrf_cc310_platform/lib/cortex-m4/soft-float/no-interrupts/libnrf_cc310_platform_0.9.22.a(nrf_cc3xx_platform_mutex.c.obj)
 .text.nrf_cc3xx_platform_set_mutexes
                0x00004064       0x80 C:/ncs/v3.4.0/nrfxlib/crypto/nrf_cc310_platform/lib/cortex-m4/soft-float/no-interrupts/libnrf_cc310_platform_0.9.22.a(nrf_cc3xx_platform_mutex.c.obj)
                0x00004064                nrf_cc3xx_platform_set_mutexes
 .text.CC_LibInitNoRng
                0x000040e4       0x2c C:/ncs/v3.4.0/nrfxlib/crypto/nrf_cc310_platform/lib/cortex-m4/soft-float/no-interrupts/libnrf_cc310_platform_0.9.22.a(cc_lib.c.obj)
                0x000040e4                CC_LibInitNoRng
 .text.CC_HalInit
                0x00004110        0x4 C:/ncs/v3.4.0/nrfxlib/crypto/nrf_cc310_platform/lib/cortex-m4/soft-float/no-interrupts/libnrf_cc310_platform_0.9.22.a(cc_hal.c.obj)
                0x00004110                CC_HalInit
 .text.CC_HalTerminate
                0x00004114        0x4 C:/ncs/v3.4.0/nrfxlib/crypto/nrf_cc310_platform/lib/cortex-m4/soft-float/no-interrupts/libnrf_cc310_platform_0.9.22.a(cc_hal.c.obj)
                0x00004114                CC_HalTerminate
 .text.CC_PalInit
                0x00004118       0x74 C:/ncs/v3.4.0/nrfxlib/crypto/nrf_cc310_platform/lib/cortex-m4/soft-float/no-interrupts/libnrf_cc310_platform_0.9.22.a(cc_pal.c.obj)
                0x00004118                CC_PalInit
 .text.CC_PalTerminate
                0x0000418c       0x48 C:/ncs/v3.4.0/nrfxlib/crypto/nrf_cc310_platform/lib/cortex-m4/soft-float/no-interrupts/libnrf_cc310_platform_0.9.22.a(cc_pal.c.obj)
                0x0000418c                CC_PalTerminate
 .text.CC_PalDmaInit
                0x000041d4        0x4 C:/ncs/v3.4.0/nrfxlib/crypto/nrf_cc310_platform/lib/cortex-m4/soft-float/no-interrupts/libnrf_cc310_platform_0.9.22.a(cc_pal_dma.c.obj)
                0x000041d4                CC_PalDmaInit
 .text.CC_PalDmaTerminate
                0x000041d8        0x4 C:/ncs/v3.4.0/nrfxlib/crypto/nrf_cc310_platform/lib/cortex-m4/soft-float/no-interrupts/libnrf_cc310_platform_0.9.22.a(cc_pal_dma.c.obj)
                0x000041d8                CC_PalDmaTerminate
 .text.CC_PalMutexCreate
                0x000041dc       0x14 C:/ncs/v3.4.0/nrfxlib/crypto/nrf_cc310_platform/lib/cortex-m4/soft-float/no-interrupts/libnrf_cc310_platform_0.9.22.a(cc_pal_mutex.c.obj)
                0x000041dc                CC_PalMutexCreate
 .text.CC_PalMutexDestroy
                0x000041f0       0x14 C:/ncs/v3.4.0/nrfxlib/crypto/nrf_cc310_platform/lib/cortex-m4/soft-float/no-interrupts/libnrf_cc310_platform_0.9.22.a(cc_pal_mutex.c.obj)
                0x000041f0                CC_PalMutexDestroy
 .text.CC_PalPowerSaveModeInit
                0x00004204       0x3c C:/ncs/v3.4.0/nrfxlib/crypto/nrf_cc310_platform/lib/cortex-m4/soft-float/no-interrupts/libnrf_cc310_platform_0.9.22.a(cc_pal_pm.c.obj)
                0x00004204                CC_PalPowerSaveModeInit
 .text.__l_vfprintf
                0x00004240      0x488 C:/ncs/toolchains/dcbdc366a1/opt/zephyr-sdk/gnu/arm-zephyr-eabi/bin/../lib/gcc/arm-zephyr-eabi/14.3.0/../../../../arm-zephyr-eabi/lib/thumb/v7e-m/nofp/space\libc.a(libc_tinystdio_vflprintf.c.o)
                0x00004240                __l_vfprintf
 .text._OffsetAbsSyms
                0x000046c8        0x2 zephyr/CMakeFiles/offsets.dir/./arch/arm/core/offsets/offsets.c.obj
                0x000046c8                _OffsetAbsSyms
 .text.gpio_pin_configure_dt.constprop.0
                0x000046ca       0x34 app/libapp.a(main.c.obj)
 .text.gpio_pin_toggle_dt.isra.0
                0x000046fe       0x10 app/libapp.a(main.c.obj)
 .text.chunk_size
                0x0000470e        0xa zephyr/libzephyr.a(heap.c.obj)
 .text.free_list_add
                0x00004718       0x4e zephyr/libzephyr.a(heap.c.obj)
 .text.sys_heap_init
                0x00004766       0x82 zephyr/libzephyr.a(heap.c.obj)
                0x00004766                sys_heap_init
 .text.arch_printk_char_out
                0x000047e8        0x4 zephyr/libzephyr.a(printk.c.obj)
                0x000047e8                arch_printk_char_out
 .text.printk   0x000047ec       0x1a zephyr/libzephyr.a(printk.c.obj)
                0x000047ec                printk
 .text.process_recheck
                0x00004806       0x38 zephyr/libzephyr.a(onoff.c.obj)
 .text.validate_args
                0x0000483e       0x20 zephyr/libzephyr.a(onoff.c.obj)
 .text.notify_one
                0x0000485e       0x2c zephyr/libzephyr.a(onoff.c.obj)
 .text.transition_complete
                0x0000488a       0x1a zephyr/libzephyr.a(onoff.c.obj)
 .text.onoff_manager_init
                0x000048a4       0x26 zephyr/libzephyr.a(onoff.c.obj)
                0x000048a4                onoff_manager_init
 .text.onoff_request
                0x000048ca       0x96 zephyr/libzephyr.a(onoff.c.obj)
                0x000048ca                onoff_request
 .text.sys_notify_validate
                0x00004960       0x22 zephyr/libzephyr.a(notify.c.obj)
                0x00004960                sys_notify_validate
 .text.sys_notify_finalize
                0x00004982       0x1a zephyr/libzephyr.a(notify.c.obj)
                0x00004982                sys_notify_finalize
 .text._ConfigAbsSyms
                0x0000499c        0x2 zephyr/libzephyr.a(configs.c.obj)
                0x0000499c                _ConfigAbsSyms
 .text.abort_function
                0x0000499e        0x2 zephyr/libzephyr.a(nrf_cc3xx_platform_abort_zephyr.c.obj)
 .text.arch_early_memset
                0x000049a0        0x4 zephyr/arch/common/libarch__common.a(init.c.obj)
                0x000049a0                arch_early_memset
 .text.arch_early_memcpy
                0x000049a4        0x4 zephyr/arch/common/libarch__common.a(init.c.obj)
                0x000049a4                arch_early_memcpy
 .text.z_do_kernel_oops
                0x000049a8        0x8 zephyr/arch/arch/arm/core/libarch__arm__core.a(fatal.c.obj)
                0x000049a8                z_do_kernel_oops
 .text.z_arm_nmi
                0x000049b0        0xe zephyr/arch/arch/arm/core/libarch__arm__core.a(nmi.c.obj)
                0x000049b0                z_arm_nmi
 .text.z_irq_spurious
                0x000049be        0x8 zephyr/arch/arch/arm/core/cortex_m/libarch__arm__core__cortex_m.a(irq_manage.c.obj)
                0x000049be                z_irq_spurious
 .text.arch_coprocessors_disable
                0x000049c6        0x6 zephyr/arch/arch/arm/core/cortex_m/libarch__arm__core__cortex_m.a(thread.c.obj)
                0x000049c6                arch_coprocessors_disable
 .text.arch_irq_unlock_outlined
                0x000049cc        0xe zephyr/arch/arch/arm/core/cortex_m/libarch__arm__core__cortex_m.a(thread.c.obj)
                0x000049cc                arch_irq_unlock_outlined
 .text.arch_cpu_idle
                0x000049da       0x1a zephyr/arch/arch/arm/core/cortex_m/libarch__arm__core__cortex_m.a(cpu_idle.c.obj)
                0x000049da                arch_cpu_idle
 .text.arch_cpu_atomic_idle
                0x000049f4       0x1e zephyr/arch/arch/arm/core/cortex_m/libarch__arm__core__cortex_m.a(cpu_idle.c.obj)
                0x000049f4                arch_cpu_atomic_idle
 .text.size_to_mpu_rasr_size
                0x00004a12       0x20 zephyr/arch/arch/arm/core/mpu/libarch__arm__core__mpu.a(arm_mpu.c.obj)
 .text.picolibc_put
                0x00004a32        0xa zephyr/lib/libc/picolibc/liblib__libc__picolibc.a(stdio.c.obj)
 .text.get_status
                0x00004a3c       0x12 zephyr/drivers/clock_control/libdrivers__clock_control.a(clock_control_nrf.c.obj)
 .text.stop     0x00004a4e       0x50 zephyr/drivers/clock_control/libdrivers__clock_control.a(clock_control_nrf.c.obj)
 .text.api_stop
                0x00004a9e        0x6 zephyr/drivers/clock_control/libdrivers__clock_control.a(clock_control_nrf.c.obj)
 .text.async_start
                0x00004aa4       0x60 zephyr/drivers/clock_control/libdrivers__clock_control.a(clock_control_nrf.c.obj)
 .text.api_start
                0x00004b04        0xe zephyr/drivers/clock_control/libdrivers__clock_control.a(clock_control_nrf.c.obj)
 .text.onoff_started_callback
                0x00004b12       0x12 zephyr/drivers/clock_control/libdrivers__clock_control.a(clock_control_nrf.c.obj)
 .text.blocking_start_callback
                0x00004b24        0x6 zephyr/drivers/clock_control/libdrivers__clock_control.a(clock_control_nrf.c.obj)
 .text.lfclk_stop
                0x00004b2a        0x4 zephyr/drivers/clock_control/libdrivers__clock_control.a(clock_control_nrf.c.obj)
 .text.lfclk_start
                0x00004b2e        0x4 zephyr/drivers/clock_control/libdrivers__clock_control.a(clock_control_nrf.c.obj)
 .text.gpio_nrfx_port_get_raw
                0x00004b32        0xe zephyr/drivers/gpio/libdrivers__gpio.a(gpio_nrfx.c.obj)
 .text.gpio_nrfx_port_set_masked_raw
                0x00004b40       0x18 zephyr/drivers/gpio/libdrivers__gpio.a(gpio_nrfx.c.obj)
 .text.gpio_nrfx_port_set_bits_raw
                0x00004b58        0xc zephyr/drivers/gpio/libdrivers__gpio.a(gpio_nrfx.c.obj)
 .text.gpio_nrfx_port_clear_bits_raw
                0x00004b64        0xc zephyr/drivers/gpio/libdrivers__gpio.a(gpio_nrfx.c.obj)
 .text.gpio_nrfx_port_toggle_bits
                0x00004b70       0x1a zephyr/drivers/gpio/libdrivers__gpio.a(gpio_nrfx.c.obj)
 .text.gpio_nrfx_manage_callback
                0x00004b8a       0x54 zephyr/drivers/gpio/libdrivers__gpio.a(gpio_nrfx.c.obj)
 .text.gpio_nrfx_gpiote_irq_handler
                0x00004bde        0x4 zephyr/drivers/gpio/libdrivers__gpio.a(gpio_nrfx.c.obj)
                0x00004bde                gpio_nrfx_gpiote_irq_handler
 .text.pinctrl_lookup_state
                0x00004be2       0x26 zephyr/drivers/pinctrl/libdrivers__pinctrl.a(common.c.obj)
                0x00004be2                pinctrl_lookup_state
 .text.uarte_nrfx_err_check
                0x00004c08        0xe zephyr/drivers/serial/libdrivers__serial.a(uart_nrfx_uarte.c.obj)
 .text.user_callback
                0x00004c16        0xe zephyr/drivers/serial/libdrivers__serial.a(uart_nrfx_uarte.c.obj)
 .text.rx_buf_release
                0x00004c24       0x28 zephyr/drivers/serial/libdrivers__serial.a(uart_nrfx_uarte.c.obj)
 .text.notify_uart_rx_rdy
                0x00004c4c       0x34 zephyr/drivers/serial/libdrivers__serial.a(uart_nrfx_uarte.c.obj)
 .text.uarte_nrfx_rx_buf_rsp
                0x00004c80       0x54 zephyr/drivers/serial/libdrivers__serial.a(uart_nrfx_uarte.c.obj)
 .text.uarte_nrfx_callback_set
                0x00004cd4       0x16 zephyr/drivers/serial/libdrivers__serial.a(uart_nrfx_uarte.c.obj)
 .text.uarte_nrfx_poll_in
                0x00004cea       0x32 zephyr/drivers/serial/libdrivers__serial.a(uart_nrfx_uarte.c.obj)
 .text.uarte_nrfx_tx_abort
                0x00004d1c       0x2c zephyr/drivers/serial/libdrivers__serial.a(uart_nrfx_uarte.c.obj)
 .text.tx_timeout
                0x00004d48        0x6 zephyr/drivers/serial/libdrivers__serial.a(uart_nrfx_uarte.c.obj)
 .text.setup_tx_cache
                0x00004d4e       0x3e zephyr/drivers/serial/libdrivers__serial.a(uart_nrfx_uarte.c.obj)
 .text.event_check_clear
                0x00004d8c       0x18 zephyr/drivers/serial/libdrivers__serial.a(uart_nrfx_uarte.c.obj)
 .text.is_tx_ready.isra.0
                0x00004da4       0x20 zephyr/drivers/serial/libdrivers__serial.a(uart_nrfx_uarte.c.obj)
 .text.pinctrl_apply_state.isra.0
                0x00004dc4       0x1e zephyr/drivers/serial/libdrivers__serial.a(uart_nrfx_uarte.c.obj)
 .text.uarte_disable_locked
                0x00004de2       0x2a zephyr/drivers/serial/libdrivers__serial.a(uart_nrfx_uarte.c.obj)
 .text.uarte_enable_locked
                0x00004e0c       0x22 zephyr/drivers/serial/libdrivers__serial.a(uart_nrfx_uarte.c.obj)
 .text.tx_start
                0x00004e2e       0x32 zephyr/drivers/serial/libdrivers__serial.a(uart_nrfx_uarte.c.obj)
 .text.start_tx_locked
                0x00004e60       0x40 zephyr/drivers/serial/libdrivers__serial.a(uart_nrfx_uarte.c.obj)
 .text.rx_disable.isra.0
                0x00004ea0       0x66 zephyr/drivers/serial/libdrivers__serial.a(uart_nrfx_uarte.c.obj)
 .text.uarte_nrfx_rx_disable
                0x00004f06       0x1a zephyr/drivers/serial/libdrivers__serial.a(uart_nrfx_uarte.c.obj)
 .text.endrx_isr
                0x00004f20       0xb0 zephyr/drivers/serial/libdrivers__serial.a(uart_nrfx_uarte.c.obj)
 .text.rx_timeout
                0x00004fd0       0x50 zephyr/drivers/serial/libdrivers__serial.a(uart_nrfx_uarte.c.obj)
 .text.uarte_nrfx_isr_async
                0x00005020      0x376 zephyr/drivers/serial/libdrivers__serial.a(uart_nrfx_uarte.c.obj)
 .text.event_clear
                0x00005396       0x18 zephyr/drivers/timer/libdrivers__timer.a(nrf_rtc_timer.c.obj)
 .text.hw_cc3xx_init_internal
                0x000053ae        0x4 modules/nrf/drivers/hw_cc3xx/lib..__nrf__drivers__hw_cc3xx.a(hw_cc3xx.c.obj)
 .text.hw_cc3xx_init
                0x000053b2       0x12 modules/nrf/drivers/hw_cc3xx/lib..__nrf__drivers__hw_cc3xx.a(hw_cc3xx.c.obj)
 .text.nrf52_errata_98
                0x000053c4       0x1a modules/hal_nordic/modules/hal_nordic/nrfx/libnrfx.a(system_nrf52840.c.obj)
 .text.nrfx_isr
                0x000053de        0x6 modules/hal_nordic/modules/hal_nordic/nrfx/libnrfx.a(nrfx_glue.c.obj)
                0x000053de                nrfx_isr
 .text.nrfx_busy_wait
                0x000053e4        0x4 modules/hal_nordic/modules/hal_nordic/nrfx/libnrfx.a(nrfx_glue.c.obj)
                0x000053e4                nrfx_busy_wait
 .text.nrfx_flag32_alloc
                0x000053e8       0x3c modules/hal_nordic/modules/hal_nordic/nrfx/libnrfx.a(nrfx_flag32_allocator.c.obj)
                0x000053e8                nrfx_flag32_alloc
 .text.nrfx_flag32_free
                0x00005424       0x3a modules/hal_nordic/modules/hal_nordic/nrfx/libnrfx.a(nrfx_flag32_allocator.c.obj)
                0x00005424                nrfx_flag32_free
 .text.nrfx_gppi_conn_alloc
                0x0000545e       0x28 modules/hal_nordic/modules/hal_nordic/nrfx/libnrfx.a(nrfx_gppi_ppi.c.obj)
                0x0000545e                nrfx_gppi_conn_alloc
 .text.nrfx_clock_start
                0x00005486       0x10 modules/hal_nordic/modules/hal_nordic/nrfx/libnrfx.a(nrfx_clock.c.obj)
                0x00005486                nrfx_clock_start
 .text.nrfx_clock_stop
                0x00005496       0x10 modules/hal_nordic/modules/hal_nordic/nrfx/libnrfx.a(nrfx_clock.c.obj)
                0x00005496                nrfx_clock_stop
 .text.nrfx_power_clock_irq_handler
                0x000054a6        0xe modules/hal_nordic/modules/hal_nordic/nrfx/libnrfx.a(nrfx_clock.c.obj)
                0x000054a6                nrfx_power_clock_irq_handler
 .text.nrf52_errata_201
                0x000054b4       0x1e modules/hal_nordic/modules/hal_nordic/nrfx/libnrfx.a(nrfx_clock_hfclk.c.obj)
 .text.nrfx_clock_hfclk_stop
                0x000054d2        0x4 modules/hal_nordic/modules/hal_nordic/nrfx/libnrfx.a(nrfx_clock_hfclk.c.obj)
                0x000054d2                nrfx_clock_hfclk_stop
 .text.clock_stop
                0x000054d6       0x32 modules/hal_nordic/modules/hal_nordic/nrfx/libnrfx.a(nrfx_clock_lfclk.c.obj)
 .text.nrfx_clock_lfclk_stop
                0x00005508        0x4 modules/hal_nordic/modules/hal_nordic/nrfx/libnrfx.a(nrfx_clock_lfclk.c.obj)
                0x00005508                nrfx_clock_lfclk_stop
 .text.nrf_gpio_reconfigure
                0x0000550c       0x92 modules/hal_nordic/modules/hal_nordic/nrfx/libnrfx.a(nrfx_gpiote.c.obj)
 .text.nrf_gpio_cfg_sense_set
                0x0000559e       0x1e modules/hal_nordic/modules/hal_nordic/nrfx/libnrfx.a(nrfx_gpiote.c.obj)
 .text.pin_in_use_by_te
                0x000055bc       0x16 modules/hal_nordic/modules/hal_nordic/nrfx/libnrfx.a(nrfx_gpiote.c.obj)
 .text.pin_is_output
                0x000055d2       0x16 modules/hal_nordic/modules/hal_nordic/nrfx/libnrfx.a(nrfx_gpiote.c.obj)
 .text.pin_te_get
                0x000055e8       0x14 modules/hal_nordic/modules/hal_nordic/nrfx/libnrfx.a(nrfx_gpiote.c.obj)
 .text.call_handler
                0x000055fc       0x3e modules/hal_nordic/modules/hal_nordic/nrfx/libnrfx.a(nrfx_gpiote.c.obj)
 .text.release_handler
                0x0000563a       0x52 modules/hal_nordic/modules/hal_nordic/nrfx/libnrfx.a(nrfx_gpiote.c.obj)
 .text.__nrfy_internal_gpiote_events_process
                0x0000568c       0x50 modules/hal_nordic/modules/hal_nordic/nrfx/libnrfx.a(nrfx_gpiote.c.obj)
 .text.pin_trigger_disable
                0x000056dc       0x44 modules/hal_nordic/modules/hal_nordic/nrfx/libnrfx.a(nrfx_gpiote.c.obj)
 .text.nrfx_gpiote_input_configure
                0x00005720      0x166 modules/hal_nordic/modules/hal_nordic/nrfx/libnrfx.a(nrfx_gpiote.c.obj)
                0x00005720                nrfx_gpiote_input_configure
 .text.nrfx_gpiote_output_configure
                0x00005886       0xea modules/hal_nordic/modules/hal_nordic/nrfx/libnrfx.a(nrfx_gpiote.c.obj)
                0x00005886                nrfx_gpiote_output_configure
 .text.nrfx_gpiote_global_callback_set
                0x00005970        0x6 modules/hal_nordic/modules/hal_nordic/nrfx/libnrfx.a(nrfx_gpiote.c.obj)
                0x00005970                nrfx_gpiote_global_callback_set
 .text.nrfx_gpiote_channel_get
                0x00005976       0x26 modules/hal_nordic/modules/hal_nordic/nrfx/libnrfx.a(nrfx_gpiote.c.obj)
                0x00005976                nrfx_gpiote_channel_get
 .text.nrfx_gpiote_init
                0x0000599c       0x38 modules/hal_nordic/modules/hal_nordic/nrfx/libnrfx.a(nrfx_gpiote.c.obj)
                0x0000599c                nrfx_gpiote_init
 .text.nrfx_gpiote_init_check
                0x000059d4        0xc modules/hal_nordic/modules/hal_nordic/nrfx/libnrfx.a(nrfx_gpiote.c.obj)
                0x000059d4                nrfx_gpiote_init_check
 .text.nrfx_gpiote_pin_uninit
                0x000059e0        0x4 modules/hal_nordic/modules/hal_nordic/nrfx/libnrfx.a(nrfx_gpiote.c.obj)
                0x000059e0                nrfx_gpiote_pin_uninit
 .text.nrfx_gpiote_trigger_enable
                0x000059e4       0xa2 modules/hal_nordic/modules/hal_nordic/nrfx/libnrfx.a(nrfx_gpiote.c.obj)
                0x000059e4                nrfx_gpiote_trigger_enable
 .text.nrfx_gpiote_trigger_disable
                0x00005a86        0x4 modules/hal_nordic/modules/hal_nordic/nrfx/libnrfx.a(nrfx_gpiote.c.obj)
                0x00005a86                nrfx_gpiote_trigger_disable
 .text.z_impl_k_busy_wait
                0x00005a8a        0x8 zephyr/kernel/libkernel.a(busy_wait.c.obj)
                0x00005a8a                z_impl_k_busy_wait
 .text.do_device_init
                0x00005a92       0x30 zephyr/kernel/libkernel.a(device.c.obj)
                0x00005a92                do_device_init
 .text.z_impl_device_is_ready
                0x00005ac2       0x16 zephyr/kernel/libkernel.a(device.c.obj)
                0x00005ac2                z_impl_device_is_ready
 .text.arch_system_halt
                0x00005ad8       0x10 zephyr/kernel/libkernel.a(fatal.c.obj)
                0x00005ad8                arch_system_halt
 .text.k_sys_fatal_error_handler
                0x00005ae8        0x6 zephyr/kernel/libkernel.a(fatal.c.obj)
                0x00005ae8                k_sys_fatal_error_handler
 .text.create_free_list
                0x00005aee       0x44 zephyr/kernel/libkernel.a(mem_slab.c.obj)
 .text.k_mem_slab_init
                0x00005b32       0x1a zephyr/kernel/libkernel.a(mem_slab.c.obj)
                0x00005b32                k_mem_slab_init
 .text.k_mem_slab_free
                0x00005b4c       0x70 zephyr/kernel/libkernel.a(mem_slab.c.obj)
                0x00005b4c                k_mem_slab_free
 .text.idle     0x00005bbc       0x16 zephyr/kernel/libkernel.a(idle.c.obj)
                0x00005bbc                idle
 .text.adjust_owner_prio.isra.0
                0x00005bd2       0x10 zephyr/kernel/libkernel.a(mutex.c.obj)
 .text.z_impl_k_mutex_init
                0x00005be2        0xe zephyr/kernel/libkernel.a(mutex.c.obj)
                0x00005be2                z_impl_k_mutex_init
 .text.k_is_in_isr
                0x00005bf0        0xc zephyr/kernel/libkernel.a(thread.c.obj)
                0x00005bf0                k_is_in_isr
 .text.sys_dlist_remove
                0x00005bfc       0x10 zephyr/kernel/libkernel.a(sched.c.obj)
 .text.unpend_thread_no_timeout
                0x00005c0c       0x14 zephyr/kernel/libkernel.a(sched.c.obj)
 .text.add_to_waitq_locked
                0x00005c20       0x4c zephyr/kernel/libkernel.a(sched.c.obj)
 .text.z_ready_thread
                0x00005c6c       0x1e zephyr/kernel/libkernel.a(sched.c.obj)
                0x00005c6c                z_ready_thread
 .text.z_unpend_thread_no_timeout
                0x00005c8a       0x22 zephyr/kernel/libkernel.a(sched.c.obj)
                0x00005c8a                z_unpend_thread_no_timeout
 .text.z_sched_wake_thread_locked
                0x00005cac       0x28 zephyr/kernel/libkernel.a(sched.c.obj)
                0x00005cac                z_sched_wake_thread_locked
 .text.z_thread_timeout
                0x00005cd4       0x20 zephyr/kernel/libkernel.a(sched.c.obj)
                0x00005cd4                z_thread_timeout
 .text.z_unpend1_no_timeout
                0x00005cf4       0x2c zephyr/kernel/libkernel.a(sched.c.obj)
                0x00005cf4                z_unpend1_no_timeout
 .text.z_reschedule
                0x00005d20        0x6 zephyr/kernel/libkernel.a(sched.c.obj)
                0x00005d20                z_reschedule
 .text.z_impl_k_sleep
                0x00005d26       0x32 zephyr/kernel/libkernel.a(sched.c.obj)
                0x00005d26                z_impl_k_sleep
 .text.z_impl_k_wakeup
                0x00005d58       0x40 zephyr/kernel/libkernel.a(sched.c.obj)
                0x00005d58                z_impl_k_wakeup
 .text.next_timeout
                0x00005d98       0x2e zephyr/kernel/libkernel.a(timeout.c.obj)
 .text.z_abort_timeout
                0x00005dc6       0x6a zephyr/kernel/libkernel.a(timeout.c.obj)
                0x00005dc6                z_abort_timeout
 .text.sys_clock_tick_get_32
                0x00005e30        0x8 zephyr/kernel/libkernel.a(timeout.c.obj)
                0x00005e30                sys_clock_tick_get_32
 .text.z_impl_k_uptime_ticks
                0x00005e38        0x4 zephyr/kernel/libkernel.a(timeout.c.obj)
                0x00005e38                z_impl_k_uptime_ticks
 .text.k_timer_init
                0x00005e3c       0x18 zephyr/kernel/libkernel.a(timer.c.obj)
                0x00005e3c                k_timer_init
 .text.boot_banner
                0x00005e54        0x2 zephyr/kernel/libkernel.a(banner.c.obj)
                0x00005e54                boot_banner
 .text.memcpy   0x00005e56       0x1c C:/ncs/toolchains/dcbdc366a1/opt/zephyr-sdk/gnu/arm-zephyr-eabi/bin/../lib/gcc/arm-zephyr-eabi/14.3.0/../../../../arm-zephyr-eabi/lib/thumb/v7e-m/nofp/space\libc.a(memcpy.c.o)
                0x00005e56                __aeabi_memcpy
                0x00005e56                __aeabi_memcpy4
                0x00005e56                __aeabi_memcpy8
                0x00005e56                memcpy
 .text.memmove  0x00005e72       0x32 C:/ncs/toolchains/dcbdc366a1/opt/zephyr-sdk/gnu/arm-zephyr-eabi/bin/../lib/gcc/arm-zephyr-eabi/14.3.0/../../../../arm-zephyr-eabi/lib/thumb/v7e-m/nofp/space\libc.a(memmove.c.o)
                0x00005e72                __aeabi_memmove8
                0x00005e72                __aeabi_memmove
                0x00005e72                __aeabi_memmove4
                0x00005e72                memmove
 .text.memset   0x00005ea4       0x10 C:/ncs/toolchains/dcbdc366a1/opt/zephyr-sdk/gnu/arm-zephyr-eabi/bin/../lib/gcc/arm-zephyr-eabi/14.3.0/../../../../arm-zephyr-eabi/lib/thumb/v7e-m/nofp/space\libc.a(memset.c.o)
                0x00005ea4                memset
 .text.strncpy  0x00005eb4       0x26 C:/ncs/toolchains/dcbdc366a1/opt/zephyr-sdk/gnu/arm-zephyr-eabi/bin/../lib/gcc/arm-zephyr-eabi/14.3.0/../../../../arm-zephyr-eabi/lib/thumb/v7e-m/nofp/space\libc.a(libc_string_strncpy.c.o)
                0x00005eb4                strncpy
 .text.strnlen  0x00005eda       0x18 C:/ncs/toolchains/dcbdc366a1/opt/zephyr-sdk/gnu/arm-zephyr-eabi/bin/../lib/gcc/arm-zephyr-eabi/14.3.0/../../../../arm-zephyr-eabi/lib/thumb/v7e-m/nofp/space\libc.a(libc_string_strnlen.c.o)
                0x00005eda                strnlen
 .text.__ultoa_invert
                0x00005ef2       0xae C:/ncs/toolchains/dcbdc366a1/opt/zephyr-sdk/gnu/arm-zephyr-eabi/bin/../lib/gcc/arm-zephyr-eabi/14.3.0/../../../../arm-zephyr-eabi/lib/thumb/v7e-m/nofp/space\libc.a(libc_tinystdio_vflprintf.c.o)
 *(SORT_BY_ALIGNMENT(.gnu.linkonce.t.*))
 *(SORT_BY_ALIGNMENT(.glue_7t))
 .glue_7t       0x00005fa0        0x0 linker stubs
 *(SORT_BY_ALIGNMENT(.glue_7))
 .glue_7        0x00005fa0        0x0 linker stubs
 *(SORT_BY_ALIGNMENT(.vfp11_veneer))
 .vfp11_veneer  0x00005fa0        0x0 linker stubs
 *(SORT_BY_ALIGNMENT(.v4_bx))
 .v4_bx         0x00005fa0        0x0 linker stubs
                0x00005fa0                        . = ALIGN (0x4)
                0x00005fa0                        __text_region_end = .

.ARM.exidx      0x00005fa0        0x8
                0x00005fa0                        __exidx_start = .
 *(SORT_BY_ALIGNMENT(.ARM.exidx*) SORT_BY_ALIGNMENT(gnu.linkonce.armexidx.*))
 .ARM.exidx     0x00005fa0        0x8 C:/ncs/toolchains/dcbdc366a1/opt/zephyr-sdk/gnu/arm-zephyr-eabi/bin/../lib/gcc/arm-zephyr-eabi/14.3.0/thumb/v7e-m/nofp/space\libgcc.a(_udivmoddi4.o)
                0x00005fa8                        __exidx_end = .
                0x00005fa8                        __rodata_region_start = .

initlevel       0x00005fa8       0x68
                0x00005fa8                        __init_start = .
                0x00005fa8                        __init_EARLY_start = .
 *(SORT_BY_NAME(SORT_BY_ALIGNMENT(.z_init_EARLY_P_?_*)))
 .z_init_EARLY_P_0_SUB_0_
                0x00005fa8        0x8 zephyr/soc/soc/nrf52840/libsoc__nordic.a(gppi_init.c.obj)
 *(SORT_BY_NAME(SORT_BY_ALIGNMENT(.z_init_EARLY_P_??_*)))
 *(SORT_BY_NAME(SORT_BY_ALIGNMENT(.z_init_EARLY_P_???_*)))
                0x00005fb0                        __init_PRE_KERNEL_1_start = .
 *(SORT_BY_NAME(SORT_BY_ALIGNMENT(.z_init_PRE_KERNEL_1_P_?_*)))
 .z_init_PRE_KERNEL_1_P_0_SUB_0_
                0x00005fb0        0x8 zephyr/soc/soc/nrf52840/libsoc__nordic.a(soc.c.obj)
 *(SORT_BY_NAME(SORT_BY_ALIGNMENT(.z_init_PRE_KERNEL_1_P_??_*)))
 .z_init_PRE_KERNEL_1_P_30_SUB_00078_
                0x00005fb8        0x8 zephyr/drivers/clock_control/libdrivers__clock_control.a(clock_control_nrf.c.obj)
 .z_init_PRE_KERNEL_1_P_30_SUB_0_
                0x00005fc0        0x8 zephyr/kernel/libkernel.a(mem_slab.c.obj)
 .z_init_PRE_KERNEL_1_P_40_SUB_00011_
                0x00005fc8        0x8 zephyr/drivers/gpio/libdrivers__gpio.a(gpio_nrfx.c.obj)
 .z_init_PRE_KERNEL_1_P_40_SUB_00108_
                0x00005fd0        0x8 zephyr/drivers/gpio/libdrivers__gpio.a(gpio_nrfx.c.obj)
 .z_init_PRE_KERNEL_1_P_40_SUB_0_
                0x00005fd8        0x8 modules/nrf/drivers/hw_cc3xx/lib..__nrf__drivers__hw_cc3xx.a(hw_cc3xx.c.obj)
 .z_init_PRE_KERNEL_1_P_50_SUB_00116_
                0x00005fe0        0x8 zephyr/drivers/serial/libdrivers__serial.a(uart_nrfx_uarte.c.obj)
 .z_init_PRE_KERNEL_1_P_60_SUB_0_
                0x00005fe8        0x8 zephyr/drivers/console/libdrivers__console.a(uart_console.c.obj)
 *(SORT_BY_NAME(SORT_BY_ALIGNMENT(.z_init_PRE_KERNEL_1_P_???_*)))
                0x00005ff0                        __init_PRE_KERNEL_2_start = .
 *(SORT_BY_NAME(SORT_BY_ALIGNMENT(.z_init_PRE_KERNEL_2_P_?_*)))
 .z_init_PRE_KERNEL_2_P_0_SUB_0_
                0x00005ff0        0x8 zephyr/drivers/timer/libdrivers__timer.a(nrf_rtc_timer.c.obj)
 *(SORT_BY_NAME(SORT_BY_ALIGNMENT(.z_init_PRE_KERNEL_2_P_??_*)))
 *(SORT_BY_NAME(SORT_BY_ALIGNMENT(.z_init_PRE_KERNEL_2_P_???_*)))
                0x00005ff8                        __init_POST_KERNEL_start = .
 *(SORT_BY_NAME(SORT_BY_ALIGNMENT(.z_init_POST_KERNEL_P_?_*)))
 *(SORT_BY_NAME(SORT_BY_ALIGNMENT(.z_init_POST_KERNEL_P_??_*)))
 .z_init_POST_KERNEL_P_35_SUB_0_
                0x00005ff8        0x8 zephyr/lib/libc/common/liblib__libc__common.a(malloc.c.obj)
 .z_init_POST_KERNEL_P_40_SUB_0_
                0x00006000        0x8 modules/nrf/drivers/hw_cc3xx/lib..__nrf__drivers__hw_cc3xx.a(hw_cc3xx.c.obj)
 *(SORT_BY_NAME(SORT_BY_ALIGNMENT(.z_init_POST_KERNEL_P_???_*)))
                0x00006008                        __init_APPLICATION_start = .
 *(SORT_BY_NAME(SORT_BY_ALIGNMENT(.z_init_APPLICATION_P_?_*)))
 .z_init_APPLICATION_P_0_SUB_0_
                0x00006008        0x8 zephyr/libzephyr.a(banner.c.obj)
 *(SORT_BY_NAME(SORT_BY_ALIGNMENT(.z_init_APPLICATION_P_??_*)))
 *(SORT_BY_NAME(SORT_BY_ALIGNMENT(.z_init_APPLICATION_P_???_*)))
                0x00006010                        __init_SMP_start = .
 *(SORT_BY_NAME(SORT_BY_ALIGNMENT(.z_init_SMP_P_?_*)))
 *(SORT_BY_NAME(SORT_BY_ALIGNMENT(.z_init_SMP_P_??_*)))
 *(SORT_BY_NAME(SORT_BY_ALIGNMENT(.z_init_SMP_P_???_*)))
                0x00006010                        __init_end = .

device_area     0x00006010       0x70
                0x00006010                        _device_list_start = .
 *(SORT_BY_NAME(SORT_BY_ALIGNMENT(._device.static.*_?_*)))
 *(SORT_BY_NAME(SORT_BY_ALIGNMENT(._device.static.*_??_*)))
 ._device.static.1_30_
                0x00006010       0x1c zephyr/drivers/clock_control/libdrivers__clock_control.a(clock_control_nrf.c.obj)
                0x00006010                __device_dts_ord_78
 ._device.static.1_40_
                0x0000602c       0x38 zephyr/drivers/gpio/libdrivers__gpio.a(gpio_nrfx.c.obj)
                0x0000602c                __device_dts_ord_108
                0x00006048                __device_dts_ord_11
 ._device.static.1_50_
                0x00006064       0x1c zephyr/drivers/serial/libdrivers__serial.a(uart_nrfx_uarte.c.obj)
                0x00006064                __device_dts_ord_116
 *(SORT_BY_NAME(SORT_BY_ALIGNMENT(._device.static.*_???_*)))
 *(SORT_BY_NAME(SORT_BY_ALIGNMENT(._device.static.*_????_*)))
 *(SORT_BY_NAME(SORT_BY_ALIGNMENT(._device.static.*_?????_*)))
                0x00006080                        _device_list_end = .

sw_isr_table    0x00006080      0x180
                0x00006080                        . = ALIGN (0x4)
 *(SORT_BY_ALIGNMENT(.gnu.linkonce.sw_isr_table*))
 .gnu.linkonce.sw_isr_table
                0x00006080      0x180 zephyr/arch/common/libisr_tables.a(isr_tables.c.obj)
                0x00006080                _sw_isr_table

initlevel_error
 *(SORT_BY_NAME(SORT_BY_ALIGNMENT(.z_init_*)))
                0x00000001                        ASSERT ((SIZEOF (initlevel_error) == 0x0), Undefined initialization levels used.)

app_shmem_regions
                0x00006200        0x0
                0x00006200                        __app_shmem_regions_start = .
 *(SORT_BY_NAME(SORT_BY_ALIGNMENT(.app_regions.*)))
                0x00006200                        __app_shmem_regions_end = .

k_p4wq_initparam_area
                0x00006200        0x0
                0x00006200                        _k_p4wq_initparam_list_start = .
 *(SORT_BY_NAME(SORT_BY_ALIGNMENT(._k_p4wq_initparam.static.*)))
                0x00006200                        _k_p4wq_initparam_list_end = .

_static_thread_data_area
                0x00006200        0x0
                0x00006200                        __static_thread_data_list_start = .
 *(SORT_BY_NAME(SORT_BY_ALIGNMENT(.__static_thread_data.static.*)))
                0x00006200                        __static_thread_data_list_end = .

device_deps     0x00006200        0x0
                0x00006200                        __device_deps_start = .
 *(SORT_BY_NAME(SORT_BY_ALIGNMENT(.__device_deps_pass2*)))
                0x00006200                        __device_deps_end = .

gpio_driver_api_area
                0x00006200       0x24
                0x00006200                        _gpio_driver_api_list_start = .
 *(SORT_BY_NAME(SORT_BY_ALIGNMENT(._gpio_driver_api.static.*)))
 ._gpio_driver_api.static.gpio_nrfx_drv_api_funcs_
                0x00006200       0x24 zephyr/drivers/gpio/libdrivers__gpio.a(gpio_nrfx.c.obj)
                0x00006224                        _gpio_driver_api_list_end = .

shared_irq_driver_api_area
                0x00006224        0x0
                0x00006224                        _shared_irq_driver_api_list_start = .
 *(SORT_BY_NAME(SORT_BY_ALIGNMENT(._shared_irq_driver_api.static.*)))
                0x00006224                        _shared_irq_driver_api_list_end = .

crypto_driver_api_area
                0x00006224        0x0
                0x00006224                        _crypto_driver_api_list_start = .
 *(SORT_BY_NAME(SORT_BY_ALIGNMENT(._crypto_driver_api.static.*)))
                0x00006224                        _crypto_driver_api_list_end = .

adc_driver_api_area
                0x00006224        0x0
                0x00006224                        _adc_driver_api_list_start = .
 *(SORT_BY_NAME(SORT_BY_ALIGNMENT(._adc_driver_api.static.*)))
                0x00006224                        _adc_driver_api_list_end = .

auxdisplay_driver_api_area
                0x00006224        0x0
                0x00006224                        _auxdisplay_driver_api_list_start = .
 *(SORT_BY_NAME(SORT_BY_ALIGNMENT(._auxdisplay_driver_api.static.*)))
                0x00006224                        _auxdisplay_driver_api_list_end = .

bbram_driver_api_area
                0x00006224        0x0
                0x00006224                        _bbram_driver_api_list_start = .
 *(SORT_BY_NAME(SORT_BY_ALIGNMENT(._bbram_driver_api.static.*)))
                0x00006224                        _bbram_driver_api_list_end = .

biometric_driver_api_area
                0x00006224        0x0
                0x00006224                        _biometric_driver_api_list_start = .
 *(SORT_BY_NAME(SORT_BY_ALIGNMENT(._biometric_driver_api.static.*)))
                0x00006224                        _biometric_driver_api_list_end = .

bt_hci_driver_api_area
                0x00006224        0x0
                0x00006224                        _bt_hci_driver_api_list_start = .
 *(SORT_BY_NAME(SORT_BY_ALIGNMENT(._bt_hci_driver_api.static.*)))
                0x00006224                        _bt_hci_driver_api_list_end = .

can_driver_api_area
                0x00006224        0x0
                0x00006224                        _can_driver_api_list_start = .
 *(SORT_BY_NAME(SORT_BY_ALIGNMENT(._can_driver_api.static.*)))
                0x00006224                        _can_driver_api_list_end = .

cellular_driver_api_area
                0x00006224        0x0
                0x00006224                        _cellular_driver_api_list_start = .
 *(SORT_BY_NAME(SORT_BY_ALIGNMENT(._cellular_driver_api.static.*)))
                0x00006224                        _cellular_driver_api_list_end = .

charger_driver_api_area
                0x00006224        0x0
                0x00006224                        _charger_driver_api_list_start = .
 *(SORT_BY_NAME(SORT_BY_ALIGNMENT(._charger_driver_api.static.*)))
                0x00006224                        _charger_driver_api_list_end = .

clock_control_driver_api_area
                0x00006224       0x1c
                0x00006224                        _clock_control_driver_api_list_start = .
 *(SORT_BY_NAME(SORT_BY_ALIGNMENT(._clock_control_driver_api.static.*)))
 ._clock_control_driver_api.static.clock_control_api_
                0x00006224       0x1c zephyr/drivers/clock_control/libdrivers__clock_control.a(clock_control_nrf.c.obj)
                0x00006240                        _clock_control_driver_api_list_end = .

comparator_driver_api_area
                0x00006240        0x0
                0x00006240                        _comparator_driver_api_list_start = .
 *(SORT_BY_NAME(SORT_BY_ALIGNMENT(._comparator_driver_api.static.*)))
                0x00006240                        _comparator_driver_api_list_end = .

coredump_driver_api_area
                0x00006240        0x0
                0x00006240                        _coredump_driver_api_list_start = .
 *(SORT_BY_NAME(SORT_BY_ALIGNMENT(._coredump_driver_api.static.*)))
                0x00006240                        _coredump_driver_api_list_end = .

counter_driver_api_area
                0x00006240        0x0
                0x00006240                        _counter_driver_api_list_start = .
 *(SORT_BY_NAME(SORT_BY_ALIGNMENT(._counter_driver_api.static.*)))
                0x00006240                        _counter_driver_api_list_end = .

crc_driver_api_area
                0x00006240        0x0
                0x00006240                        _crc_driver_api_list_start = .
 *(SORT_BY_NAME(SORT_BY_ALIGNMENT(._crc_driver_api.static.*)))
                0x00006240                        _crc_driver_api_list_end = .

dac_driver_api_area
                0x00006240        0x0
                0x00006240                        _dac_driver_api_list_start = .
 *(SORT_BY_NAME(SORT_BY_ALIGNMENT(._dac_driver_api.static.*)))
                0x00006240                        _dac_driver_api_list_end = .

dai_driver_api_area
                0x00006240        0x0
                0x00006240                        _dai_driver_api_list_start = .
 *(SORT_BY_NAME(SORT_BY_ALIGNMENT(._dai_driver_api.static.*)))
                0x00006240                        _dai_driver_api_list_end = .

display_driver_api_area
                0x00006240        0x0
                0x00006240                        _display_driver_api_list_start = .
 *(SORT_BY_NAME(SORT_BY_ALIGNMENT(._display_driver_api.static.*)))
                0x00006240                        _display_driver_api_list_end = .

dma_driver_api_area
                0x00006240        0x0
                0x00006240                        _dma_driver_api_list_start = .
 *(SORT_BY_NAME(SORT_BY_ALIGNMENT(._dma_driver_api.static.*)))
                0x00006240                        _dma_driver_api_list_end = .

edac_driver_api_area
                0x00006240        0x0
                0x00006240                        _edac_driver_api_list_start = .
 *(SORT_BY_NAME(SORT_BY_ALIGNMENT(._edac_driver_api.static.*)))
                0x00006240                        _edac_driver_api_list_end = .

eeprom_driver_api_area
                0x00006240        0x0
                0x00006240                        _eeprom_driver_api_list_start = .
 *(SORT_BY_NAME(SORT_BY_ALIGNMENT(._eeprom_driver_api.static.*)))
                0x00006240                        _eeprom_driver_api_list_end = .

emul_bbram_driver_api_area
                0x00006240        0x0
                0x00006240                        _emul_bbram_driver_api_list_start = .
 *(SORT_BY_NAME(SORT_BY_ALIGNMENT(._emul_bbram_driver_api.static.*)))
                0x00006240                        _emul_bbram_driver_api_list_end = .

fuel_gauge_emul_driver_api_area
                0x00006240        0x0
                0x00006240                        _fuel_gauge_emul_driver_api_list_start = .
 *(SORT_BY_NAME(SORT_BY_ALIGNMENT(._fuel_gauge_emul_driver_api.static.*)))
                0x00006240                        _fuel_gauge_emul_driver_api_list_end = .

emul_sensor_driver_api_area
                0x00006240        0x0
                0x00006240                        _emul_sensor_driver_api_list_start = .
 *(SORT_BY_NAME(SORT_BY_ALIGNMENT(._emul_sensor_driver_api.static.*)))
                0x00006240                        _emul_sensor_driver_api_list_end = .

entropy_driver_api_area
                0x00006240        0x0
                0x00006240                        _entropy_driver_api_list_start = .
 *(SORT_BY_NAME(SORT_BY_ALIGNMENT(._entropy_driver_api.static.*)))
                0x00006240                        _entropy_driver_api_list_end = .

espi_driver_api_area
                0x00006240        0x0
                0x00006240                        _espi_driver_api_list_start = .
 *(SORT_BY_NAME(SORT_BY_ALIGNMENT(._espi_driver_api.static.*)))
                0x00006240                        _espi_driver_api_list_end = .

espi_saf_driver_api_area
                0x00006240        0x0
                0x00006240                        _espi_saf_driver_api_list_start = .
 *(SORT_BY_NAME(SORT_BY_ALIGNMENT(._espi_saf_driver_api.static.*)))
                0x00006240                        _espi_saf_driver_api_list_end = .

flash_driver_api_area
                0x00006240        0x0
                0x00006240                        _flash_driver_api_list_start = .
 *(SORT_BY_NAME(SORT_BY_ALIGNMENT(._flash_driver_api.static.*)))
                0x00006240                        _flash_driver_api_list_end = .

fpga_driver_api_area
                0x00006240        0x0
                0x00006240                        _fpga_driver_api_list_start = .
 *(SORT_BY_NAME(SORT_BY_ALIGNMENT(._fpga_driver_api.static.*)))
                0x00006240                        _fpga_driver_api_list_end = .

fuel_gauge_driver_api_area
                0x00006240        0x0
                0x00006240                        _fuel_gauge_driver_api_list_start = .
 *(SORT_BY_NAME(SORT_BY_ALIGNMENT(._fuel_gauge_driver_api.static.*)))
                0x00006240                        _fuel_gauge_driver_api_list_end = .

gnss_driver_api_area
                0x00006240        0x0
                0x00006240                        _gnss_driver_api_list_start = .
 *(SORT_BY_NAME(SORT_BY_ALIGNMENT(._gnss_driver_api.static.*)))
                0x00006240                        _gnss_driver_api_list_end = .

haptics_driver_api_area
                0x00006240        0x0
                0x00006240                        _haptics_driver_api_list_start = .
 *(SORT_BY_NAME(SORT_BY_ALIGNMENT(._haptics_driver_api.static.*)))
                0x00006240                        _haptics_driver_api_list_end = .

hwspinlock_driver_api_area
                0x00006240        0x0
                0x00006240                        _hwspinlock_driver_api_list_start = .
 *(SORT_BY_NAME(SORT_BY_ALIGNMENT(._hwspinlock_driver_api.static.*)))
                0x00006240                        _hwspinlock_driver_api_list_end = .

i2c_driver_api_area
                0x00006240        0x0
                0x00006240                        _i2c_driver_api_list_start = .
 *(SORT_BY_NAME(SORT_BY_ALIGNMENT(._i2c_driver_api.static.*)))
                0x00006240                        _i2c_driver_api_list_end = .

i2c_target_driver_api_area
                0x00006240        0x0
                0x00006240                        _i2c_target_driver_api_list_start = .
 *(SORT_BY_NAME(SORT_BY_ALIGNMENT(._i2c_target_driver_api.static.*)))
                0x00006240                        _i2c_target_driver_api_list_end = .

i2s_driver_api_area
                0x00006240        0x0
                0x00006240                        _i2s_driver_api_list_start = .
 *(SORT_BY_NAME(SORT_BY_ALIGNMENT(._i2s_driver_api.static.*)))
                0x00006240                        _i2s_driver_api_list_end = .

i3c_driver_api_area
                0x00006240        0x0
                0x00006240                        _i3c_driver_api_list_start = .
 *(SORT_BY_NAME(SORT_BY_ALIGNMENT(._i3c_driver_api.static.*)))
                0x00006240                        _i3c_driver_api_list_end = .

ipm_driver_api_area
                0x00006240        0x0
                0x00006240                        _ipm_driver_api_list_start = .
 *(SORT_BY_NAME(SORT_BY_ALIGNMENT(._ipm_driver_api.static.*)))
                0x00006240                        _ipm_driver_api_list_end = .

led_driver_api_area
                0x00006240        0x0
                0x00006240                        _led_driver_api_list_start = .
 *(SORT_BY_NAME(SORT_BY_ALIGNMENT(._led_driver_api.static.*)))
                0x00006240                        _led_driver_api_list_end = .

led_strip_driver_api_area
                0x00006240        0x0
                0x00006240                        _led_strip_driver_api_list_start = .
 *(SORT_BY_NAME(SORT_BY_ALIGNMENT(._led_strip_driver_api.static.*)))
                0x00006240                        _led_strip_driver_api_list_end = .

lora_driver_api_area
                0x00006240        0x0
                0x00006240                        _lora_driver_api_list_start = .
 *(SORT_BY_NAME(SORT_BY_ALIGNMENT(._lora_driver_api.static.*)))
                0x00006240                        _lora_driver_api_list_end = .

mbox_driver_api_area
                0x00006240        0x0
                0x00006240                        _mbox_driver_api_list_start = .
 *(SORT_BY_NAME(SORT_BY_ALIGNMENT(._mbox_driver_api.static.*)))
                0x00006240                        _mbox_driver_api_list_end = .

mdio_driver_api_area
                0x00006240        0x0
                0x00006240                        _mdio_driver_api_list_start = .
 *(SORT_BY_NAME(SORT_BY_ALIGNMENT(._mdio_driver_api.static.*)))
                0x00006240                        _mdio_driver_api_list_end = .

mipi_dbi_driver_api_area
                0x00006240        0x0
                0x00006240                        _mipi_dbi_driver_api_list_start = .
 *(SORT_BY_NAME(SORT_BY_ALIGNMENT(._mipi_dbi_driver_api.static.*)))
                0x00006240                        _mipi_dbi_driver_api_list_end = .

mipi_dsi_driver_api_area
                0x00006240        0x0
                0x00006240                        _mipi_dsi_driver_api_list_start = .
 *(SORT_BY_NAME(SORT_BY_ALIGNMENT(._mipi_dsi_driver_api.static.*)))
                0x00006240                        _mipi_dsi_driver_api_list_end = .

mspi_driver_api_area
                0x00006240        0x0
                0x00006240                        _mspi_driver_api_list_start = .
 *(SORT_BY_NAME(SORT_BY_ALIGNMENT(._mspi_driver_api.static.*)))
                0x00006240                        _mspi_driver_api_list_end = .

opamp_driver_api_area
                0x00006240        0x0
                0x00006240                        _opamp_driver_api_list_start = .
 *(SORT_BY_NAME(SORT_BY_ALIGNMENT(._opamp_driver_api.static.*)))
                0x00006240                        _opamp_driver_api_list_end = .

otp_driver_api_area
                0x00006240        0x0
                0x00006240                        _otp_driver_api_list_start = .
 *(SORT_BY_NAME(SORT_BY_ALIGNMENT(._otp_driver_api.static.*)))
                0x00006240                        _otp_driver_api_list_end = .

peci_driver_api_area
                0x00006240        0x0
                0x00006240                        _peci_driver_api_list_start = .
 *(SORT_BY_NAME(SORT_BY_ALIGNMENT(._peci_driver_api.static.*)))
                0x00006240                        _peci_driver_api_list_end = .

ps2_driver_api_area
                0x00006240        0x0
                0x00006240                        _ps2_driver_api_list_start = .
 *(SORT_BY_NAME(SORT_BY_ALIGNMENT(._ps2_driver_api.static.*)))
                0x00006240                        _ps2_driver_api_list_end = .

ptp_clock_driver_api_area
                0x00006240        0x0
                0x00006240                        _ptp_clock_driver_api_list_start = .
 *(SORT_BY_NAME(SORT_BY_ALIGNMENT(._ptp_clock_driver_api.static.*)))
                0x00006240                        _ptp_clock_driver_api_list_end = .

pwm_driver_api_area
                0x00006240        0x0
                0x00006240                        _pwm_driver_api_list_start = .
 *(SORT_BY_NAME(SORT_BY_ALIGNMENT(._pwm_driver_api.static.*)))
                0x00006240                        _pwm_driver_api_list_end = .

regulator_parent_driver_api_area
                0x00006240        0x0
                0x00006240                        _regulator_parent_driver_api_list_start = .
 *(SORT_BY_NAME(SORT_BY_ALIGNMENT(._regulator_parent_driver_api.static.*)))
                0x00006240                        _regulator_parent_driver_api_list_end = .

regulator_driver_api_area
                0x00006240        0x0
                0x00006240                        _regulator_driver_api_list_start = .
 *(SORT_BY_NAME(SORT_BY_ALIGNMENT(._regulator_driver_api.static.*)))
                0x00006240                        _regulator_driver_api_list_end = .

reset_driver_api_area
                0x00006240        0x0
                0x00006240                        _reset_driver_api_list_start = .
 *(SORT_BY_NAME(SORT_BY_ALIGNMENT(._reset_driver_api.static.*)))
                0x00006240                        _reset_driver_api_list_end = .

retained_mem_driver_api_area
                0x00006240        0x0
                0x00006240                        _retained_mem_driver_api_list_start = .
 *(SORT_BY_NAME(SORT_BY_ALIGNMENT(._retained_mem_driver_api.static.*)))
                0x00006240                        _retained_mem_driver_api_list_end = .

rtc_driver_api_area
                0x00006240        0x0
                0x00006240                        _rtc_driver_api_list_start = .
 *(SORT_BY_NAME(SORT_BY_ALIGNMENT(._rtc_driver_api.static.*)))
                0x00006240                        _rtc_driver_api_list_end = .

sdhc_driver_api_area
                0x00006240        0x0
                0x00006240                        _sdhc_driver_api_list_start = .
 *(SORT_BY_NAME(SORT_BY_ALIGNMENT(._sdhc_driver_api.static.*)))
                0x00006240                        _sdhc_driver_api_list_end = .

sensor_driver_api_area
                0x00006240        0x0
                0x00006240                        _sensor_driver_api_list_start = .
 *(SORT_BY_NAME(SORT_BY_ALIGNMENT(._sensor_driver_api.static.*)))
                0x00006240                        _sensor_driver_api_list_end = .

smbus_driver_api_area
                0x00006240        0x0
                0x00006240                        _smbus_driver_api_list_start = .
 *(SORT_BY_NAME(SORT_BY_ALIGNMENT(._smbus_driver_api.static.*)))
                0x00006240                        _smbus_driver_api_list_end = .

spi_driver_api_area
                0x00006240        0x0
                0x00006240                        _spi_driver_api_list_start = .
 *(SORT_BY_NAME(SORT_BY_ALIGNMENT(._spi_driver_api.static.*)))
                0x00006240                        _spi_driver_api_list_end = .

syscon_driver_api_area
                0x00006240        0x0
                0x00006240                        _syscon_driver_api_list_start = .
 *(SORT_BY_NAME(SORT_BY_ALIGNMENT(._syscon_driver_api.static.*)))
                0x00006240                        _syscon_driver_api_list_end = .

tee_driver_api_area
                0x00006240        0x0
                0x00006240                        _tee_driver_api_list_start = .
 *(SORT_BY_NAME(SORT_BY_ALIGNMENT(._tee_driver_api.static.*)))
                0x00006240                        _tee_driver_api_list_end = .

uaol_driver_api_area
                0x00006240        0x0
                0x00006240                        _uaol_driver_api_list_start = .
 *(SORT_BY_NAME(SORT_BY_ALIGNMENT(._uaol_driver_api.static.*)))
                0x00006240                        _uaol_driver_api_list_end = .

video_driver_api_area
                0x00006240        0x0
                0x00006240                        _video_driver_api_list_start = .
 *(SORT_BY_NAME(SORT_BY_ALIGNMENT(._video_driver_api.static.*)))
                0x00006240                        _video_driver_api_list_end = .

virtio_driver_api_area
                0x00006240        0x0
                0x00006240                        _virtio_driver_api_list_start = .
 *(SORT_BY_NAME(SORT_BY_ALIGNMENT(._virtio_driver_api.static.*)))
                0x00006240                        _virtio_driver_api_list_end = .

w1_driver_api_area
                0x00006240        0x0
                0x00006240                        _w1_driver_api_list_start = .
 *(SORT_BY_NAME(SORT_BY_ALIGNMENT(._w1_driver_api.static.*)))
                0x00006240                        _w1_driver_api_list_end = .

wdt_driver_api_area
                0x00006240        0x0
                0x00006240                        _wdt_driver_api_list_start = .
 *(SORT_BY_NAME(SORT_BY_ALIGNMENT(._wdt_driver_api.static.*)))
                0x00006240                        _wdt_driver_api_list_end = .

wuc_driver_api_area
                0x00006240        0x0
                0x00006240                        _wuc_driver_api_list_start = .
 *(SORT_BY_NAME(SORT_BY_ALIGNMENT(._wuc_driver_api.static.*)))
                0x00006240                        _wuc_driver_api_list_end = .

can_transceiver_driver_api_area
                0x00006240        0x0
                0x00006240                        _can_transceiver_driver_api_list_start = .
 *(SORT_BY_NAME(SORT_BY_ALIGNMENT(._can_transceiver_driver_api.static.*)))
                0x00006240                        _can_transceiver_driver_api_list_end = .

nrf_clock_control_driver_api_area
                0x00006240        0x0
                0x00006240                        _nrf_clock_control_driver_api_list_start = .
 *(SORT_BY_NAME(SORT_BY_ALIGNMENT(._nrf_clock_control_driver_api.static.*)))
                0x00006240                        _nrf_clock_control_driver_api_list_end = .

i3c_target_driver_api_area
                0x00006240        0x0
                0x00006240                        _i3c_target_driver_api_list_start = .
 *(SORT_BY_NAME(SORT_BY_ALIGNMENT(._i3c_target_driver_api.static.*)))
                0x00006240                        _i3c_target_driver_api_list_end = .

its_driver_api_area
                0x00006240        0x0
                0x00006240                        _its_driver_api_list_start = .
 *(SORT_BY_NAME(SORT_BY_ALIGNMENT(._its_driver_api.static.*)))
                0x00006240                        _its_driver_api_list_end = .

vtd_driver_api_area
                0x00006240        0x0
                0x00006240                        _vtd_driver_api_list_start = .
 *(SORT_BY_NAME(SORT_BY_ALIGNMENT(._vtd_driver_api.static.*)))
                0x00006240                        _vtd_driver_api_list_end = .

renesas_elc_driver_api_area
                0x00006240        0x0
                0x00006240                        _renesas_elc_driver_api_list_start = .
 *(SORT_BY_NAME(SORT_BY_ALIGNMENT(._renesas_elc_driver_api.static.*)))
                0x00006240                        _renesas_elc_driver_api_list_end = .

tgpio_driver_api_area
                0x00006240        0x0
                0x00006240                        _tgpio_driver_api_list_start = .
 *(SORT_BY_NAME(SORT_BY_ALIGNMENT(._tgpio_driver_api.static.*)))
                0x00006240                        _tgpio_driver_api_list_end = .

pcie_ctrl_driver_api_area
                0x00006240        0x0
                0x00006240                        _pcie_ctrl_driver_api_list_start = .
 *(SORT_BY_NAME(SORT_BY_ALIGNMENT(._pcie_ctrl_driver_api.static.*)))
                0x00006240                        _pcie_ctrl_driver_api_list_end = .

pcie_ep_driver_api_area
                0x00006240        0x0
                0x00006240                        _pcie_ep_driver_api_list_start = .
 *(SORT_BY_NAME(SORT_BY_ALIGNMENT(._pcie_ep_driver_api.static.*)))
                0x00006240                        _pcie_ep_driver_api_list_end = .

psi5_driver_api_area
                0x00006240        0x0
                0x00006240                        _psi5_driver_api_list_start = .
 *(SORT_BY_NAME(SORT_BY_ALIGNMENT(._psi5_driver_api.static.*)))
                0x00006240                        _psi5_driver_api_list_end = .

sent_driver_api_area
                0x00006240        0x0
                0x00006240                        _sent_driver_api_list_start = .
 *(SORT_BY_NAME(SORT_BY_ALIGNMENT(._sent_driver_api.static.*)))
                0x00006240                        _sent_driver_api_list_end = .

svc_driver_api_area
                0x00006240        0x0
                0x00006240                        _svc_driver_api_list_start = .
 *(SORT_BY_NAME(SORT_BY_ALIGNMENT(._svc_driver_api.static.*)))
                0x00006240                        _svc_driver_api_list_end = .

stepper_driver_api_area
                0x00006240        0x0
                0x00006240                        _stepper_driver_api_list_start = .
 *(SORT_BY_NAME(SORT_BY_ALIGNMENT(._stepper_driver_api.static.*)))
                0x00006240                        _stepper_driver_api_list_end = .

stepper_ctrl_driver_api_area
                0x00006240        0x0
                0x00006240                        _stepper_ctrl_driver_api_list_start = .
 *(SORT_BY_NAME(SORT_BY_ALIGNMENT(._stepper_ctrl_driver_api.static.*)))
                0x00006240                        _stepper_ctrl_driver_api_list_end = .

uart_driver_api_area
                0x00006240       0x24
                0x00006240                        _uart_driver_api_list_start = .
 *(SORT_BY_NAME(SORT_BY_ALIGNMENT(._uart_driver_api.static.*)))
 ._uart_driver_api.static.uart_nrfx_uarte_driver_api_
                0x00006240       0x24 zephyr/drivers/serial/libdrivers__serial.a(uart_nrfx_uarte.c.obj)
                0x00006264                        _uart_driver_api_list_end = .

bc12_emul_driver_api_area
                0x00006264        0x0
                0x00006264                        _bc12_emul_driver_api_list_start = .
 *(SORT_BY_NAME(SORT_BY_ALIGNMENT(._bc12_emul_driver_api.static.*)))
                0x00006264                        _bc12_emul_driver_api_list_end = .

bc12_driver_api_area
                0x00006264        0x0
                0x00006264                        _bc12_driver_api_list_start = .
 *(SORT_BY_NAME(SORT_BY_ALIGNMENT(._bc12_driver_api.static.*)))
                0x00006264                        _bc12_driver_api_list_end = .

usbc_ppc_driver_api_area
                0x00006264        0x0
                0x00006264                        _usbc_ppc_driver_api_list_start = .
 *(SORT_BY_NAME(SORT_BY_ALIGNMENT(._usbc_ppc_driver_api.static.*)))
                0x00006264                        _usbc_ppc_driver_api_list_end = .

tcpc_driver_api_area
                0x00006264        0x0
                0x00006264                        _tcpc_driver_api_list_start = .
 *(SORT_BY_NAME(SORT_BY_ALIGNMENT(._tcpc_driver_api.static.*)))
                0x00006264                        _tcpc_driver_api_list_end = .

usbc_vbus_driver_api_area
                0x00006264        0x0
                0x00006264                        _usbc_vbus_driver_api_list_start = .
 *(SORT_BY_NAME(SORT_BY_ALIGNMENT(._usbc_vbus_driver_api.static.*)))
                0x00006264                        _usbc_vbus_driver_api_list_end = .

ivshmem_driver_api_area
                0x00006264        0x0
                0x00006264                        _ivshmem_driver_api_list_start = .
 *(SORT_BY_NAME(SORT_BY_ALIGNMENT(._ivshmem_driver_api.static.*)))
                0x00006264                        _ivshmem_driver_api_list_end = .

ethphy_driver_api_area
                0x00006264        0x0
                0x00006264                        _ethphy_driver_api_list_start = .
 *(SORT_BY_NAME(SORT_BY_ALIGNMENT(._ethphy_driver_api.static.*)))
                0x00006264                        _ethphy_driver_api_list_end = .

ztest           0x00006264        0x0
                0x00006264                        _ztest_expected_result_entry_list_start = .
 *(SORT_BY_NAME(SORT_BY_ALIGNMENT(._ztest_expected_result_entry.static.*)))
                0x00006264                        _ztest_expected_result_entry_list_end = .
                0x00006264                        _ztest_suite_node_list_start = .
 *(SORT_BY_NAME(SORT_BY_ALIGNMENT(._ztest_suite_node.static.*)))
                0x00006264                        _ztest_suite_node_list_end = .
                0x00006264                        _ztest_unit_test_list_start = .
 *(SORT_BY_NAME(SORT_BY_ALIGNMENT(._ztest_unit_test.static.*)))
                0x00006264                        _ztest_unit_test_list_end = .
                0x00006264                        _ztest_test_rule_list_start = .
 *(SORT_BY_NAME(SORT_BY_ALIGNMENT(._ztest_test_rule.static.*)))
                0x00006264                        _ztest_test_rule_list_end = .

init_array      0x00006264        0x0
                0x00006264                        __zephyr_init_array_start = .
 *(SORT_BY_INIT_PRIORITY(.init_array.*) SORT_BY_INIT_PRIORITY(.ctors.*))
 *(SORT_BY_ALIGNMENT(.init_array) SORT_BY_ALIGNMENT(.ctors))
                0x00006264                        __zephyr_init_array_end = .
                0x00000001                        ASSERT ((__zephyr_init_array_start == __zephyr_init_array_end), GNU-style constructors required but STATIC_INIT_GNU not enabled)

bt_l2cap_fixed_chan_area
                0x00006264        0x0
                0x00006264                        _bt_l2cap_fixed_chan_list_start = .
 *(SORT_BY_NAME(SORT_BY_ALIGNMENT(._bt_l2cap_fixed_chan.static.*)))
                0x00006264                        _bt_l2cap_fixed_chan_list_end = .

bt_gatt_service_static_area
                0x00006264        0x0
                0x00006264                        _bt_gatt_service_static_list_start = .
 *(SORT_BY_NAME(SORT_BY_ALIGNMENT(._bt_gatt_service_static.static.*)))
                0x00006264                        _bt_gatt_service_static_list_end = .

log_strings_area
                0x00006264        0x0
                0x00006264                        _log_strings_list_start = .
 *(SORT_BY_NAME(SORT_BY_ALIGNMENT(._log_strings.static.*)))
                0x00006264                        _log_strings_list_end = .

log_stmesp_ptr_area
                0x00006264        0x0
                0x00006264                        _log_stmesp_ptr_list_start = .
 *(SORT_BY_NAME(SORT_BY_ALIGNMENT(._log_stmesp_ptr.static.*)))
                0x00006264                        _log_stmesp_ptr_list_end = .

log_stmesp_str_area